<?xml version="1.0" encoding="ISO-8859-1" ?>
<link_info>
   <banner>TMS320C2000 Linker PC v22.6.0.LTS</banner>
   <copyright>Copyright (c) 1996-2018 Texas Instruments Incorporated</copyright>
   <link_time>0x6a048a93</link_time>
   <link_errors>0x0</link_errors>
   <output_file>build/debug/AIC32_codec_spi_test4_own.out</output_file>
   <entry_point>
      <name>_c_int00</name>
      <address>0x31611e</address>
   </entry_point>
   <input_file_list>
      <input_file id="fl-2">
         <path>build\debug\source\</path>
         <kind>object</kind>
         <file>DSP2833x_ADC_cal.obj</file>
         <name>DSP2833x_ADC_cal.obj</name>
      </input_file>
      <input_file id="fl-3">
         <path>build\debug\source\</path>
         <kind>object</kind>
         <file>DSP2833x_CodeStartBranch.obj</file>
         <name>DSP2833x_CodeStartBranch.obj</name>
      </input_file>
      <input_file id="fl-4">
         <path>build\debug\source\</path>
         <kind>object</kind>
         <file>DSP2833x_CpuTimers.obj</file>
         <name>DSP2833x_CpuTimers.obj</name>
      </input_file>
      <input_file id="fl-5">
         <path>build\debug\source\</path>
         <kind>object</kind>
         <file>DSP2833x_DefaultIsr.obj</file>
         <name>DSP2833x_DefaultIsr.obj</name>
      </input_file>
      <input_file id="fl-6">
         <path>build\debug\source\</path>
         <kind>object</kind>
         <file>DSP2833x_EPwm.obj</file>
         <name>DSP2833x_EPwm.obj</name>
      </input_file>
      <input_file id="fl-7">
         <path>build\debug\source\</path>
         <kind>object</kind>
         <file>DSP2833x_EQep.obj</file>
         <name>DSP2833x_EQep.obj</name>
      </input_file>
      <input_file id="fl-8">
         <path>build\debug\source\</path>
         <kind>object</kind>
         <file>DSP2833x_GlobalVariableDefs.obj</file>
         <name>DSP2833x_GlobalVariableDefs.obj</name>
      </input_file>
      <input_file id="fl-9">
         <path>build\debug\source\</path>
         <kind>object</kind>
         <file>DSP2833x_Gpio.obj</file>
         <name>DSP2833x_Gpio.obj</name>
      </input_file>
      <input_file id="fl-a">
         <path>build\debug\source\</path>
         <kind>object</kind>
         <file>DSP2833x_I2C.obj</file>
         <name>DSP2833x_I2C.obj</name>
      </input_file>
      <input_file id="fl-b">
         <path>build\debug\source\</path>
         <kind>object</kind>
         <file>DSP2833x_Mcbsp1.obj</file>
         <name>DSP2833x_Mcbsp1.obj</name>
      </input_file>
      <input_file id="fl-c">
         <path>build\debug\source\</path>
         <kind>object</kind>
         <file>DSP2833x_MemCopy.obj</file>
         <name>DSP2833x_MemCopy.obj</name>
      </input_file>
      <input_file id="fl-d">
         <path>build\debug\source\</path>
         <kind>object</kind>
         <file>DSP2833x_PieCtrl.obj</file>
         <name>DSP2833x_PieCtrl.obj</name>
      </input_file>
      <input_file id="fl-e">
         <path>build\debug\source\</path>
         <kind>object</kind>
         <file>DSP2833x_PieVect.obj</file>
         <name>DSP2833x_PieVect.obj</name>
      </input_file>
      <input_file id="fl-f">
         <path>build\debug\source\</path>
         <kind>object</kind>
         <file>DSP2833x_Sci.obj</file>
         <name>DSP2833x_Sci.obj</name>
      </input_file>
      <input_file id="fl-10">
         <path>build\debug\source\</path>
         <kind>object</kind>
         <file>DSP2833x_Spi.obj</file>
         <name>DSP2833x_Spi.obj</name>
      </input_file>
      <input_file id="fl-11">
         <path>build\debug\source\</path>
         <kind>object</kind>
         <file>DSP2833x_SysCtrl.obj</file>
         <name>DSP2833x_SysCtrl.obj</name>
      </input_file>
      <input_file id="fl-12">
         <path>build\debug\source\</path>
         <kind>object</kind>
         <file>DSP2833x_Xintf.obj</file>
         <name>DSP2833x_Xintf.obj</name>
      </input_file>
      <input_file id="fl-13">
         <path>build\debug\source\</path>
         <kind>object</kind>
         <file>DSP2833x_usDelay.obj</file>
         <name>DSP2833x_usDelay.obj</name>
      </input_file>
      <input_file id="fl-14">
         <path>build\debug\user\</path>
         <kind>object</kind>
         <file>student_codec_app.obj</file>
         <name>student_codec_app.obj</name>
      </input_file>
      <input_file id="fl-2a">
         <kind>object</kind>
         <file>&lt;internal&gt;</file>
         <name>&lt;internal&gt;</name>
      </input_file>
      <input_file id="fl-2b">
         <path>lib\release\lib\</path>
         <kind>archive</kind>
         <file>audio_lib.lib</file>
         <name>audio.obj</name>
      </input_file>
      <input_file id="fl-2c">
         <path>lib\release\lib\</path>
         <kind>archive</kind>
         <file>audio_lib.lib</file>
         <name>wavreader.obj</name>
      </input_file>
      <input_file id="fl-2d">
         <path>lib\release\lib\</path>
         <kind>archive</kind>
         <file>audio_lib.lib</file>
         <name>ietf_fo.obj</name>
      </input_file>
      <input_file id="fl-2e">
         <path>lib\release\lib\</path>
         <kind>archive</kind>
         <file>audio_lib.lib</file>
         <name>ietf_in.obj</name>
      </input_file>
      <input_file id="fl-2f">
         <path>lib\release\lib\</path>
         <kind>archive</kind>
         <file>audio_lib.lib</file>
         <name>dec_main.obj</name>
      </input_file>
      <input_file id="fl-30">
         <path>lib\release\lib\</path>
         <kind>archive</kind>
         <file>audio_lib.lib</file>
         <name>post_pro.obj</name>
      </input_file>
      <input_file id="fl-31">
         <path>lib\release\lib\</path>
         <kind>archive</kind>
         <file>audio_lib.lib</file>
         <name>pstfilt.obj</name>
      </input_file>
      <input_file id="fl-32">
         <path>lib\release\lib\</path>
         <kind>archive</kind>
         <file>audio_lib.lib</file>
         <name>basicop2.obj</name>
      </input_file>
      <input_file id="fl-33">
         <path>lib\release\lib\</path>
         <kind>archive</kind>
         <file>audio_lib.lib</file>
         <name>ietf_hdr.obj</name>
      </input_file>
      <input_file id="fl-34">
         <path>lib\release\lib\</path>
         <kind>archive</kind>
         <file>audio_lib.lib</file>
         <name>enc_main.obj</name>
      </input_file>
      <input_file id="fl-35">
         <path>lib\release\lib\</path>
         <kind>archive</kind>
         <file>audio_lib.lib</file>
         <name>pre_proc.obj</name>
      </input_file>
      <input_file id="fl-36">
         <path>lib\release\lib\</path>
         <kind>archive</kind>
         <file>audio_lib.lib</file>
         <name>weight_a.obj</name>
      </input_file>
      <input_file id="fl-37">
         <path>lib\release\lib\</path>
         <kind>archive</kind>
         <file>audio_lib.lib</file>
         <name>ietf_out.obj</name>
      </input_file>
      <input_file id="fl-38">
         <path>lib\release\lib\</path>
         <kind>archive</kind>
         <file>audio_lib.lib</file>
         <name>agc.obj</name>
      </input_file>
      <input_file id="fl-39">
         <path>lib\release\lib\</path>
         <kind>archive</kind>
         <file>audio_lib.lib</file>
         <name>prmno.obj</name>
      </input_file>
      <input_file id="fl-3a">
         <path>lib\release\lib\</path>
         <kind>archive</kind>
         <file>audio_lib.lib</file>
         <name>if1_unpack.obj</name>
      </input_file>
      <input_file id="fl-3b">
         <path>lib\release\lib\</path>
         <kind>archive</kind>
         <file>audio_lib.lib</file>
         <name>bits2prm.obj</name>
      </input_file>
      <input_file id="fl-3c">
         <path>lib\release\lib\</path>
         <kind>archive</kind>
         <file>audio_lib.lib</file>
         <name>bitno.obj</name>
      </input_file>
      <input_file id="fl-3d">
         <path>lib\release\lib\</path>
         <kind>archive</kind>
         <file>audio_lib.lib</file>
         <name>if1_bit_order.obj</name>
      </input_file>
      <input_file id="fl-3e">
         <path>lib\release\lib\</path>
         <kind>archive</kind>
         <file>audio_lib.lib</file>
         <name>dec_amr.obj</name>
      </input_file>
      <input_file id="fl-3f">
         <path>lib\release\lib\</path>
         <kind>archive</kind>
         <file>audio_lib.lib</file>
         <name>dhf_check.obj</name>
      </input_file>
      <input_file id="fl-40">
         <path>lib\release\lib\</path>
         <kind>archive</kind>
         <file>audio_lib.lib</file>
         <name>lsp_tab.obj</name>
      </input_file>
      <input_file id="fl-41">
         <path>lib\release\lib\</path>
         <kind>archive</kind>
         <file>audio_lib.lib</file>
         <name>dec_lag3.obj</name>
      </input_file>
      <input_file id="fl-42">
         <path>lib\release\lib\</path>
         <kind>archive</kind>
         <file>audio_lib.lib</file>
         <name>prm2bits.obj</name>
      </input_file>
      <input_file id="fl-43">
         <path>lib\release\lib\</path>
         <kind>archive</kind>
         <file>audio_lib.lib</file>
         <name>oper_32b.obj</name>
      </input_file>
      <input_file id="fl-44">
         <path>lib\release\lib\</path>
         <kind>archive</kind>
         <file>audio_lib.lib</file>
         <name>residu.obj</name>
      </input_file>
      <input_file id="fl-45">
         <path>lib\release\lib\</path>
         <kind>archive</kind>
         <file>audio_lib.lib</file>
         <name>d_plsf.obj</name>
      </input_file>
      <input_file id="fl-46">
         <path>lib\release\lib\</path>
         <kind>archive</kind>
         <file>audio_lib.lib</file>
         <name>syn_filt.obj</name>
      </input_file>
      <input_file id="fl-47">
         <path>lib\release\lib\</path>
         <kind>archive</kind>
         <file>audio_lib.lib</file>
         <name>inv_sqrt.obj</name>
      </input_file>
      <input_file id="fl-48">
         <path>lib\release\lib\</path>
         <kind>archive</kind>
         <file>audio_lib.lib</file>
         <name>d2_9pf.obj</name>
      </input_file>
      <input_file id="fl-49">
         <path>lib\release\lib\</path>
         <kind>archive</kind>
         <file>audio_lib.lib</file>
         <name>d_gain_p.obj</name>
      </input_file>
      <input_file id="fl-4a">
         <path>lib\release\lib\</path>
         <kind>archive</kind>
         <file>audio_lib.lib</file>
         <name>dec_lag6.obj</name>
      </input_file>
      <input_file id="fl-4b">
         <path>lib\release\lib\</path>
         <kind>archive</kind>
         <file>audio_lib.lib</file>
         <name>int_lpc.obj</name>
      </input_file>
      <input_file id="fl-4c">
         <path>lib\release\lib\</path>
         <kind>archive</kind>
         <file>audio_lib.lib</file>
         <name>c_g_aver.obj</name>
      </input_file>
      <input_file id="fl-4d">
         <path>lib\release\lib\</path>
         <kind>archive</kind>
         <file>audio_lib.lib</file>
         <name>e_homing.obj</name>
      </input_file>
      <input_file id="fl-4e">
         <path>lib\release\lib\</path>
         <kind>archive</kind>
         <file>audio_lib.lib</file>
         <name>b_cn_cod.obj</name>
      </input_file>
      <input_file id="fl-4f">
         <path>lib\release\lib\</path>
         <kind>archive</kind>
         <file>audio_lib.lib</file>
         <name>ec_gains.obj</name>
      </input_file>
      <input_file id="fl-50">
         <path>lib\release\lib\</path>
         <kind>archive</kind>
         <file>audio_lib.lib</file>
         <name>sid_sync.obj</name>
      </input_file>
      <input_file id="fl-51">
         <path>lib\release\lib\</path>
         <kind>archive</kind>
         <file>audio_lib.lib</file>
         <name>preemph.obj</name>
      </input_file>
      <input_file id="fl-52">
         <path>lib\release\lib\</path>
         <kind>archive</kind>
         <file>audio_lib.lib</file>
         <name>int_lsf.obj</name>
      </input_file>
      <input_file id="fl-53">
         <path>lib\release\lib\</path>
         <kind>archive</kind>
         <file>audio_lib.lib</file>
         <name>bgnscd.obj</name>
      </input_file>
      <input_file id="fl-54">
         <path>lib\release\lib\</path>
         <kind>archive</kind>
         <file>audio_lib.lib</file>
         <name>dhf_tables.obj</name>
      </input_file>
      <input_file id="fl-55">
         <path>lib\release\lib\</path>
         <kind>archive</kind>
         <file>audio_lib.lib</file>
         <name>pred_lt.obj</name>
      </input_file>
      <input_file id="fl-56">
         <path>lib\release\lib\</path>
         <kind>archive</kind>
         <file>audio_lib.lib</file>
         <name>d3_14pf.obj</name>
      </input_file>
      <input_file id="fl-57">
         <path>lib\release\lib\</path>
         <kind>archive</kind>
         <file>audio_lib.lib</file>
         <name>d_plsf_5.obj</name>
      </input_file>
      <input_file id="fl-58">
         <path>lib\release\lib\</path>
         <kind>archive</kind>
         <file>audio_lib.lib</file>
         <name>d_gain_c.obj</name>
      </input_file>
      <input_file id="fl-59">
         <path>lib\release\lib\</path>
         <kind>archive</kind>
         <file>audio_lib.lib</file>
         <name>ex_ctrl.obj</name>
      </input_file>
      <input_file id="fl-5a">
         <path>lib\release\lib\</path>
         <kind>archive</kind>
         <file>audio_lib.lib</file>
         <name>if1_pack.obj</name>
      </input_file>
      <input_file id="fl-5b">
         <path>lib\release\lib\</path>
         <kind>archive</kind>
         <file>audio_lib.lib</file>
         <name>cod_amr.obj</name>
      </input_file>
      <input_file id="fl-5c">
         <path>lib\release\lib\</path>
         <kind>archive</kind>
         <file>audio_lib.lib</file>
         <name>vad2.obj</name>
      </input_file>
      <input_file id="fl-5d">
         <path>lib\release\lib\</path>
         <kind>archive</kind>
         <file>audio_lib.lib</file>
         <name>d_plsf_3.obj</name>
      </input_file>
      <input_file id="fl-5e">
         <path>lib\release\lib\</path>
         <kind>archive</kind>
         <file>audio_lib.lib</file>
         <name>gain_q.obj</name>
      </input_file>
      <input_file id="fl-5f">
         <path>lib\release\lib\</path>
         <kind>archive</kind>
         <file>audio_lib.lib</file>
         <name>d8_31pf.obj</name>
      </input_file>
      <input_file id="fl-60">
         <path>lib\release\lib\</path>
         <kind>archive</kind>
         <file>audio_lib.lib</file>
         <name>dtx_enc.obj</name>
      </input_file>
      <input_file id="fl-61">
         <path>lib\release\lib\</path>
         <kind>archive</kind>
         <file>audio_lib.lib</file>
         <name>q_plsf5_tab.obj</name>
      </input_file>
      <input_file id="fl-62">
         <path>lib\release\lib\</path>
         <kind>archive</kind>
         <file>audio_lib.lib</file>
         <name>q_gain_c.obj</name>
      </input_file>
      <input_file id="fl-63">
         <path>lib\release\lib\</path>
         <kind>archive</kind>
         <file>audio_lib.lib</file>
         <name>ph_disp.obj</name>
      </input_file>
      <input_file id="fl-64">
         <path>lib\release\lib\</path>
         <kind>archive</kind>
         <file>audio_lib.lib</file>
         <name>d4_17pf.obj</name>
      </input_file>
      <input_file id="fl-65">
         <path>lib\release\lib\</path>
         <kind>archive</kind>
         <file>audio_lib.lib</file>
         <name>vad1.obj</name>
      </input_file>
      <input_file id="fl-66">
         <path>lib\release\lib\</path>
         <kind>archive</kind>
         <file>audio_lib.lib</file>
         <name>sqrt_l.obj</name>
      </input_file>
      <input_file id="fl-67">
         <path>lib\release\lib\</path>
         <kind>archive</kind>
         <file>audio_lib.lib</file>
         <name>d1035pf.obj</name>
      </input_file>
      <input_file id="fl-68">
         <path>lib\release\lib\</path>
         <kind>archive</kind>
         <file>audio_lib.lib</file>
         <name>lsp_avg.obj</name>
      </input_file>
      <input_file id="fl-69">
         <path>lib\release\lib\</path>
         <kind>archive</kind>
         <file>audio_lib.lib</file>
         <name>lsp.obj</name>
      </input_file>
      <input_file id="fl-6a">
         <path>lib\release\lib\</path>
         <kind>archive</kind>
         <file>audio_lib.lib</file>
         <name>dtx_dec.obj</name>
      </input_file>
      <input_file id="fl-6b">
         <path>lib\release\lib\</path>
         <kind>archive</kind>
         <file>audio_lib.lib</file>
         <name>cbsearch.obj</name>
      </input_file>
      <input_file id="fl-6c">
         <path>lib\release\lib\</path>
         <kind>archive</kind>
         <file>audio_lib.lib</file>
         <name>gc_pred.obj</name>
      </input_file>
      <input_file id="fl-6d">
         <path>lib\release\lib\</path>
         <kind>archive</kind>
         <file>audio_lib.lib</file>
         <name>lpc.obj</name>
      </input_file>
      <input_file id="fl-6e">
         <path>lib\release\lib\</path>
         <kind>archive</kind>
         <file>audio_lib.lib</file>
         <name>az_lsp.obj</name>
      </input_file>
      <input_file id="fl-6f">
         <path>lib\release\lib\</path>
         <kind>archive</kind>
         <file>audio_lib.lib</file>
         <name>gmed_n.obj</name>
      </input_file>
      <input_file id="fl-70">
         <path>lib\release\lib\</path>
         <kind>archive</kind>
         <file>audio_lib.lib</file>
         <name>lsp_lsf.obj</name>
      </input_file>
      <input_file id="fl-71">
         <path>lib\release\lib\</path>
         <kind>archive</kind>
         <file>audio_lib.lib</file>
         <name>dec_gain.obj</name>
      </input_file>
      <input_file id="fl-72">
         <path>lib\release\lib\</path>
         <kind>archive</kind>
         <file>audio_lib.lib</file>
         <name>r_fft.obj</name>
      </input_file>
      <input_file id="fl-73">
         <path>lib\release\lib\</path>
         <kind>archive</kind>
         <file>audio_lib.lib</file>
         <name>pre_big.obj</name>
      </input_file>
      <input_file id="fl-74">
         <path>lib\release\lib\</path>
         <kind>archive</kind>
         <file>audio_lib.lib</file>
         <name>p_ol_wgh.obj</name>
      </input_file>
      <input_file id="fl-75">
         <path>lib\release\lib\</path>
         <kind>archive</kind>
         <file>audio_lib.lib</file>
         <name>calc_en.obj</name>
      </input_file>
      <input_file id="fl-76">
         <path>lib\release\lib\</path>
         <kind>archive</kind>
         <file>audio_lib.lib</file>
         <name>q_plsf3_tab.obj</name>
      </input_file>
      <input_file id="fl-77">
         <path>lib\release\lib\</path>
         <kind>archive</kind>
         <file>audio_lib.lib</file>
         <name>graytab.obj</name>
      </input_file>
      <input_file id="fl-78">
         <path>lib\release\lib\</path>
         <kind>archive</kind>
         <file>audio_lib.lib</file>
         <name>spreproc.obj</name>
      </input_file>
      <input_file id="fl-79">
         <path>lib\release\lib\</path>
         <kind>archive</kind>
         <file>audio_lib.lib</file>
         <name>d2_11pf.obj</name>
      </input_file>
      <input_file id="fl-7a">
         <path>lib\release\lib\</path>
         <kind>archive</kind>
         <file>audio_lib.lib</file>
         <name>levinson.obj</name>
      </input_file>
      <input_file id="fl-7b">
         <path>lib\release\lib\</path>
         <kind>archive</kind>
         <file>audio_lib.lib</file>
         <name>hp_max.obj</name>
      </input_file>
      <input_file id="fl-7c">
         <path>lib\release\lib\</path>
         <kind>archive</kind>
         <file>audio_lib.lib</file>
         <name>lflg_upd.obj</name>
      </input_file>
      <input_file id="fl-7d">
         <path>lib\release\lib\</path>
         <kind>archive</kind>
         <file>audio_lib.lib</file>
         <name>q_plsf_5.obj</name>
      </input_file>
      <input_file id="fl-7e">
         <path>lib\release\lib\</path>
         <kind>archive</kind>
         <file>audio_lib.lib</file>
         <name>window.obj</name>
      </input_file>
      <input_file id="fl-7f">
         <path>lib\release\lib\</path>
         <kind>archive</kind>
         <file>audio_lib.lib</file>
         <name>c8_31pf.obj</name>
      </input_file>
      <input_file id="fl-80">
         <path>lib\release\lib\</path>
         <kind>archive</kind>
         <file>audio_lib.lib</file>
         <name>lsfwt.obj</name>
      </input_file>
      <input_file id="fl-81">
         <path>lib\release\lib\</path>
         <kind>archive</kind>
         <file>audio_lib.lib</file>
         <name>lsp_az.obj</name>
      </input_file>
      <input_file id="fl-82">
         <path>lib\release\lib\</path>
         <kind>archive</kind>
         <file>audio_lib.lib</file>
         <name>ton_stab.obj</name>
      </input_file>
      <input_file id="fl-83">
         <path>lib\release\lib\</path>
         <kind>archive</kind>
         <file>audio_lib.lib</file>
         <name>gains_tab.obj</name>
      </input_file>
      <input_file id="fl-84">
         <path>lib\release\lib\</path>
         <kind>archive</kind>
         <file>audio_lib.lib</file>
         <name>c4_17pf.obj</name>
      </input_file>
      <input_file id="fl-85">
         <path>lib\release\lib\</path>
         <kind>archive</kind>
         <file>audio_lib.lib</file>
         <name>autocorr.obj</name>
      </input_file>
      <input_file id="fl-86">
         <path>lib\release\lib\</path>
         <kind>archive</kind>
         <file>audio_lib.lib</file>
         <name>cor_h.obj</name>
      </input_file>
      <input_file id="fl-87">
         <path>lib\release\lib\</path>
         <kind>archive</kind>
         <file>audio_lib.lib</file>
         <name>spstproc.obj</name>
      </input_file>
      <input_file id="fl-88">
         <path>lib\release\lib\</path>
         <kind>archive</kind>
         <file>audio_lib.lib</file>
         <name>c2_11pf.obj</name>
      </input_file>
      <input_file id="fl-89">
         <path>lib\release\lib\</path>
         <kind>archive</kind>
         <file>audio_lib.lib</file>
         <name>g_code.obj</name>
      </input_file>
      <input_file id="fl-8a">
         <path>lib\release\lib\</path>
         <kind>archive</kind>
         <file>audio_lib.lib</file>
         <name>lag_wind.obj</name>
      </input_file>
      <input_file id="fl-8b">
         <path>lib\release\lib\</path>
         <kind>archive</kind>
         <file>audio_lib.lib</file>
         <name>g_adapt.obj</name>
      </input_file>
      <input_file id="fl-8c">
         <path>lib\release\lib\</path>
         <kind>archive</kind>
         <file>audio_lib.lib</file>
         <name>a_refl.obj</name>
      </input_file>
      <input_file id="fl-8d">
         <path>lib\release\lib\</path>
         <kind>archive</kind>
         <file>audio_lib.lib</file>
         <name>pow2.obj</name>
      </input_file>
      <input_file id="fl-8e">
         <path>lib\release\lib\</path>
         <kind>archive</kind>
         <file>audio_lib.lib</file>
         <name>c1035pf.obj</name>
      </input_file>
      <input_file id="fl-8f">
         <path>lib\release\lib\</path>
         <kind>archive</kind>
         <file>audio_lib.lib</file>
         <name>qgain475.obj</name>
      </input_file>
      <input_file id="fl-90">
         <path>lib\release\lib\</path>
         <kind>archive</kind>
         <file>audio_lib.lib</file>
         <name>calc_cor.obj</name>
      </input_file>
      <input_file id="fl-91">
         <path>lib\release\lib\</path>
         <kind>archive</kind>
         <file>audio_lib.lib</file>
         <name>c3_14pf.obj</name>
      </input_file>
      <input_file id="fl-92">
         <path>lib\release\lib\</path>
         <kind>archive</kind>
         <file>audio_lib.lib</file>
         <name>ol_ltp.obj</name>
      </input_file>
      <input_file id="fl-93">
         <path>lib\release\lib\</path>
         <kind>archive</kind>
         <file>audio_lib.lib</file>
         <name>log2.obj</name>
      </input_file>
      <input_file id="fl-94">
         <path>lib\release\lib\</path>
         <kind>archive</kind>
         <file>audio_lib.lib</file>
         <name>reorder.obj</name>
      </input_file>
      <input_file id="fl-95">
         <path>lib\release\lib\</path>
         <kind>archive</kind>
         <file>audio_lib.lib</file>
         <name>cl_ltp.obj</name>
      </input_file>
      <input_file id="fl-96">
         <path>lib\release\lib\</path>
         <kind>archive</kind>
         <file>audio_lib.lib</file>
         <name>convolve.obj</name>
      </input_file>
      <input_file id="fl-97">
         <path>lib\release\lib\</path>
         <kind>archive</kind>
         <file>audio_lib.lib</file>
         <name>vad_reset.obj</name>
      </input_file>
      <input_file id="fl-98">
         <path>lib\release\lib\</path>
         <kind>archive</kind>
         <file>audio_lib.lib</file>
         <name>qua_gain.obj</name>
      </input_file>
      <input_file id="fl-99">
         <path>lib\release\lib\</path>
         <kind>archive</kind>
         <file>audio_lib.lib</file>
         <name>qgain795.obj</name>
      </input_file>
      <input_file id="fl-9a">
         <path>lib\release\lib\</path>
         <kind>archive</kind>
         <file>audio_lib.lib</file>
         <name>c2_9pf.obj</name>
      </input_file>
      <input_file id="fl-9b">
         <path>lib\release\lib\</path>
         <kind>archive</kind>
         <file>audio_lib.lib</file>
         <name>q_plsf_3.obj</name>
      </input_file>
      <input_file id="fl-9c">
         <path>lib\release\lib\</path>
         <kind>archive</kind>
         <file>audio_lib.lib</file>
         <name>mac_32.obj</name>
      </input_file>
      <input_file id="fl-9d">
         <path>lib\release\lib\</path>
         <kind>archive</kind>
         <file>audio_lib.lib</file>
         <name>pitch_fr.obj</name>
      </input_file>
      <input_file id="fl-9e">
         <path>lib\release\lib\</path>
         <kind>archive</kind>
         <file>audio_lib.lib</file>
         <name>q_gain_p.obj</name>
      </input_file>
      <input_file id="fl-9f">
         <path>lib\release\lib\</path>
         <kind>archive</kind>
         <file>audio_lib.lib</file>
         <name>qua_gain_tab.obj</name>
      </input_file>
      <input_file id="fl-a0">
         <path>lib\release\lib\</path>
         <kind>archive</kind>
         <file>audio_lib.lib</file>
         <name>q_plsf.obj</name>
      </input_file>
      <input_file id="fl-a1">
         <path>lib\release\lib\</path>
         <kind>archive</kind>
         <file>audio_lib.lib</file>
         <name>pitch_ol.obj</name>
      </input_file>
      <input_file id="fl-a2">
         <path>lib\release\lib\</path>
         <kind>archive</kind>
         <file>audio_lib.lib</file>
         <name>set_sign.obj</name>
      </input_file>
      <input_file id="fl-a3">
         <path>lib\release\lib\</path>
         <kind>archive</kind>
         <file>audio_lib.lib</file>
         <name>s10_8pf.obj</name>
      </input_file>
      <input_file id="fl-a4">
         <path>lib\release\lib\</path>
         <kind>archive</kind>
         <file>audio_lib.lib</file>
         <name>enc_lag3.obj</name>
      </input_file>
      <input_file id="fl-a5">
         <path>lib\release\lib\</path>
         <kind>archive</kind>
         <file>audio_lib.lib</file>
         <name>inter_36.obj</name>
      </input_file>
      <input_file id="fl-a6">
         <path>lib\release\lib\</path>
         <kind>archive</kind>
         <file>audio_lib.lib</file>
         <name>g_pitch.obj</name>
      </input_file>
      <input_file id="fl-a7">
         <path>lib\release\lib\</path>
         <kind>archive</kind>
         <file>audio_lib.lib</file>
         <name>enc_lag6.obj</name>
      </input_file>
      <input_file id="fl-a8">
         <path>lib\release\lib\</path>
         <kind>archive</kind>
         <file>codec_service_lib.lib</file>
         <name>codec_service.obj</name>
      </input_file>
      <input_file id="fl-a9">
         <path>lib\release\lib\</path>
         <kind>archive</kind>
         <file>exint_lib.lib</file>
         <name>exint.obj</name>
      </input_file>
      <input_file id="fl-aa">
         <path>lib\release\lib\</path>
         <kind>archive</kind>
         <file>led_lib.lib</file>
         <name>leds.obj</name>
      </input_file>
      <input_file id="fl-ab">
         <path>lib\release\lib\</path>
         <kind>archive</kind>
         <file>spi_lib.lib</file>
         <name>spi.obj</name>
      </input_file>
      <input_file id="fl-ac">
         <path>lib\release\lib\</path>
         <kind>archive</kind>
         <file>timer0_lib.lib</file>
         <name>timer.obj</name>
      </input_file>
      <input_file id="fl-ad">
         <path>lib\release\lib\</path>
         <kind>archive</kind>
         <file>uarta_lib.lib</file>
         <name>uart.obj</name>
      </input_file>
      <input_file id="fl-b9">
         <path>F:\ti\CCS8.3\ccsv8\tools\compiler\ti-cgt-c2000_22.6.0.LTS\lib\</path>
         <kind>archive</kind>
         <file>rts2800_fpu32.lib</file>
         <name>printf.c.obj</name>
      </input_file>
      <input_file id="fl-ba">
         <path>F:\ti\CCS8.3\ccsv8\tools\compiler\ti-cgt-c2000_22.6.0.LTS\lib\</path>
         <kind>archive</kind>
         <file>rts2800_fpu32.lib</file>
         <name>_printfi.c.obj</name>
      </input_file>
      <input_file id="fl-bb">
         <path>F:\ti\CCS8.3\ccsv8\tools\compiler\ti-cgt-c2000_22.6.0.LTS\lib\</path>
         <kind>archive</kind>
         <file>rts2800_fpu32.lib</file>
         <name>sprintf.c.obj</name>
      </input_file>
      <input_file id="fl-bc">
         <path>F:\ti\CCS8.3\ccsv8\tools\compiler\ti-cgt-c2000_22.6.0.LTS\lib\</path>
         <kind>archive</kind>
         <file>rts2800_fpu32.lib</file>
         <name>fclose.c.obj</name>
      </input_file>
      <input_file id="fl-bd">
         <path>F:\ti\CCS8.3\ccsv8\tools\compiler\ti-cgt-c2000_22.6.0.LTS\lib\</path>
         <kind>archive</kind>
         <file>rts2800_fpu32.lib</file>
         <name>feof.c.obj</name>
      </input_file>
      <input_file id="fl-be">
         <path>F:\ti\CCS8.3\ccsv8\tools\compiler\ti-cgt-c2000_22.6.0.LTS\lib\</path>
         <kind>archive</kind>
         <file>rts2800_fpu32.lib</file>
         <name>fflush.c.obj</name>
      </input_file>
      <input_file id="fl-bf">
         <path>F:\ti\CCS8.3\ccsv8\tools\compiler\ti-cgt-c2000_22.6.0.LTS\lib\</path>
         <kind>archive</kind>
         <file>rts2800_fpu32.lib</file>
         <name>fgetc.c.obj</name>
      </input_file>
      <input_file id="fl-c0">
         <path>F:\ti\CCS8.3\ccsv8\tools\compiler\ti-cgt-c2000_22.6.0.LTS\lib\</path>
         <kind>archive</kind>
         <file>rts2800_fpu32.lib</file>
         <name>fopen.c.obj</name>
      </input_file>
      <input_file id="fl-c1">
         <path>F:\ti\CCS8.3\ccsv8\tools\compiler\ti-cgt-c2000_22.6.0.LTS\lib\</path>
         <kind>archive</kind>
         <file>rts2800_fpu32.lib</file>
         <name>fputc.c.obj</name>
      </input_file>
      <input_file id="fl-c2">
         <path>F:\ti\CCS8.3\ccsv8\tools\compiler\ti-cgt-c2000_22.6.0.LTS\lib\</path>
         <kind>archive</kind>
         <file>rts2800_fpu32.lib</file>
         <name>fputs.c.obj</name>
      </input_file>
      <input_file id="fl-c3">
         <path>F:\ti\CCS8.3\ccsv8\tools\compiler\ti-cgt-c2000_22.6.0.LTS\lib\</path>
         <kind>archive</kind>
         <file>rts2800_fpu32.lib</file>
         <name>fread.c.obj</name>
      </input_file>
      <input_file id="fl-c4">
         <path>F:\ti\CCS8.3\ccsv8\tools\compiler\ti-cgt-c2000_22.6.0.LTS\lib\</path>
         <kind>archive</kind>
         <file>rts2800_fpu32.lib</file>
         <name>fseek.c.obj</name>
      </input_file>
      <input_file id="fl-c5">
         <path>F:\ti\CCS8.3\ccsv8\tools\compiler\ti-cgt-c2000_22.6.0.LTS\lib\</path>
         <kind>archive</kind>
         <file>rts2800_fpu32.lib</file>
         <name>ftell.c.obj</name>
      </input_file>
      <input_file id="fl-c6">
         <path>F:\ti\CCS8.3\ccsv8\tools\compiler\ti-cgt-c2000_22.6.0.LTS\lib\</path>
         <kind>archive</kind>
         <file>rts2800_fpu32.lib</file>
         <name>_bufread.c.obj</name>
      </input_file>
      <input_file id="fl-c7">
         <path>F:\ti\CCS8.3\ccsv8\tools\compiler\ti-cgt-c2000_22.6.0.LTS\lib\</path>
         <kind>archive</kind>
         <file>rts2800_fpu32.lib</file>
         <name>_io_perm.c.obj</name>
      </input_file>
      <input_file id="fl-c8">
         <path>F:\ti\CCS8.3\ccsv8\tools\compiler\ti-cgt-c2000_22.6.0.LTS\lib\</path>
         <kind>archive</kind>
         <file>rts2800_fpu32.lib</file>
         <name>setvbuf.c.obj</name>
      </input_file>
      <input_file id="fl-c9">
         <path>F:\ti\CCS8.3\ccsv8\tools\compiler\ti-cgt-c2000_22.6.0.LTS\lib\</path>
         <kind>archive</kind>
         <file>rts2800_fpu32.lib</file>
         <name>boot28.asm.obj</name>
      </input_file>
      <input_file id="fl-ca">
         <path>F:\ti\CCS8.3\ccsv8\tools\compiler\ti-cgt-c2000_22.6.0.LTS\lib\</path>
         <kind>archive</kind>
         <file>rts2800_fpu32.lib</file>
         <name>fd_cmp28.asm.obj</name>
      </input_file>
      <input_file id="fl-cb">
         <path>F:\ti\CCS8.3\ccsv8\tools\compiler\ti-cgt-c2000_22.6.0.LTS\lib\</path>
         <kind>archive</kind>
         <file>rts2800_fpu32.lib</file>
         <name>fd_mpy28.asm.obj</name>
      </input_file>
      <input_file id="fl-cc">
         <path>F:\ti\CCS8.3\ccsv8\tools\compiler\ti-cgt-c2000_22.6.0.LTS\lib\</path>
         <kind>archive</kind>
         <file>rts2800_fpu32.lib</file>
         <name>fd_neg28.asm.obj</name>
      </input_file>
      <input_file id="fl-cd">
         <path>F:\ti\CCS8.3\ccsv8\tools\compiler\ti-cgt-c2000_22.6.0.LTS\lib\</path>
         <kind>archive</kind>
         <file>rts2800_fpu32.lib</file>
         <name>fd_sub28.asm.obj</name>
      </input_file>
      <input_file id="fl-ce">
         <path>F:\ti\CCS8.3\ccsv8\tools\compiler\ti-cgt-c2000_22.6.0.LTS\lib\</path>
         <kind>archive</kind>
         <file>rts2800_fpu32.lib</file>
         <name>fd_toi28.asm.obj</name>
      </input_file>
      <input_file id="fl-cf">
         <path>F:\ti\CCS8.3\ccsv8\tools\compiler\ti-cgt-c2000_22.6.0.LTS\lib\</path>
         <kind>archive</kind>
         <file>rts2800_fpu32.lib</file>
         <name>fd_tol28.asm.obj</name>
      </input_file>
      <input_file id="fl-d0">
         <path>F:\ti\CCS8.3\ccsv8\tools\compiler\ti-cgt-c2000_22.6.0.LTS\lib\</path>
         <kind>archive</kind>
         <file>rts2800_fpu32.lib</file>
         <name>ll_aox28.asm.obj</name>
      </input_file>
      <input_file id="fl-d1">
         <path>F:\ti\CCS8.3\ccsv8\tools\compiler\ti-cgt-c2000_22.6.0.LTS\lib\</path>
         <kind>archive</kind>
         <file>rts2800_fpu32.lib</file>
         <name>ll_cmp28.asm.obj</name>
      </input_file>
      <input_file id="fl-d2">
         <path>F:\ti\CCS8.3\ccsv8\tools\compiler\ti-cgt-c2000_22.6.0.LTS\lib\</path>
         <kind>archive</kind>
         <file>rts2800_fpu32.lib</file>
         <name>ll_div28.asm.obj</name>
      </input_file>
      <input_file id="fl-d3">
         <path>F:\ti\CCS8.3\ccsv8\tools\compiler\ti-cgt-c2000_22.6.0.LTS\lib\</path>
         <kind>archive</kind>
         <file>rts2800_fpu32.lib</file>
         <name>i_tofd28.asm.obj</name>
      </input_file>
      <input_file id="fl-d4">
         <path>F:\ti\CCS8.3\ccsv8\tools\compiler\ti-cgt-c2000_22.6.0.LTS\lib\</path>
         <kind>archive</kind>
         <file>rts2800_fpu32.lib</file>
         <name>l_tofd28.asm.obj</name>
      </input_file>
      <input_file id="fl-d5">
         <path>F:\ti\CCS8.3\ccsv8\tools\compiler\ti-cgt-c2000_22.6.0.LTS\lib\</path>
         <kind>archive</kind>
         <file>rts2800_fpu32.lib</file>
         <name>fs_tofdfpu32.asm.obj</name>
      </input_file>
      <input_file id="fl-d6">
         <path>F:\ti\CCS8.3\ccsv8\tools\compiler\ti-cgt-c2000_22.6.0.LTS\lib\</path>
         <kind>archive</kind>
         <file>rts2800_fpu32.lib</file>
         <name>fd_div28.asm.obj</name>
      </input_file>
      <input_file id="fl-d7">
         <path>F:\ti\CCS8.3\ccsv8\tools\compiler\ti-cgt-c2000_22.6.0.LTS\lib\</path>
         <kind>archive</kind>
         <file>rts2800_fpu32.lib</file>
         <name>cpy_tbl.c.obj</name>
      </input_file>
      <input_file id="fl-d8">
         <path>F:\ti\CCS8.3\ccsv8\tools\compiler\ti-cgt-c2000_22.6.0.LTS\lib\</path>
         <kind>archive</kind>
         <file>rts2800_fpu32.lib</file>
         <name>memcpy.c.obj</name>
      </input_file>
      <input_file id="fl-d9">
         <path>F:\ti\CCS8.3\ccsv8\tools\compiler\ti-cgt-c2000_22.6.0.LTS\lib\</path>
         <kind>archive</kind>
         <file>rts2800_fpu32.lib</file>
         <name>pre_init.c.obj</name>
      </input_file>
      <input_file id="fl-da">
         <path>F:\ti\CCS8.3\ccsv8\tools\compiler\ti-cgt-c2000_22.6.0.LTS\lib\</path>
         <kind>archive</kind>
         <file>rts2800_fpu32.lib</file>
         <name>startup.c.obj</name>
      </input_file>
      <input_file id="fl-db">
         <path>F:\ti\CCS8.3\ccsv8\tools\compiler\ti-cgt-c2000_22.6.0.LTS\lib\</path>
         <kind>archive</kind>
         <file>rts2800_fpu32.lib</file>
         <name>exit.c.obj</name>
      </input_file>
      <input_file id="fl-dc">
         <path>F:\ti\CCS8.3\ccsv8\tools\compiler\ti-cgt-c2000_22.6.0.LTS\lib\</path>
         <kind>archive</kind>
         <file>rts2800_fpu32.lib</file>
         <name>_lock.c.obj</name>
      </input_file>
      <input_file id="fl-dd">
         <path>F:\ti\CCS8.3\ccsv8\tools\compiler\ti-cgt-c2000_22.6.0.LTS\lib\</path>
         <kind>archive</kind>
         <file>rts2800_fpu32.lib</file>
         <name>_ltoa.c.obj</name>
      </input_file>
      <input_file id="fl-de">
         <path>F:\ti\CCS8.3\ccsv8\tools\compiler\ti-cgt-c2000_22.6.0.LTS\lib\</path>
         <kind>archive</kind>
         <file>rts2800_fpu32.lib</file>
         <name>args_main.c.obj</name>
      </input_file>
      <input_file id="fl-df">
         <path>F:\ti\CCS8.3\ccsv8\tools\compiler\ti-cgt-c2000_22.6.0.LTS\lib\</path>
         <kind>archive</kind>
         <file>rts2800_fpu32.lib</file>
         <name>atoi.c.obj</name>
      </input_file>
      <input_file id="fl-e0">
         <path>F:\ti\CCS8.3\ccsv8\tools\compiler\ti-cgt-c2000_22.6.0.LTS\lib\</path>
         <kind>archive</kind>
         <file>rts2800_fpu32.lib</file>
         <name>ctype.c.obj</name>
      </input_file>
      <input_file id="fl-e1">
         <path>F:\ti\CCS8.3\ccsv8\tools\compiler\ti-cgt-c2000_22.6.0.LTS\lib\</path>
         <kind>archive</kind>
         <file>rts2800_fpu32.lib</file>
         <name>defs.c.obj</name>
      </input_file>
      <input_file id="fl-e2">
         <path>F:\ti\CCS8.3\ccsv8\tools\compiler\ti-cgt-c2000_22.6.0.LTS\lib\</path>
         <kind>archive</kind>
         <file>rts2800_fpu32.lib</file>
         <name>memccpy.c.obj</name>
      </input_file>
      <input_file id="fl-e3">
         <path>F:\ti\CCS8.3\ccsv8\tools\compiler\ti-cgt-c2000_22.6.0.LTS\lib\</path>
         <kind>archive</kind>
         <file>rts2800_fpu32.lib</file>
         <name>memchr.c.obj</name>
      </input_file>
      <input_file id="fl-e4">
         <path>F:\ti\CCS8.3\ccsv8\tools\compiler\ti-cgt-c2000_22.6.0.LTS\lib\</path>
         <kind>archive</kind>
         <file>rts2800_fpu32.lib</file>
         <name>memcmp.c.obj</name>
      </input_file>
      <input_file id="fl-e5">
         <path>F:\ti\CCS8.3\ccsv8\tools\compiler\ti-cgt-c2000_22.6.0.LTS\lib\</path>
         <kind>archive</kind>
         <file>rts2800_fpu32.lib</file>
         <name>memory.c.obj</name>
      </input_file>
      <input_file id="fl-e6">
         <path>F:\ti\CCS8.3\ccsv8\tools\compiler\ti-cgt-c2000_22.6.0.LTS\lib\</path>
         <kind>archive</kind>
         <file>rts2800_fpu32.lib</file>
         <name>memset.c.obj</name>
      </input_file>
      <input_file id="fl-e7">
         <path>F:\ti\CCS8.3\ccsv8\tools\compiler\ti-cgt-c2000_22.6.0.LTS\lib\</path>
         <kind>archive</kind>
         <file>rts2800_fpu32.lib</file>
         <name>strchr.c.obj</name>
      </input_file>
      <input_file id="fl-e8">
         <path>F:\ti\CCS8.3\ccsv8\tools\compiler\ti-cgt-c2000_22.6.0.LTS\lib\</path>
         <kind>archive</kind>
         <file>rts2800_fpu32.lib</file>
         <name>strcmp.c.obj</name>
      </input_file>
      <input_file id="fl-e9">
         <path>F:\ti\CCS8.3\ccsv8\tools\compiler\ti-cgt-c2000_22.6.0.LTS\lib\</path>
         <kind>archive</kind>
         <file>rts2800_fpu32.lib</file>
         <name>strcpy.c.obj</name>
      </input_file>
      <input_file id="fl-ea">
         <path>F:\ti\CCS8.3\ccsv8\tools\compiler\ti-cgt-c2000_22.6.0.LTS\lib\</path>
         <kind>archive</kind>
         <file>rts2800_fpu32.lib</file>
         <name>strlen.c.obj</name>
      </input_file>
      <input_file id="fl-eb">
         <path>F:\ti\CCS8.3\ccsv8\tools\compiler\ti-cgt-c2000_22.6.0.LTS\lib\</path>
         <kind>archive</kind>
         <file>rts2800_fpu32.lib</file>
         <name>errno.c.obj</name>
      </input_file>
      <input_file id="fl-ec">
         <path>F:\ti\CCS8.3\ccsv8\tools\compiler\ti-cgt-c2000_22.6.0.LTS\lib\</path>
         <kind>archive</kind>
         <file>rts2800_fpu32.lib</file>
         <name>write.c.obj</name>
      </input_file>
      <input_file id="fl-ed">
         <path>F:\ti\CCS8.3\ccsv8\tools\compiler\ti-cgt-c2000_22.6.0.LTS\lib\</path>
         <kind>archive</kind>
         <file>rts2800_fpu32.lib</file>
         <name>host_device.c.obj</name>
      </input_file>
      <input_file id="fl-ee">
         <path>F:\ti\CCS8.3\ccsv8\tools\compiler\ti-cgt-c2000_22.6.0.LTS\lib\</path>
         <kind>archive</kind>
         <file>rts2800_fpu32.lib</file>
         <name>remove.c.obj</name>
      </input_file>
      <input_file id="fl-ef">
         <path>F:\ti\CCS8.3\ccsv8\tools\compiler\ti-cgt-c2000_22.6.0.LTS\lib\</path>
         <kind>archive</kind>
         <file>rts2800_fpu32.lib</file>
         <name>read.c.obj</name>
      </input_file>
      <input_file id="fl-f0">
         <path>F:\ti\CCS8.3\ccsv8\tools\compiler\ti-cgt-c2000_22.6.0.LTS\lib\</path>
         <kind>archive</kind>
         <file>rts2800_fpu32.lib</file>
         <name>open.c.obj</name>
      </input_file>
      <input_file id="fl-f1">
         <path>F:\ti\CCS8.3\ccsv8\tools\compiler\ti-cgt-c2000_22.6.0.LTS\lib\</path>
         <kind>archive</kind>
         <file>rts2800_fpu32.lib</file>
         <name>lseek.c.obj</name>
      </input_file>
      <input_file id="fl-f2">
         <path>F:\ti\CCS8.3\ccsv8\tools\compiler\ti-cgt-c2000_22.6.0.LTS\lib\</path>
         <kind>archive</kind>
         <file>rts2800_fpu32.lib</file>
         <name>close.c.obj</name>
      </input_file>
      <input_file id="fl-f3">
         <path>F:\ti\CCS8.3\ccsv8\tools\compiler\ti-cgt-c2000_22.6.0.LTS\lib\</path>
         <kind>archive</kind>
         <file>rts2800_fpu32.lib</file>
         <name>s_frexp.c.obj</name>
      </input_file>
      <input_file id="fl-f4">
         <path>F:\ti\CCS8.3\ccsv8\tools\compiler\ti-cgt-c2000_22.6.0.LTS\lib\</path>
         <kind>archive</kind>
         <file>rts2800_fpu32.lib</file>
         <name>s_scalbn.c.obj</name>
      </input_file>
      <input_file id="fl-f5">
         <path>F:\ti\CCS8.3\ccsv8\tools\compiler\ti-cgt-c2000_22.6.0.LTS\lib\</path>
         <kind>archive</kind>
         <file>rts2800_fpu32.lib</file>
         <name>s_copysign.c.obj</name>
      </input_file>
      <input_file id="fl-f6">
         <path>F:\ti\CCS8.3\ccsv8\tools\compiler\ti-cgt-c2000_22.6.0.LTS\lib\</path>
         <kind>archive</kind>
         <file>rts2800_fpu32.lib</file>
         <name>wcslen.c.obj</name>
      </input_file>
      <input_file id="fl-f7">
         <path>F:\ti\CCS8.3\ccsv8\tools\compiler\ti-cgt-c2000_22.6.0.LTS\lib\</path>
         <kind>archive</kind>
         <file>rts2800_fpu32.lib</file>
         <name>getdevice.c.obj</name>
      </input_file>
      <input_file id="fl-f8">
         <path>F:\ti\CCS8.3\ccsv8\tools\compiler\ti-cgt-c2000_22.6.0.LTS\lib\</path>
         <kind>archive</kind>
         <file>rts2800_fpu32.lib</file>
         <name>fd_add28.asm.obj</name>
      </input_file>
      <input_file id="fl-f9">
         <path>F:\ti\CCS8.3\ccsv8\tools\compiler\ti-cgt-c2000_22.6.0.LTS\lib\</path>
         <kind>archive</kind>
         <file>rts2800_fpu32.lib</file>
         <name>l_div28.asm.obj</name>
      </input_file>
      <input_file id="fl-fa">
         <path>F:\ti\CCS8.3\ccsv8\tools\compiler\ti-cgt-c2000_22.6.0.LTS\lib\</path>
         <kind>archive</kind>
         <file>rts2800_fpu32.lib</file>
         <name>strncpy.c.obj</name>
      </input_file>
      <input_file id="fl-fb">
         <path>F:\ti\CCS8.3\ccsv8\tools\compiler\ti-cgt-c2000_22.6.0.LTS\lib\</path>
         <kind>archive</kind>
         <file>rts2800_fpu32.lib</file>
         <name>unlink.c.obj</name>
      </input_file>
      <input_file id="fl-fc">
         <path>F:\ti\CCS8.3\ccsv8\tools\compiler\ti-cgt-c2000_22.6.0.LTS\lib\</path>
         <kind>archive</kind>
         <file>rts2800_fpu32.lib</file>
         <name>hostclose.c.obj</name>
      </input_file>
      <input_file id="fl-fd">
         <path>F:\ti\CCS8.3\ccsv8\tools\compiler\ti-cgt-c2000_22.6.0.LTS\lib\</path>
         <kind>archive</kind>
         <file>rts2800_fpu32.lib</file>
         <name>hostlseek.c.obj</name>
      </input_file>
      <input_file id="fl-fe">
         <path>F:\ti\CCS8.3\ccsv8\tools\compiler\ti-cgt-c2000_22.6.0.LTS\lib\</path>
         <kind>archive</kind>
         <file>rts2800_fpu32.lib</file>
         <name>hostopen.c.obj</name>
      </input_file>
      <input_file id="fl-ff">
         <path>F:\ti\CCS8.3\ccsv8\tools\compiler\ti-cgt-c2000_22.6.0.LTS\lib\</path>
         <kind>archive</kind>
         <file>rts2800_fpu32.lib</file>
         <name>hostread.c.obj</name>
      </input_file>
      <input_file id="fl-100">
         <path>F:\ti\CCS8.3\ccsv8\tools\compiler\ti-cgt-c2000_22.6.0.LTS\lib\</path>
         <kind>archive</kind>
         <file>rts2800_fpu32.lib</file>
         <name>hostrename.c.obj</name>
      </input_file>
      <input_file id="fl-101">
         <path>F:\ti\CCS8.3\ccsv8\tools\compiler\ti-cgt-c2000_22.6.0.LTS\lib\</path>
         <kind>archive</kind>
         <file>rts2800_fpu32.lib</file>
         <name>hostunlink.c.obj</name>
      </input_file>
      <input_file id="fl-102">
         <path>F:\ti\CCS8.3\ccsv8\tools\compiler\ti-cgt-c2000_22.6.0.LTS\lib\</path>
         <kind>archive</kind>
         <file>rts2800_fpu32.lib</file>
         <name>hostwrite.c.obj</name>
      </input_file>
      <input_file id="fl-103">
         <path>F:\ti\CCS8.3\ccsv8\tools\compiler\ti-cgt-c2000_22.6.0.LTS\lib\</path>
         <kind>archive</kind>
         <file>rts2800_fpu32.lib</file>
         <name>trgmsg.c.obj</name>
      </input_file>
   </input_file_list>
   <object_component_list>
      <object_component id="oc-9c">
         <name>PieVectTableFile</name>
         <uninitialized>true</uninitialized>
         <run_address>0xd00</run_address>
         <size>0x100</size>
         <input_file_ref idref="fl-8"/>
      </object_component>
      <object_component id="oc-98">
         <name>DevEmuRegsFile</name>
         <uninitialized>true</uninitialized>
         <run_address>0x880</run_address>
         <size>0xd0</size>
         <input_file_ref idref="fl-8"/>
      </object_component>
      <object_component id="oc-70">
         <name>FlashRegsFile</name>
         <uninitialized>true</uninitialized>
         <run_address>0xa80</run_address>
         <size>0x8</size>
         <input_file_ref idref="fl-8"/>
      </object_component>
      <object_component id="oc-73">
         <name>CsmRegsFile</name>
         <uninitialized>true</uninitialized>
         <run_address>0xae0</run_address>
         <size>0x10</size>
         <input_file_ref idref="fl-8"/>
      </object_component>
      <object_component id="oc-72">
         <name>AdcMirrorFile</name>
         <uninitialized>true</uninitialized>
         <run_address>0xb00</run_address>
         <size>0x10</size>
         <input_file_ref idref="fl-8"/>
      </object_component>
      <object_component id="oc-7b">
         <name>XintfRegsFile</name>
         <uninitialized>true</uninitialized>
         <run_address>0xb20</run_address>
         <size>0x1e</size>
         <input_file_ref idref="fl-8"/>
      </object_component>
      <object_component id="oc-6c">
         <name>CpuTimer0RegsFile</name>
         <uninitialized>true</uninitialized>
         <run_address>0xc00</run_address>
         <size>0x8</size>
         <input_file_ref idref="fl-8"/>
      </object_component>
      <object_component id="oc-6d">
         <name>CpuTimer1RegsFile</name>
         <uninitialized>true</uninitialized>
         <run_address>0xc08</run_address>
         <size>0x8</size>
         <input_file_ref idref="fl-8"/>
      </object_component>
      <object_component id="oc-6e">
         <name>CpuTimer2RegsFile</name>
         <uninitialized>true</uninitialized>
         <run_address>0xc10</run_address>
         <size>0x8</size>
         <input_file_ref idref="fl-8"/>
      </object_component>
      <object_component id="oc-79">
         <name>PieCtrlRegsFile</name>
         <uninitialized>true</uninitialized>
         <run_address>0xce0</run_address>
         <size>0x1a</size>
         <input_file_ref idref="fl-8"/>
      </object_component>
      <object_component id="oc-99">
         <name>DmaRegsFile</name>
         <uninitialized>true</uninitialized>
         <run_address>0x1000</run_address>
         <size>0xe0</size>
         <input_file_ref idref="fl-8"/>
      </object_component>
      <object_component id="oc-8b">
         <name>McbspaRegsFile</name>
         <uninitialized>true</uninitialized>
         <run_address>0x5000</run_address>
         <size>0x25</size>
         <input_file_ref idref="fl-8"/>
      </object_component>
      <object_component id="oc-8c">
         <name>McbspbRegsFile</name>
         <uninitialized>true</uninitialized>
         <run_address>0x5040</run_address>
         <size>0x25</size>
         <input_file_ref idref="fl-8"/>
      </object_component>
      <object_component id="oc-8e">
         <name>ECanaRegsFile</name>
         <uninitialized>true</uninitialized>
         <run_address>0x6000</run_address>
         <size>0x34</size>
         <input_file_ref idref="fl-8"/>
      </object_component>
      <object_component id="oc-90">
         <name>ECanaLAMRegsFile</name>
         <uninitialized>true</uninitialized>
         <run_address>0x6040</run_address>
         <size>0x40</size>
         <input_file_ref idref="fl-8"/>
      </object_component>
      <object_component id="oc-9a">
         <name>ECanaMboxesFile</name>
         <uninitialized>true</uninitialized>
         <run_address>0x6100</run_address>
         <size>0x100</size>
         <input_file_ref idref="fl-8"/>
      </object_component>
      <object_component id="oc-91">
         <name>ECanaMOTSRegsFile</name>
         <uninitialized>true</uninitialized>
         <run_address>0x6080</run_address>
         <size>0x40</size>
         <input_file_ref idref="fl-8"/>
      </object_component>
      <object_component id="oc-92">
         <name>ECanaMOTORegsFile</name>
         <uninitialized>true</uninitialized>
         <run_address>0x60c0</run_address>
         <size>0x40</size>
         <input_file_ref idref="fl-8"/>
      </object_component>
      <object_component id="oc-8f">
         <name>ECanbRegsFile</name>
         <uninitialized>true</uninitialized>
         <run_address>0x6200</run_address>
         <size>0x34</size>
         <input_file_ref idref="fl-8"/>
      </object_component>
      <object_component id="oc-93">
         <name>ECanbLAMRegsFile</name>
         <uninitialized>true</uninitialized>
         <run_address>0x6240</run_address>
         <size>0x40</size>
         <input_file_ref idref="fl-8"/>
      </object_component>
      <object_component id="oc-9b">
         <name>ECanbMboxesFile</name>
         <uninitialized>true</uninitialized>
         <run_address>0x6300</run_address>
         <size>0x100</size>
         <input_file_ref idref="fl-8"/>
      </object_component>
      <object_component id="oc-94">
         <name>ECanbMOTSRegsFile</name>
         <uninitialized>true</uninitialized>
         <run_address>0x6280</run_address>
         <size>0x40</size>
         <input_file_ref idref="fl-8"/>
      </object_component>
      <object_component id="oc-95">
         <name>ECanbMOTORegsFile</name>
         <uninitialized>true</uninitialized>
         <run_address>0x62c0</run_address>
         <size>0x40</size>
         <input_file_ref idref="fl-8"/>
      </object_component>
      <object_component id="oc-84">
         <name>EPwm1RegsFile</name>
         <uninitialized>true</uninitialized>
         <run_address>0x6800</run_address>
         <size>0x22</size>
         <input_file_ref idref="fl-8"/>
      </object_component>
      <object_component id="oc-85">
         <name>EPwm2RegsFile</name>
         <uninitialized>true</uninitialized>
         <run_address>0x6840</run_address>
         <size>0x22</size>
         <input_file_ref idref="fl-8"/>
      </object_component>
      <object_component id="oc-86">
         <name>EPwm3RegsFile</name>
         <uninitialized>true</uninitialized>
         <run_address>0x6880</run_address>
         <size>0x22</size>
         <input_file_ref idref="fl-8"/>
      </object_component>
      <object_component id="oc-87">
         <name>EPwm4RegsFile</name>
         <uninitialized>true</uninitialized>
         <run_address>0x68c0</run_address>
         <size>0x22</size>
         <input_file_ref idref="fl-8"/>
      </object_component>
      <object_component id="oc-88">
         <name>EPwm5RegsFile</name>
         <uninitialized>true</uninitialized>
         <run_address>0x6900</run_address>
         <size>0x22</size>
         <input_file_ref idref="fl-8"/>
      </object_component>
      <object_component id="oc-89">
         <name>EPwm6RegsFile</name>
         <uninitialized>true</uninitialized>
         <run_address>0x6940</run_address>
         <size>0x22</size>
         <input_file_ref idref="fl-8"/>
      </object_component>
      <object_component id="oc-7c">
         <name>ECap1RegsFile</name>
         <uninitialized>true</uninitialized>
         <run_address>0x6a00</run_address>
         <size>0x20</size>
         <input_file_ref idref="fl-8"/>
      </object_component>
      <object_component id="oc-7d">
         <name>ECap2RegsFile</name>
         <uninitialized>true</uninitialized>
         <run_address>0x6a20</run_address>
         <size>0x20</size>
         <input_file_ref idref="fl-8"/>
      </object_component>
      <object_component id="oc-7e">
         <name>ECap3RegsFile</name>
         <uninitialized>true</uninitialized>
         <run_address>0x6a40</run_address>
         <size>0x20</size>
         <input_file_ref idref="fl-8"/>
      </object_component>
      <object_component id="oc-7f">
         <name>ECap4RegsFile</name>
         <uninitialized>true</uninitialized>
         <run_address>0x6a60</run_address>
         <size>0x20</size>
         <input_file_ref idref="fl-8"/>
      </object_component>
      <object_component id="oc-80">
         <name>ECap5RegsFile</name>
         <uninitialized>true</uninitialized>
         <run_address>0x6a80</run_address>
         <size>0x20</size>
         <input_file_ref idref="fl-8"/>
      </object_component>
      <object_component id="oc-81">
         <name>ECap6RegsFile</name>
         <uninitialized>true</uninitialized>
         <run_address>0x6aa0</run_address>
         <size>0x20</size>
         <input_file_ref idref="fl-8"/>
      </object_component>
      <object_component id="oc-96">
         <name>EQep1RegsFile</name>
         <uninitialized>true</uninitialized>
         <run_address>0x6b00</run_address>
         <size>0x40</size>
         <input_file_ref idref="fl-8"/>
      </object_component>
      <object_component id="oc-97">
         <name>EQep2RegsFile</name>
         <uninitialized>true</uninitialized>
         <run_address>0x6b40</run_address>
         <size>0x40</size>
         <input_file_ref idref="fl-8"/>
      </object_component>
      <object_component id="oc-8d">
         <name>GpioCtrlRegsFile</name>
         <uninitialized>true</uninitialized>
         <run_address>0x6f80</run_address>
         <size>0x2e</size>
         <input_file_ref idref="fl-8"/>
      </object_component>
      <object_component id="oc-82">
         <name>GpioDataRegsFile</name>
         <uninitialized>true</uninitialized>
         <run_address>0x6fc0</run_address>
         <size>0x20</size>
         <input_file_ref idref="fl-8"/>
      </object_component>
      <object_component id="oc-71">
         <name>GpioIntRegsFile</name>
         <uninitialized>true</uninitialized>
         <run_address>0x6fe0</run_address>
         <size>0xa</size>
         <input_file_ref idref="fl-8"/>
      </object_component>
      <object_component id="oc-83">
         <name>SysCtrlRegsFile</name>
         <uninitialized>true</uninitialized>
         <run_address>0x7010</run_address>
         <size>0x20</size>
         <input_file_ref idref="fl-8"/>
      </object_component>
      <object_component id="oc-77">
         <name>SpiaRegsFile</name>
         <uninitialized>true</uninitialized>
         <run_address>0x7040</run_address>
         <size>0x10</size>
         <input_file_ref idref="fl-8"/>
      </object_component>
      <object_component id="oc-74">
         <name>SciaRegsFile</name>
         <uninitialized>true</uninitialized>
         <run_address>0x7050</run_address>
         <size>0x10</size>
         <input_file_ref idref="fl-8"/>
      </object_component>
      <object_component id="oc-78">
         <name>XIntruptRegsFile</name>
         <uninitialized>true</uninitialized>
         <run_address>0x7070</run_address>
         <size>0x10</size>
         <input_file_ref idref="fl-8"/>
      </object_component>
      <object_component id="oc-7a">
         <name>AdcRegsFile</name>
         <uninitialized>true</uninitialized>
         <run_address>0x7100</run_address>
         <size>0x1e</size>
         <input_file_ref idref="fl-8"/>
      </object_component>
      <object_component id="oc-75">
         <name>ScibRegsFile</name>
         <uninitialized>true</uninitialized>
         <run_address>0x7750</run_address>
         <size>0x10</size>
         <input_file_ref idref="fl-8"/>
      </object_component>
      <object_component id="oc-76">
         <name>ScicRegsFile</name>
         <uninitialized>true</uninitialized>
         <run_address>0x7770</run_address>
         <size>0x10</size>
         <input_file_ref idref="fl-8"/>
      </object_component>
      <object_component id="oc-8a">
         <name>I2caRegsFile</name>
         <uninitialized>true</uninitialized>
         <run_address>0x7900</run_address>
         <size>0x22</size>
         <input_file_ref idref="fl-8"/>
      </object_component>
      <object_component id="oc-6f">
         <name>CsmPwlFile</name>
         <uninitialized>true</uninitialized>
         <run_address>0x33fff8</run_address>
         <size>0x8</size>
         <input_file_ref idref="fl-8"/>
      </object_component>
      <object_component id="oc-504">
         <name>.cinit:__ftable</name>
         <load_address>0x328000</load_address>
         <run_address>0x328000</run_address>
         <size>0x26</size>
         <input_file_ref idref="fl-e1"/>
      </object_component>
      <object_component id="oc-d6">
         <name>.cinit</name>
         <load_address>0x328026</load_address>
         <run_address>0x328026</run_address>
         <size>0x1f</size>
         <input_file_ref idref="fl-14"/>
      </object_component>
      <object_component id="oc-5f0">
         <name>.cinit:__device</name>
         <load_address>0x328045</load_address>
         <run_address>0x328045</run_address>
         <size>0x1b</size>
         <input_file_ref idref="fl-ed"/>
      </object_component>
      <object_component id="oc-602">
         <name>.cinit:_trackTable$1</name>
         <load_address>0x328060</load_address>
         <run_address>0x328060</run_address>
         <size>0x17</size>
         <input_file_ref idref="fl-9a"/>
      </object_component>
      <object_component id="oc-331">
         <name>.cinit</name>
         <load_address>0x328077</load_address>
         <run_address>0x328077</run_address>
         <size>0x17</size>
         <input_file_ref idref="fl-a8"/>
      </object_component>
      <object_component id="oc-585">
         <name>.cinit:__stream</name>
         <load_address>0x32808e</load_address>
         <run_address>0x32808e</run_address>
         <size>0xe</size>
         <input_file_ref idref="fl-ed"/>
      </object_component>
      <object_component id="oc-406">
         <name>.cinit</name>
         <load_address>0x32809c</load_address>
         <run_address>0x32809c</run_address>
         <size>0xe</size>
         <input_file_ref idref="fl-db"/>
      </object_component>
      <object_component id="oc-4e4">
         <name>.cinit:_Buff</name>
         <load_address>0x3280aa</load_address>
         <run_address>0x3280aa</run_address>
         <size>0xd</size>
         <input_file_ref idref="fl-ad"/>
      </object_component>
      <object_component id="oc-4de">
         <name>.cinit:__lock</name>
         <load_address>0x3280b7</load_address>
         <run_address>0x3280b7</run_address>
         <size>0x5</size>
         <input_file_ref idref="fl-dc"/>
      </object_component>
      <object_component id="oc-4f4">
         <name>.cinit:__unlock</name>
         <load_address>0x3280bc</load_address>
         <run_address>0x3280bc</run_address>
         <size>0x5</size>
         <input_file_ref idref="fl-dc"/>
      </object_component>
      <object_component id="oc-423">
         <name>.cinit</name>
         <load_address>0x3280c1</load_address>
         <run_address>0x3280c1</run_address>
         <size>0x4</size>
         <input_file_ref idref="fl-e1"/>
      </object_component>
      <object_component id="oc-457">
         <name>.cinit</name>
         <load_address>0x3280c5</load_address>
         <run_address>0x3280c5</run_address>
         <size>0x4</size>
         <input_file_ref idref="fl-eb"/>
      </object_component>
      <object_component id="oc-37b">
         <name>.cinit</name>
         <load_address>0x3280c9</load_address>
         <run_address>0x3280c9</run_address>
         <size>0x4</size>
         <input_file_ref idref="fl-c0"/>
      </object_component>
      <object_component id="oc-436">
         <name>.cinit</name>
         <load_address>0x3280cd</load_address>
         <run_address>0x3280cd</run_address>
         <size>0x4</size>
         <input_file_ref idref="fl-e5"/>
      </object_component>
      <object_component id="oc-46c">
         <name>.cinit</name>
         <load_address>0x3280d1</load_address>
         <run_address>0x3280d1</run_address>
         <size>0x4</size>
         <input_file_ref idref="fl-f0"/>
      </object_component>
      <object_component id="oc-51b">
         <name>.text</name>
         <load_address>0x308000</load_address>
         <run_address>0x308000</run_address>
         <size>0xbe5</size>
         <input_file_ref idref="fl-3e"/>
      </object_component>
      <object_component id="oc-536">
         <name>.text</name>
         <load_address>0x308be5</load_address>
         <run_address>0x308be5</run_address>
         <size>0xa1f</size>
         <input_file_ref idref="fl-65"/>
      </object_component>
      <object_component id="oc-55e">
         <name>.text</name>
         <load_address>0x309604</load_address>
         <run_address>0x309604</run_address>
         <size>0x9d9</size>
         <input_file_ref idref="fl-6a"/>
      </object_component>
      <object_component id="oc-535">
         <name>.text</name>
         <load_address>0x309fdd</load_address>
         <run_address>0x309fdd</run_address>
         <size>0x898</size>
         <input_file_ref idref="fl-5c"/>
      </object_component>
      <object_component id="oc-50c">
         <name>.text</name>
         <load_address>0x30a875</load_address>
         <run_address>0x30a875</run_address>
         <size>0x765</size>
         <input_file_ref idref="fl-5b"/>
      </object_component>
      <object_component id="oc-606">
         <name>.text</name>
         <load_address>0x30afda</load_address>
         <run_address>0x30afda</run_address>
         <size>0x75d</size>
         <input_file_ref idref="fl-a3"/>
      </object_component>
      <object_component id="oc-4d6">
         <name>.text</name>
         <load_address>0x30b737</load_address>
         <run_address>0x30b737</run_address>
         <size>0x1</size>
         <input_file_ref idref="fl-da"/>
      </object_component>
      <object_component id="oc-508">
         <name>.text</name>
         <load_address>0x30b738</load_address>
         <run_address>0x30b738</run_address>
         <size>0x6d0</size>
         <input_file_ref idref="fl-ba"/>
      </object_component>
      <object_component id="oc-4f6">
         <name>.text:__TI_printfi</name>
         <load_address>0x30be08</load_address>
         <run_address>0x30be08</run_address>
         <size>0x5f5</size>
         <input_file_ref idref="fl-ba"/>
      </object_component>
      <object_component id="oc-591">
         <name>.text</name>
         <load_address>0x30c3fd</load_address>
         <run_address>0x30c3fd</run_address>
         <size>0x4b4</size>
         <input_file_ref idref="fl-9d"/>
      </object_component>
      <object_component id="oc-599">
         <name>.text</name>
         <load_address>0x30c8b1</load_address>
         <run_address>0x30c8b1</run_address>
         <size>0x42f</size>
         <input_file_ref idref="fl-99"/>
      </object_component>
      <object_component id="oc-5b3">
         <name>.text</name>
         <load_address>0x30cce0</load_address>
         <run_address>0x30cce0</run_address>
         <size>0x42c</size>
         <input_file_ref idref="fl-84"/>
      </object_component>
      <object_component id="oc-590">
         <name>.text</name>
         <load_address>0x30d10c</load_address>
         <run_address>0x30d10c</run_address>
         <size>0x3f0</size>
         <input_file_ref idref="fl-9b"/>
      </object_component>
      <object_component id="oc-537">
         <name>.text</name>
         <load_address>0x30d4fc</load_address>
         <run_address>0x30d4fc</run_address>
         <size>0x3ca</size>
         <input_file_ref idref="fl-32"/>
      </object_component>
      <object_component id="oc-596">
         <name>.text</name>
         <load_address>0x30d8c6</load_address>
         <run_address>0x30d8c6</run_address>
         <size>0x395</size>
         <input_file_ref idref="fl-8f"/>
      </object_component>
      <object_component id="oc-5b2">
         <name>.text</name>
         <load_address>0x30dc5b</load_address>
         <run_address>0x30dc5b</run_address>
         <size>0x38f</size>
         <input_file_ref idref="fl-91"/>
      </object_component>
      <object_component id="oc-58f">
         <name>.text</name>
         <load_address>0x30dfea</load_address>
         <run_address>0x30dfea</run_address>
         <size>0x370</size>
         <input_file_ref idref="fl-7d"/>
      </object_component>
      <object_component id="oc-4ef">
         <name>.text</name>
         <load_address>0x30e35a</load_address>
         <run_address>0x30e35a</run_address>
         <size>0x36c</size>
         <input_file_ref idref="fl-2b"/>
      </object_component>
      <object_component id="oc-5af">
         <name>.text</name>
         <load_address>0x30e6c6</load_address>
         <run_address>0x30e6c6</run_address>
         <size>0x357</size>
         <input_file_ref idref="fl-a1"/>
      </object_component>
      <object_component id="oc-5c">
         <name>.text:retain</name>
         <load_address>0x30ea1d</load_address>
         <run_address>0x30ea1d</run_address>
         <size>0x323</size>
         <input_file_ref idref="fl-5"/>
      </object_component>
      <object_component id="oc-5b4">
         <name>.text</name>
         <load_address>0x30ed40</load_address>
         <run_address>0x30ed40</run_address>
         <size>0x30e</size>
         <input_file_ref idref="fl-7f"/>
      </object_component>
      <object_component id="oc-595">
         <name>.text</name>
         <load_address>0x30f04e</load_address>
         <run_address>0x30f04e</run_address>
         <size>0x2ef</size>
         <input_file_ref idref="fl-75"/>
      </object_component>
      <object_component id="oc-5b1">
         <name>.text</name>
         <load_address>0x30f33d</load_address>
         <run_address>0x30f33d</run_address>
         <size>0x2ee</size>
         <input_file_ref idref="fl-88"/>
      </object_component>
      <object_component id="oc-534">
         <name>.text</name>
         <load_address>0x30f62b</load_address>
         <run_address>0x30f62b</run_address>
         <size>0x2ca</size>
         <input_file_ref idref="fl-60"/>
      </object_component>
      <object_component id="oc-4fa">
         <name>.text</name>
         <load_address>0x30f8f5</load_address>
         <run_address>0x30f8f5</run_address>
         <size>0x2c8</size>
         <input_file_ref idref="fl-2c"/>
      </object_component>
      <object_component id="oc-5b0">
         <name>.text</name>
         <load_address>0x30fbbd</load_address>
         <run_address>0x30fbbd</run_address>
         <size>0x2c7</size>
         <input_file_ref idref="fl-9a"/>
      </object_component>
      <object_component id="oc-4ed">
         <name>.text</name>
         <load_address>0x30fe84</load_address>
         <run_address>0x30fe84</run_address>
         <size>0x159</size>
         <input_file_ref idref="fl-b"/>
      </object_component>
      <object_component id="oc-3c4">
         <name>.text</name>
         <load_address>0x30ffdd</load_address>
         <run_address>0x30ffdd</run_address>
         <size>0x21</size>
         <input_file_ref idref="fl-ce"/>
      </object_component>
      <object_component id="oc-4d4">
         <name>.text</name>
         <load_address>0x30fffe</load_address>
         <run_address>0x30fffe</run_address>
         <size>0x2</size>
         <input_file_ref idref="fl-d9"/>
      </object_component>
      <object_component id="oc-531">
         <name>.text</name>
         <load_address>0x310000</load_address>
         <run_address>0x310000</run_address>
         <size>0x2c6</size>
         <input_file_ref idref="fl-74"/>
      </object_component>
      <object_component id="oc-55d">
         <name>.text</name>
         <load_address>0x3102c6</load_address>
         <run_address>0x3102c6</run_address>
         <size>0x2b5</size>
         <input_file_ref idref="fl-63"/>
      </object_component>
      <object_component id="oc-50b">
         <name>.text</name>
         <load_address>0x31057b</load_address>
         <run_address>0x31057b</run_address>
         <size>0x28c</size>
         <input_file_ref idref="fl-e5"/>
      </object_component>
      <object_component id="oc-5b5">
         <name>.text</name>
         <load_address>0x310807</load_address>
         <run_address>0x310807</run_address>
         <size>0x277</size>
         <input_file_ref idref="fl-8e"/>
      </object_component>
      <object_component id="oc-5a1">
         <name>.text</name>
         <load_address>0x310a7e</load_address>
         <run_address>0x310a7e</run_address>
         <size>0x254</size>
         <input_file_ref idref="fl-72"/>
      </object_component>
      <object_component id="oc-562">
         <name>.text</name>
         <load_address>0x310cd2</load_address>
         <run_address>0x310cd2</run_address>
         <size>0x246</size>
         <input_file_ref idref="fl-4b"/>
      </object_component>
      <object_component id="oc-561">
         <name>.text</name>
         <load_address>0x310f18</load_address>
         <run_address>0x310f18</run_address>
         <size>0x238</size>
         <input_file_ref idref="fl-5d"/>
      </object_component>
      <object_component id="oc-587">
         <name>.text</name>
         <load_address>0x311150</load_address>
         <run_address>0x311150</run_address>
         <size>0x237</size>
         <input_file_ref idref="fl-7a"/>
      </object_component>
      <object_component id="oc-58e">
         <name>.text</name>
         <load_address>0x311387</load_address>
         <run_address>0x311387</run_address>
         <size>0x22b</size>
         <input_file_ref idref="fl-6e"/>
      </object_component>
      <object_component id="oc-557">
         <name>.text</name>
         <load_address>0x3115b2</load_address>
         <run_address>0x3115b2</run_address>
         <size>0x225</size>
         <input_file_ref idref="fl-4c"/>
      </object_component>
      <object_component id="oc-530">
         <name>.text</name>
         <load_address>0x3117d7</load_address>
         <run_address>0x3117d7</run_address>
         <size>0x201</size>
         <input_file_ref idref="fl-5e"/>
      </object_component>
      <object_component id="oc-563">
         <name>.text</name>
         <load_address>0x3119d8</load_address>
         <run_address>0x3119d8</run_address>
         <size>0x1f6</size>
         <input_file_ref idref="fl-57"/>
      </object_component>
      <object_component id="oc-55b">
         <name>.text</name>
         <load_address>0x311bce</load_address>
         <run_address>0x311bce</run_address>
         <size>0x1f2</size>
         <input_file_ref idref="fl-6c"/>
      </object_component>
      <object_component id="oc-5fe">
         <name>.text</name>
         <load_address>0x311dc0</load_address>
         <run_address>0x311dc0</run_address>
         <size>0x1ed</size>
         <input_file_ref idref="fl-86"/>
      </object_component>
      <object_component id="oc-4dc">
         <name>.text</name>
         <load_address>0x311fad</load_address>
         <run_address>0x311fad</run_address>
         <size>0x1e5</size>
         <input_file_ref idref="fl-14"/>
      </object_component>
      <object_component id="oc-5ff">
         <name>.text</name>
         <load_address>0x312192</load_address>
         <run_address>0x312192</run_address>
         <size>0x1be</size>
         <input_file_ref idref="fl-a2"/>
      </object_component>
      <object_component id="oc-56a">
         <name>.text</name>
         <load_address>0x312350</load_address>
         <run_address>0x312350</run_address>
         <size>0x1ba</size>
         <input_file_ref idref="fl-5f"/>
      </object_component>
      <object_component id="oc-55c">
         <name>.text</name>
         <load_address>0x31250a</load_address>
         <run_address>0x31250a</run_address>
         <size>0x1a1</size>
         <input_file_ref idref="fl-53"/>
      </object_component>
      <object_component id="oc-53f">
         <name>.text</name>
         <load_address>0x3126ab</load_address>
         <run_address>0x3126ab</run_address>
         <size>0x194</size>
         <input_file_ref idref="fl-6b"/>
      </object_component>
      <object_component id="oc-572">
         <name>.text</name>
         <load_address>0x31283f</load_address>
         <run_address>0x31283f</run_address>
         <size>0x189</size>
         <input_file_ref idref="fl-38"/>
      </object_component>
      <object_component id="oc-59a">
         <name>.text</name>
         <load_address>0x3129c8</load_address>
         <run_address>0x3129c8</run_address>
         <size>0x189</size>
         <input_file_ref idref="fl-98"/>
      </object_component>
      <object_component id="oc-4da">
         <name>.text</name>
         <load_address>0x312b51</load_address>
         <run_address>0x312b51</run_address>
         <size>0x187</size>
         <input_file_ref idref="fl-ad"/>
      </object_component>
      <object_component id="oc-51c">
         <name>.text</name>
         <load_address>0x312cd8</load_address>
         <run_address>0x312cd8</run_address>
         <size>0x148</size>
         <input_file_ref idref="fl-31"/>
      </object_component>
      <object_component id="oc-d8">
         <name>.text:retain</name>
         <load_address>0x312e20</load_address>
         <run_address>0x312e20</run_address>
         <size>0x135</size>
         <input_file_ref idref="fl-14"/>
      </object_component>
      <object_component id="oc-5cd">
         <name>.text</name>
         <load_address>0x312f55</load_address>
         <run_address>0x312f55</run_address>
         <size>0x134</size>
         <input_file_ref idref="fl-81"/>
      </object_component>
      <object_component id="oc-592">
         <name>.text</name>
         <load_address>0x313089</load_address>
         <run_address>0x313089</run_address>
         <size>0x133</size>
         <input_file_ref idref="fl-a6"/>
      </object_component>
      <object_component id="oc-55a">
         <name>.text</name>
         <load_address>0x3131bc</load_address>
         <run_address>0x3131bc</run_address>
         <size>0x129</size>
         <input_file_ref idref="fl-4f"/>
      </object_component>
      <object_component id="oc-589">
         <name>.text</name>
         <load_address>0x3132e5</load_address>
         <run_address>0x3132e5</run_address>
         <size>0x123</size>
         <input_file_ref idref="fl-85"/>
      </object_component>
      <object_component id="oc-511">
         <name>.text</name>
         <load_address>0x313408</load_address>
         <run_address>0x313408</run_address>
         <size>0x121</size>
         <input_file_ref idref="fl-c0"/>
      </object_component>
      <object_component id="oc-52f">
         <name>.text</name>
         <load_address>0x313529</load_address>
         <run_address>0x313529</run_address>
         <size>0x110</size>
         <input_file_ref idref="fl-95"/>
      </object_component>
      <object_component id="oc-532">
         <name>.text</name>
         <load_address>0x313639</load_address>
         <run_address>0x313639</run_address>
         <size>0x108</size>
         <input_file_ref idref="fl-82"/>
      </object_component>
      <object_component id="oc-3d8">
         <name>.text</name>
         <load_address>0x313741</load_address>
         <run_address>0x313741</run_address>
         <size>0x107</size>
         <input_file_ref idref="fl-d2"/>
      </object_component>
      <object_component id="oc-4e5">
         <name>.text</name>
         <load_address>0x313848</load_address>
         <run_address>0x313848</run_address>
         <size>0xf7</size>
         <input_file_ref idref="fl-11"/>
      </object_component>
      <object_component id="oc-4f2">
         <name>.text</name>
         <load_address>0x31393f</load_address>
         <run_address>0x31393f</run_address>
         <size>0xf6</size>
         <input_file_ref idref="fl-12"/>
      </object_component>
      <object_component id="oc-59e">
         <name>.text</name>
         <load_address>0x313a35</load_address>
         <run_address>0x313a35</run_address>
         <size>0xef</size>
         <input_file_ref idref="fl-7b"/>
      </object_component>
      <object_component id="oc-56d">
         <name>.text</name>
         <load_address>0x313b24</load_address>
[...]
      </symbol>
      <symbol id="sm-154c">
         <name>_SendChar</name>
         <value>0xfada</value>
         <object_component_ref idref="oc-34e"/>
      </symbol>
      <symbol id="sm-154d">
         <name>_UART_AutoBaud_Test</name>
         <value>0x312c59</value>
         <object_component_ref idref="oc-4da"/>
      </symbol>
      <symbol id="sm-155e">
         <name>_printf</name>
         <value>0x316762</value>
         <object_component_ref idref="oc-4f5"/>
      </symbol>
      <symbol id="sm-16c2">
         <name>___TI_printfi</name>
         <value>0x30c278</value>
         <object_component_ref idref="oc-4f6"/>
      </symbol>
      <symbol id="sm-16d1">
         <name>_sprintf</name>
         <value>0x316827</value>
         <object_component_ref idref="oc-4e2"/>
      </symbol>
      <symbol id="sm-16e3">
         <name>___TI_closefile</name>
         <value>0x315fb5</value>
         <object_component_ref idref="oc-515"/>
      </symbol>
      <symbol id="sm-16e5">
         <name>_fclose</name>
         <value>0x315ff9</value>
         <object_component_ref idref="oc-515"/>
      </symbol>
      <symbol id="sm-16f2">
         <name>_feof</name>
         <value>0x316cf8</value>
         <object_component_ref idref="oc-512"/>
      </symbol>
      <symbol id="sm-1709">
         <name>___TI_doflush</name>
         <value>0x315b93</value>
         <object_component_ref idref="oc-525"/>
      </symbol>
      <symbol id="sm-170b">
         <name>_fflush</name>
         <value>0x315bc2</value>
         <object_component_ref idref="oc-525"/>
      </symbol>
      <symbol id="sm-171f">
         <name>_getchar</name>
         <value>0x3162b5</value>
         <object_component_ref idref="oc-510"/>
      </symbol>
      <symbol id="sm-1721">
         <name>_getc</name>
         <value>0x31626a</value>
         <object_component_ref idref="oc-510"/>
      </symbol>
      <symbol id="sm-1722">
         <name>_fgetc</name>
         <value>0x31626a</value>
         <object_component_ref idref="oc-510"/>
      </symbol>
      <symbol id="sm-175e">
         <name>_fopen</name>
         <value>0x3134e2</value>
         <object_component_ref idref="oc-511"/>
      </symbol>
      <symbol id="sm-1760">
         <name>___TI_cleanup</name>
         <value>0x3134a7</value>
         <object_component_ref idref="oc-511"/>
      </symbol>
      <symbol id="sm-1762">
         <name>_freopen</name>
         <value>0x3134c4</value>
         <object_component_ref idref="oc-511"/>
      </symbol>
      <symbol id="sm-1776">
         <name>_putchar</name>
         <value>0x3161c2</value>
         <object_component_ref idref="oc-501"/>
      </symbol>
      <symbol id="sm-1778">
         <name>_putc</name>
         <value>0x316174</value>
         <object_component_ref idref="oc-501"/>
      </symbol>
      <symbol id="sm-1779">
         <name>_fputc</name>
         <value>0x316174</value>
         <object_component_ref idref="oc-501"/>
      </symbol>
      <symbol id="sm-1797">
         <name>_puts</name>
         <value>0x314ed8</value>
         <object_component_ref idref="oc-502"/>
      </symbol>
      <symbol id="sm-1799">
         <name>_fputs</name>
         <value>0x314e43</value>
         <object_component_ref idref="oc-502"/>
      </symbol>
      <symbol id="sm-17b4">
         <name>_fread</name>
         <value>0x315032</value>
         <object_component_ref idref="oc-516"/>
      </symbol>
      <symbol id="sm-17c5">
         <name>_fseek</name>
         <value>0x316526</value>
         <object_component_ref idref="oc-513"/>
      </symbol>
      <symbol id="sm-17c6">
         <name>_fseeko</name>
         <value>0x316526</value>
         <object_component_ref idref="oc-513"/>
      </symbol>
      <symbol id="sm-17d8">
         <name>_ftello</name>
         <value>0x316611</value>
         <object_component_ref idref="oc-514"/>
      </symbol>
      <symbol id="sm-17da">
         <name>_ftell</name>
         <value>0x316611</value>
         <object_component_ref idref="oc-514"/>
      </symbol>
      <symbol id="sm-17ec">
         <name>___TI_buff_read</name>
         <value>0x3161c7</value>
         <object_component_ref idref="oc-546"/>
      </symbol>
      <symbol id="sm-1804">
         <name>___TI_rd_ok</name>
         <value>0x315ecc</value>
         <object_component_ref idref="oc-524"/>
      </symbol>
      <symbol id="sm-1806">
         <name>___TI_wrt_ok</name>
         <value>0x315e92</value>
         <object_component_ref idref="oc-524"/>
      </symbol>
      <symbol id="sm-181e">
         <name>_setvbuf</name>
         <value>0x3158bd</value>
         <object_component_ref idref="oc-583"/>
      </symbol>
      <symbol id="sm-183a">
         <name>_c_int00</name>
         <value>0x31611e</value>
         <object_component_ref idref="oc-49"/>
      </symbol>
      <symbol id="sm-183b">
         <name>__stack</name>
         <value>0x9000</value>
         <object_component_ref idref="oc-3aa"/>
      </symbol>
      <symbol id="sm-184b">
         <name>FD$$CMP</name>
         <value>0x31696d</value>
         <object_component_ref idref="oc-3b0"/>
      </symbol>
      <symbol id="sm-185d">
         <name>FD$$MPY</name>
         <value>0x3157b9</value>
         <object_component_ref idref="oc-3b5"/>
      </symbol>
      <symbol id="sm-186a">
         <name>FD$$NEG</name>
         <value>0x316d53</value>
         <object_component_ref idref="oc-3ba"/>
      </symbol>
      <symbol id="sm-1876">
         <name>FD$$SUB</name>
         <value>0x316d19</value>
         <object_component_ref idref="oc-3bf"/>
      </symbol>
      <symbol id="sm-1885">
         <name>FD$$TOI</name>
         <value>0x30ffdd</value>
         <object_component_ref idref="oc-3c4"/>
      </symbol>
      <symbol id="sm-1894">
         <name>FD$$TOL</name>
         <value>0x316b12</value>
         <object_component_ref idref="oc-3c9"/>
      </symbol>
      <symbol id="sm-18a0">
         <name>LL$$AND</name>
         <value>0x316c2a</value>
         <object_component_ref idref="oc-3ce"/>
      </symbol>
      <symbol id="sm-18a1">
         <name>LL$$OR</name>
         <value>0x316c32</value>
         <object_component_ref idref="oc-3ce"/>
      </symbol>
      <symbol id="sm-18a2">
         <name>LL$$XOR</name>
         <value>0x316c3a</value>
         <object_component_ref idref="oc-3ce"/>
      </symbol>
      <symbol id="sm-18b0">
         <name>ULL$$CMP</name>
         <value>0x316b61</value>
         <object_component_ref idref="oc-3d3"/>
      </symbol>
      <symbol id="sm-18b1">
         <name>LL$$CMP</name>
         <value>0x316b4f</value>
         <object_component_ref idref="oc-3d3"/>
      </symbol>
      <symbol id="sm-18dd">
         <name>ULL$$MOD</name>
         <value>0x3137e6</value>
         <object_component_ref idref="oc-3d8"/>
      </symbol>
      <symbol id="sm-18de">
         <name>ULL$$DIV</name>
         <value>0x3137b7</value>
         <object_component_ref idref="oc-3d8"/>
      </symbol>
      <symbol id="sm-18df">
         <name>LL$$MOD</name>
         <value>0x31377d</value>
         <object_component_ref idref="oc-3d8"/>
      </symbol>
      <symbol id="sm-18e0">
         <name>LL$$DIV</name>
         <value>0x313741</value>
         <object_component_ref idref="oc-3d8"/>
      </symbol>
      <symbol id="sm-18f0">
         <name>I$$TOFD</name>
         <value>0x316b6d</value>
         <object_component_ref idref="oc-3dd"/>
      </symbol>
      <symbol id="sm-1900">
         <name>L$$TOFD</name>
         <value>0x316bc3</value>
         <object_component_ref idref="oc-3e2"/>
      </symbol>
      <symbol id="sm-1910">
         <name>FS$$TOFD</name>
         <value>0x316ba7</value>
         <object_component_ref idref="oc-3e7"/>
      </symbol>
      <symbol id="sm-1927">
         <name>FD$$DIV</name>
         <value>0x31561c</value>
         <object_component_ref idref="oc-3ec"/>
      </symbol>
      <symbol id="sm-1936">
         <name>_copy_in</name>
         <value>0x316a86</value>
         <object_component_ref idref="oc-4d5"/>
      </symbol>
      <symbol id="sm-1948">
         <name>_memcpy</name>
         <value>0x316b8a</value>
         <object_component_ref idref="oc-4db"/>
      </symbol>
      <symbol id="sm-1955">
         <name>__system_pre_init</name>
         <value>0x30fffe</value>
         <object_component_ref idref="oc-4d4"/>
      </symbol>
      <symbol id="sm-1963">
         <name>__system_post_cinit</name>
         <value>0x30b737</value>
         <object_component_ref idref="oc-4d6"/>
      </symbol>
      <symbol id="sm-1978">
         <name>C$$EXIT</name>
         <value>0x3169c1</value>
         <object_component_ref idref="oc-4d8"/>
      </symbol>
      <symbol id="sm-1979">
         <name>_exit</name>
         <value>0x3169c3</value>
         <object_component_ref idref="oc-4d8"/>
      </symbol>
      <symbol id="sm-197b">
         <name>___TI_cleanup_ptr</name>
         <value>0xfad4</value>
         <object_component_ref idref="oc-407"/>
      </symbol>
      <symbol id="sm-197c">
         <name>___TI_enable_exit_profile_output</name>
         <value>0xfad2</value>
         <object_component_ref idref="oc-407"/>
      </symbol>
      <symbol id="sm-197d">
         <name>_abort</name>
         <value>0x3169c1</value>
         <object_component_ref idref="oc-4d8"/>
      </symbol>
      <symbol id="sm-197f">
         <name>___TI_dtors_ptr</name>
         <value>0xfad6</value>
         <object_component_ref idref="oc-407"/>
      </symbol>
      <symbol id="sm-1993">
         <name>__unlock</name>
         <value>0xfade</value>
         <object_component_ref idref="oc-500"/>
      </symbol>
      <symbol id="sm-1994">
         <name>__lock</name>
         <value>0xf93e</value>
         <object_component_ref idref="oc-4dd"/>
      </symbol>
      <symbol id="sm-1995">
         <name>__register_lock</name>
         <value>0x316d4e</value>
         <object_component_ref idref="oc-4f3"/>
      </symbol>
      <symbol id="sm-1997">
         <name>__nop</name>
         <value>0x316d52</value>
         <object_component_ref idref="oc-4f3"/>
      </symbol>
      <symbol id="sm-1999">
         <name>__register_unlock</name>
         <value>0x316d4a</value>
         <object_component_ref idref="oc-4f3"/>
      </symbol>
      <symbol id="sm-19a8">
         <name>___TI_ltoa</name>
         <value>0x3168ba</value>
         <object_component_ref idref="oc-529"/>
      </symbol>
      <symbol id="sm-19b8">
         <name>__args_main</name>
         <value>0x316cd5</value>
         <object_component_ref idref="oc-4d7"/>
      </symbol>
      <symbol id="sm-19cd">
         <name>_atoi</name>
         <value>0x316859</value>
         <object_component_ref idref="oc-505"/>
      </symbol>
      <symbol id="sm-19d6">
         <name>__ctypes_</name>
         <value>0x31b090</value>
         <object_component_ref idref="oc-528"/>
      </symbol>
      <symbol id="sm-19e7">
         <name>___TI_ft_end</name>
         <value>0xfae2</value>
         <object_component_ref idref="oc-424"/>
      </symbol>
      <symbol id="sm-19e8">
         <name>___TI_tmpnams</name>
         <value>0xf940</value>
         <object_component_ref idref="oc-54b"/>
      </symbol>
      <symbol id="sm-19e9">
         <name>__ftable</name>
         <value>0xfa00</value>
         <object_component_ref idref="oc-503"/>
      </symbol>
      <symbol id="sm-19f8">
         <name>_memccpy</name>
         <value>0x316d09</value>
         <object_component_ref idref="oc-509"/>
      </symbol>
      <symbol id="sm-1a08">
         <name>_memchr</name>
         <value>0x316d27</value>
         <object_component_ref idref="oc-527"/>
      </symbol>
      <symbol id="sm-1a17">
         <name>_memcmp</name>
         <value>0x316cc2</value>
         <object_component_ref idref="oc-521"/>
      </symbol>
      <symbol id="sm-1a75">
         <name>__sys_memory</name>
         <value>0x400</value>
         <object_component_ref idref="oc-438"/>
      </symbol>
      <symbol id="sm-1a76">
         <name>___TI_heap_total_available</name>
         <value>0x3107cb</value>
         <object_component_ref idref="oc-50b"/>
      </symbol>
      <symbol id="sm-1a78">
         <name>_realloc</name>
         <value>0x310670</value>
         <object_component_ref idref="oc-50b"/>
      </symbol>
      <symbol id="sm-1a7a">
         <name>___TI_heap_check</name>
         <value>0x310805</value>
         <object_component_ref idref="oc-50b"/>
      </symbol>
      <symbol id="sm-1a7c">
         <name>_free</name>
         <value>0x3105a6</value>
         <object_component_ref idref="oc-50b"/>
      </symbol>
      <symbol id="sm-1a7e">
         <name>_memalign</name>
         <value>0x310725</value>
         <object_component_ref idref="oc-50b"/>
      </symbol>
      <symbol id="sm-1a7f">
         <name>_calloc</name>
         <value>0x3106f8</value>
         <object_component_ref idref="oc-50b"/>
      </symbol>
      <symbol id="sm-1a81">
         <name>_malloc</name>
         <value>0x31057b</value>
         <object_component_ref idref="oc-50b"/>
      </symbol>
      <symbol id="sm-1a83">
         <name>_aligned_alloc</name>
         <value>0x310725</value>
         <object_component_ref idref="oc-50b"/>
      </symbol>
      <symbol id="sm-1a85">
         <name>_minit</name>
         <value>0x3106f4</value>
         <object_component_ref idref="oc-50b"/>
      </symbol>
      <symbol id="sm-1a87">
         <name>___TI_heap_largest_available</name>
         <value>0x3107e8</value>
         <object_component_ref idref="oc-50b"/>
      </symbol>
      <symbol id="sm-1a96">
         <name>_memset</name>
         <value>0x316d75</value>
         <object_component_ref idref="oc-4df"/>
      </symbol>
      <symbol id="sm-1aa6">
         <name>_strchr</name>
         <value>0x316d34</value>
         <object_component_ref idref="oc-52c"/>
      </symbol>
      <symbol id="sm-1ab5">
         <name>_strcmp</name>
         <value>0x316d40</value>
         <object_component_ref idref="oc-4f8"/>
      </symbol>
      <symbol id="sm-1ac3">
         <name>_strcpy</name>
         <value>0x316d7c</value>
         <object_component_ref idref="oc-507"/>
      </symbol>
      <symbol id="sm-1ad1">
         <name>_strlen</name>
         <value>0x316d6d</value>
         <object_component_ref idref="oc-506"/>
      </symbol>
      <symbol id="sm-1adc">
         <name>_errno</name>
         <value>0xfae3</value>
         <object_component_ref idref="oc-458"/>
      </symbol>
      <symbol id="sm-1ae9">
         <name>_write</name>
         <value>0x316c11</value>
         <object_component_ref idref="oc-526"/>
      </symbol>
      <symbol id="sm-1afa">
         <name>__device</name>
         <value>0xfa80</value>
         <object_component_ref idref="oc-5ef"/>
      </symbol>
      <symbol id="sm-1afb">
         <name>__stream</name>
         <value>0xf5ca</value>
         <object_component_ref idref="oc-584"/>
      </symbol>
      <symbol id="sm-1b07">
         <name>_remove</name>
         <value>0x316d81</value>
         <object_component_ref idref="oc-54c"/>
      </symbol>
      <symbol id="sm-1b15">
         <name>_read</name>
         <value>0x316bdf</value>
         <object_component_ref idref="oc-547"/>
      </symbol>
      <symbol id="sm-1b31">
         <name>_open</name>
         <value>0x315c77</value>
         <object_component_ref idref="oc-548"/>
      </symbol>
      <symbol id="sm-1b3f">
         <name>_lseek</name>
         <value>0x316c42</value>
         <object_component_ref idref="oc-549"/>
      </symbol>
      <symbol id="sm-1b50">
         <name>_close</name>
         <value>0x316790</value>
         <object_component_ref idref="oc-54a"/>
      </symbol>
      <symbol id="sm-1b64">
         <name>_frexpl</name>
         <value>0x31606d</value>
         <object_component_ref idref="oc-52a"/>
      </symbol>
      <symbol id="sm-1b83">
         <name>_scalbnl</name>
         <value>0x314d9a</value>
         <object_component_ref idref="oc-52b"/>
      </symbol>
      <symbol id="sm-1b85">
         <name>_ldexpl</name>
         <value>0x314d9a</value>
         <object_component_ref idref="oc-52b"/>
      </symbol>
      <symbol id="sm-1b92">
         <name>_copysignl</name>
         <value>0x316ace</value>
         <object_component_ref idref="oc-586"/>
      </symbol>
      <symbol id="sm-1ba1">
         <name>_wcslen</name>
         <value>0x316d5c</value>
         <object_component_ref idref="oc-50a"/>
      </symbol>
      <symbol id="sm-1bb3">
         <name>_finddevice</name>
         <value>0x316219</value>
         <object_component_ref idref="oc-5b7"/>
      </symbol>
      <symbol id="sm-1bb5">
         <name>_getdevice</name>
         <value>0x316234</value>
         <object_component_ref idref="oc-5b7"/>
      </symbol>
      <symbol id="sm-1bd1">
         <name>FD$$ADD</name>
         <value>0x315210</value>
         <object_component_ref idref="oc-497"/>
      </symbol>
      <symbol id="sm-1bdd">
         <name>UL$$MOD</name>
         <value>0x3169bb</value>
         <object_component_ref idref="oc-49c"/>
      </symbol>
      <symbol id="sm-1bde">
         <name>L$$MOD</name>
         <value>0x3169a6</value>
         <object_component_ref idref="oc-49c"/>
      </symbol>
      <symbol id="sm-1bdf">
         <name>L$$DIV</name>
         <value>0x316997</value>
         <object_component_ref idref="oc-49c"/>
      </symbol>
      <symbol id="sm-1be0">
         <name>UL$$DIV</name>
         <value>0x3169b4</value>
         <object_component_ref idref="oc-49c"/>
      </symbol>
      <symbol id="sm-1bf0">
         <name>_strncpy</name>
         <value>0x316c86</value>
         <object_component_ref idref="oc-607"/>
      </symbol>
      <symbol id="sm-1bfd">
         <name>_unlink</name>
         <value>0x316bf8</value>
         <object_component_ref idref="oc-5b8"/>
      </symbol>
      <symbol id="sm-1c0a">
         <name>_HOSTclose</name>
         <value>0x316a3a</value>
         <object_component_ref idref="oc-60a"/>
      </symbol>
      <symbol id="sm-1c17">
         <name>_HOSTlseek</name>
         <value>0x316012</value>
         <object_component_ref idref="oc-60d"/>
      </symbol>
      <symbol id="sm-1c27">
         <name>_parmbuf</name>
         <value>0xf9f8</value>
         <object_component_ref idref="oc-611"/>
      </symbol>
      <symbol id="sm-1c28">
         <name>_HOSTopen</name>
         <value>0x31664a</value>
         <object_component_ref idref="oc-609"/>
      </symbol>
      <symbol id="sm-1c36">
         <name>_HOSTread</name>
         <value>0x316726</value>
         <object_component_ref idref="oc-60b"/>
      </symbol>
      <symbol id="sm-1c43">
         <name>_HOSTrename</name>
         <value>0x3164e8</value>
         <object_component_ref idref="oc-60f"/>
      </symbol>
      <symbol id="sm-1c50">
         <name>_HOSTunlink</name>
         <value>0x316aaa</value>
         <object_component_ref idref="oc-60e"/>
      </symbol>
      <symbol id="sm-1c5e">
         <name>_HOSTwrite</name>
         <value>0x316682</value>
         <object_component_ref idref="oc-60c"/>
      </symbol>
      <symbol id="sm-1c78">
         <name>___TI_readmsg</name>
         <value>0x3153a0</value>
         <object_component_ref idref="oc-612"/>
      </symbol>
      <symbol id="sm-1c7a">
         <name>C$$IO$$</name>
         <value>0x31539b</value>
         <object_component_ref idref="oc-612"/>
      </symbol>
      <symbol id="sm-1c7b">
         <name>__CIOBUF_</name>
         <value>0x80</value>
         <object_component_ref idref="oc-4cf"/>
      </symbol>
      <symbol id="sm-1c7c">
         <name>___TI_writemsg</name>
         <value>0x315348</value>
         <object_component_ref idref="oc-612"/>
      </symbol>
   </symbol_table>
   <title>Link successful</title>
</link_info>
