******************************************************************************
             TMS320C2000 Linker PC v22.6.0                     
******************************************************************************
>> Linked Wed May 13 21:25:20 2026

OUTPUT FILE NAME:   <build/debug/AIC32_codec_spi_test4_own.out>
ENTRY POINT SYMBOL: "_c_int00"  address: 00316328


MEMORY CONFIGURATION

         name            origin    length      used     unused   attr    fill
----------------------  --------  ---------  --------  --------  ----  --------
PAGE 0:
  ZONE0                 00004000   00001000  00000000  00001000  RWIX
  RAML0                 00008000   00001000  0000001f  00000fe1  RWIX
  ZONE6A                00100000   0000fc00  00000000  0000fc00  RWIX
  FLASHH                00306000   00002000  00000000  00002000  RWIX
  FLASHG                00308000   00008000  00007fff  00000001  RWIX
  FLASHF                00310000   00008000  00006fae  00001052  RWIX
  FLASHE                00318000   00008000  00004724  000038dc  RWIX
  FLASHD                00320000   00007e80  0000001f  00007e61  RWIX
  BEGIN                 00327e80   00000002  00000002  00000000  RWIX
  FLASHC                00328000   00008000  000000d7  00007f29  RWIX
  FLASHA                00338000   00007e80  00000000  00007e80  RWIX
  CSM_RSVD              0033ff80   00000076  00000000  00000076  RWIX
  CSM_PWL               0033fff8   00000008  00000000  00000008  RWIX
  ADC_CAL               00380080   00000009  00000007  00000002  RWIX
  OTP                   00380400   00000400  00000000  00000400  RWIX
  IQTABLES              003fe000   00000b50  00000000  00000b50  RWIX
  IQTABLES2             003feb50   0000008c  00000000  0000008c  RWIX
  FPUTABLES             003febdc   000006a0  00000000  000006a0  RWIX
  ROM                   003ff27c   00000d44  00000000  00000d44  RWIX
  RESET                 003fffc0   00000002  00000000  00000002  RWIX
  VECTORS               003fffc2   0000003e  00000000  0000003e  RWIX

PAGE 1:
  BOOT_RSVD             00000000   00000050  00000000  00000050  RWIX
  RAMM0                 00000050   000003b0  00000120  00000290  RWIX
  RAMM1                 00000400   00000400  00000400  00000000  RWIX
  DEV_EMU               00000880   00000180  000000d0  000000b0  RWIX
  FLASH_REGS            00000a80   00000060  00000008  00000058  RWIX
  CSM                   00000ae0   00000010  00000010  00000000  RWIX
  ADC_MIRROR            00000b00   00000010  00000010  00000000  RWIX
  XINTF                 00000b20   00000020  0000001e  00000002  RWIX
  CPU_TIMER0            00000c00   00000008  00000008  00000000  RWIX
  CPU_TIMER1            00000c08   00000008  00000008  00000000  RWIX
  CPU_TIMER2            00000c10   00000008  00000008  00000000  RWIX
  PIE_CTRL              00000ce0   00000020  0000001a  00000006  RWIX
  PIE_VECT              00000d00   00000100  00000100  00000000  RWIX
  DMA                   00001000   00000200  000000e0  00000120  RWIX
  MCBSPA                00005000   00000040  00000025  0000001b  RWIX
  MCBSPB                00005040   00000040  00000025  0000001b  RWIX
  ECANA                 00006000   00000040  00000034  0000000c  RWIX
  ECANA_LAM             00006040   00000040  00000040  00000000  RWIX
  ECANA_MOTS            00006080   00000040  00000040  00000000  RWIX
  ECANA_MOTO            000060c0   00000040  00000040  00000000  RWIX
  ECANA_MBOX            00006100   00000100  00000100  00000000  RWIX
  ECANB                 00006200   00000040  00000034  0000000c  RWIX
  ECANB_LAM             00006240   00000040  00000040  00000000  RWIX
  ECANB_MOTS            00006280   00000040  00000040  00000000  RWIX
  ECANB_MOTO            000062c0   00000040  00000040  00000000  RWIX
  ECANB_MBOX            00006300   00000100  00000100  00000000  RWIX
  EPWM1                 00006800   00000022  00000022  00000000  RWIX
  EPWM2                 00006840   00000022  00000022  00000000  RWIX
  EPWM3                 00006880   00000022  00000022  00000000  RWIX
  EPWM4                 000068c0   00000022  00000022  00000000  RWIX
  EPWM5                 00006900   00000022  00000022  00000000  RWIX
  EPWM6                 00006940   00000022  00000022  00000000  RWIX
  ECAP1                 00006a00   00000020  00000020  00000000  RWIX
  ECAP2                 00006a20   00000020  00000020  00000000  RWIX
  ECAP3                 00006a40   00000020  00000020  00000000  RWIX
  ECAP4                 00006a60   00000020  00000020  00000000  RWIX
  ECAP5                 00006a80   00000020  00000020  00000000  RWIX
  ECAP6                 00006aa0   00000020  00000020  00000000  RWIX
  EQEP1                 00006b00   00000040  00000040  00000000  RWIX
  EQEP2                 00006b40   00000040  00000040  00000000  RWIX
  GPIOCTRL              00006f80   00000040  0000002e  00000012  RWIX
  GPIODAT               00006fc0   00000020  00000020  00000000  RWIX
  GPIOINT               00006fe0   00000020  0000000a  00000016  RWIX
  SYSTEM                00007010   00000020  00000020  00000000  RWIX
  SPIA                  00007040   00000010  00000010  00000000  RWIX
  SCIA                  00007050   00000010  00000010  00000000  RWIX
  XINTRUPT              00007070   00000010  00000010  00000000  RWIX
  ADC                   00007100   00000020  0000001e  00000002  RWIX
  SCIB                  00007750   00000010  00000010  00000000  RWIX
  SCIC                  00007770   00000010  00000010  00000000  RWIX
  I2CA                  00007900   00000040  00000022  0000001e  RWIX
  RAML1                 00009000   00006000  00006000  00000000  RWIX
  RAML7                 0000f000   00001000  00000ae6  0000051a  RWIX
  ZONE6B                0010fc00   00000400  00000000  00000400  RWIX
  ZONE7                 00200000   00040000  0001c6a0  00023960  RWIX
  FLASHB                00330000   00008000  00000000  00008000  RWIX
  CSM_PWL               0033fff8   00000008  00000008  00000000  RWIX


SECTION ALLOCATION MAP

 output                                  attributes/
section   page    origin      length       input sections
--------  ----  ----------  ----------   ----------------
.text.1    0    00308000    00007fff     
                  00308000    00000be5     audio_lib.lib : dec_amr.obj (.text)
                  00308be5    00000a1f                   : vad1.obj (.text)
                  00309604    000009d9                   : dtx_dec.obj (.text)
                  00309fdd    00000898                   : vad2.obj (.text)
                  0030a875    00000765                   : cod_amr.obj (.text)
                  0030afda    0000075d                   : s10_8pf.obj (.text)
                  0030b737    00000001     rts2800_fpu32.lib : startup.c.obj (.text)
                  0030b738    000006d0                       : _printfi.c.obj (.text)
                  0030be08    000005f5                       : _printfi.c.obj (.text:__TI_printfi)
                  0030c3fd    00000557     audio_lib.lib : audio.obj (.text)
                  0030c954    000004b4                   : pitch_fr.obj (.text)
                  0030ce08    0000042f                   : qgain795.obj (.text)
                  0030d237    0000042c                   : c4_17pf.obj (.text)
                  0030d663    000003f0                   : q_plsf_3.obj (.text)
                  0030da53    000003ca                   : basicop2.obj (.text)
                  0030de1d    00000395                   : qgain475.obj (.text)
                  0030e1b2    0000038f                   : c3_14pf.obj (.text)
                  0030e541    00000370                   : q_plsf_5.obj (.text)
                  0030e8b1    00000357                   : pitch_ol.obj (.text)
                  0030ec08    00000323     DSP2833x_DefaultIsr.obj (.text:retain)
                  0030ef2b    0000030e     audio_lib.lib : c8_31pf.obj (.text)
                  0030f239    000002ef                   : calc_en.obj (.text)
                  0030f528    000002ee                   : c2_11pf.obj (.text)
                  0030f816    000002ca                   : dtx_enc.obj (.text)
                  0030fae0    000002c8                   : wavreader.obj (.text)
                  0030fda8    00000254                   : r_fft.obj (.text)
                  0030fffc    00000003     rts2800_fpu32.lib : remove.c.obj (.text)

.text.2    0    00310000    00006fae     
                  00310000    000002c7     audio_lib.lib : c2_9pf.obj (.text)
                  003102c7    000002c6                   : p_ol_wgh.obj (.text)
                  0031058d    000002b5                   : ph_disp.obj (.text)
                  00310842    0000028c     rts2800_fpu32.lib : memory.c.obj (.text)
                  00310ace    00000277     audio_lib.lib : c1035pf.obj (.text)
                  00310d45    00000246                   : int_lpc.obj (.text)
                  00310f8b    00000238                   : d_plsf_3.obj (.text)
                  003111c3    00000237                   : levinson.obj (.text)
                  003113fa    0000022b                   : az_lsp.obj (.text)
                  00311625    00000225                   : c_g_aver.obj (.text)
                  0031184a    00000201                   : gain_q.obj (.text)
                  00311a4b    000001f6                   : d_plsf_5.obj (.text)
                  00311c41    000001f2                   : gc_pred.obj (.text)
                  00311e33    000001ed                   : cor_h.obj (.text)
                  00312020    000001be                   : set_sign.obj (.text)
                  003121de    000001ba                   : d8_31pf.obj (.text)
                  00312398    000001b9     student_codec_app.obj (.text)
                  00312551    000001a1     audio_lib.lib : bgnscd.obj (.text)
                  003126f2    00000194                   : cbsearch.obj (.text)
                  00312886    00000189                   : agc.obj (.text)
                  00312a0f    00000189                   : qua_gain.obj (.text)
                  00312b98    00000187     uarta_lib.lib : uart.obj (.text)
                  00312d1f    00000159     DSP2833x_Mcbsp1.obj (.text)
                  00312e78    00000148     audio_lib.lib : pstfilt.obj (.text)
                  00312fc0    00000137     codec_service_lib.lib : codec_service.obj (.text)
                  003130f7    00000135     student_codec_app.obj (.text:retain)
                  0031322c    00000134     audio_lib.lib : lsp_az.obj (.text)
                  00313360    00000133                   : g_pitch.obj (.text)
                  00313493    00000129                   : ec_gains.obj (.text)
                  003135bc    00000123                   : autocorr.obj (.text)
                  003136df    00000121     rts2800_fpu32.lib : fopen.c.obj (.text)
                  00313800    00000110     audio_lib.lib : cl_ltp.obj (.text)
                  00313910    00000108                   : ton_stab.obj (.text)
                  00313a18    00000107     rts2800_fpu32.lib : ll_div28.asm.obj (.text)
                  00313b1f    000000f7     DSP2833x_SysCtrl.obj (.text)
                  00313c16    000000f6     DSP2833x_Xintf.obj (.text)
                  00313d0c    000000ef     audio_lib.lib : hp_max.obj (.text)
                  00313dfb    000000ee                   : dec_gain.obj (.text)
                  00313ee9    000000ec     spi_lib.lib : spi.obj (.text)
                  00313fd5    000000ea     audio_lib.lib : b_cn_cod.obj (.text)
                  003140bf    000000e2                   : dec_lag3.obj (.text)
                  003141a1    000000e1                   : a_refl.obj (.text)
                  00314282    000000e1                   : q_gain_c.obj (.text)
                  00314363    000000e0                   : g_adapt.obj (.text)
                  00314443    000000dc                   : if1_pack.obj (.text)
                  0031451f    000000d8                   : d4_17pf.obj (.text)
                  003145f7    000000d6                   : lsp.obj (.text)
                  003146cd    000000cf                   : q_gain_p.obj (.text)
                  0031479c    000000ce                   : spstproc.obj (.text)
                  0031486a    000000ca                   : int_lsf.obj (.text)
                  00314934    000000c9                   : dec_main.obj (.text)
                  003149fd    000000c6                   : syn_filt.obj (.text)
                  00314ac3    000000bf                   : ex_ctrl.obj (.text)
                  00314b82    000000b6                   : enc_lag3.obj (.text)
                  00314c38    000000b3                   : d2_9pf.obj (.text)
                  00314ceb    000000b3                   : lsp_lsf.obj (.text)
                  00314d9e    000000b1                   : d3_14pf.obj (.text)
                  00314e4f    000000ab                   : d2_11pf.obj (.text)
                  00314efa    000000aa                   : spreproc.obj (.text)
                  00314fa4    000000a9     rts2800_fpu32.lib : s_scalbn.c.obj (.text)
                  0031504d    000000a8                       : fputs.c.obj (.text)
                  003150f5    000000a4     audio_lib.lib : d1035pf.obj (.text)
                  00315199    000000a3                   : if1_unpack.obj (.text)
                  0031523c    000000a3     rts2800_fpu32.lib : fread.c.obj (.text)
                  003152df    0000009e     audio_lib.lib : enc_main.obj (.text)
                  0031537d    0000009d                   : dec_lag6.obj (.text)
                  0031541a    0000009c     rts2800_fpu32.lib : fd_add28.asm.obj (.text)
                  003154b6    0000009b     audio_lib.lib : oper_32b.obj (.text)
                  00315551    00000001     --HOLE-- [fill = 0]
                  00315552    00000095     rts2800_fpu32.lib : trgmsg.c.obj (.text)
                  003155e7    00000094     audio_lib.lib : g_code.obj (.text)
                  0031567b    0000008f                   : lpc.obj (.text)
                  0031570a    0000008f                   : ol_ltp.obj (.text)
                  00315799    0000008d                   : post_pro.obj (.text)
                  00315826    0000008b     rts2800_fpu32.lib : fd_div28.asm.obj (.text)
                  003158b1    0000008a     audio_lib.lib : pre_proc.obj (.text)
                  0031593b    00000088                   : lsfwt.obj (.text)
                  003159c3    00000083     rts2800_fpu32.lib : fd_mpy28.asm.obj (.text)
                  00315a46    00000081     audio_lib.lib : pred_lt.obj (.text)
                  00315ac7    0000007c     rts2800_fpu32.lib : setvbuf.c.obj (.text)
                  00315b43    0000007b     DSP2833x_CpuTimers.obj (.text)
                  00315bbe    0000007b     exint_lib.lib : exint.obj (.text)
                  00315c39    00000079     audio_lib.lib : d_gain_c.obj (.text)
                  00315cb2    00000078                   : gmed_n.obj (.text)
                  00315d2a    00000073                   : log2.obj (.text)
                  00315d9d    00000073     rts2800_fpu32.lib : fflush.c.obj (.text)
                  00315e10    00000071     audio_lib.lib : inv_sqrt.obj (.text)
                  00315e81    00000071     rts2800_fpu32.lib : open.c.obj (.text)
                  00315ef2    0000006e     audio_lib.lib : ietf_in.obj (.text)
                  00315f60    0000006c                   : pre_big.obj (.text)
                  00315fcc    00000068                   : inter_36.obj (.text)
                  00316034    00000068     uarta_lib.lib : uart.obj (.text:retain)
                  0031609c    00000065     rts2800_fpu32.lib : _io_perm.c.obj (.text)
                  00316101    00000060     audio_lib.lib : sqrt_l.obj (.text)
                  00316161    0000005e                   : ietf_out.obj (.text)
                  003161bf    0000005d     rts2800_fpu32.lib : fclose.c.obj (.text)
                  0031621c    0000005b                       : hostlseek.c.obj (.text)
                  00316277    0000005a                       : s_frexp.c.obj (.text)
                  003162d1    00000057     audio_lib.lib : lflg_upd.obj (.text)
                  00316328    00000056     rts2800_fpu32.lib : boot28.asm.obj (.text)
                  0031637e    00000053                       : fputc.c.obj (.text)
                  003163d1    00000052                       : _bufread.c.obj (.text)
                  00316423    00000051                       : getdevice.c.obj (.text)
                  00316474    00000050                       : fgetc.c.obj (.text)
                  003164c4    0000004d     audio_lib.lib : preemph.obj (.text)
                  00316511    0000004c                   : lsp_avg.obj (.text)
                  0031655d    00000049                   : sid_sync.obj (.text)
                  003165a6    00000047                   : pow2.obj (.text)
                  003165ed    00000044                   : enc_lag6.obj (.text)
                  00316631    00000043                   : calc_cor.obj (.text)
                  00316674    0000003f                   : prm2bits.obj (.text)
                  003166b3    0000003f                   : residu.obj (.text)
                  003166f2    0000003e     rts2800_fpu32.lib : hostrename.c.obj (.text)
                  00316730    0000003d                       : fseek.c.obj (.text)
                  0031676d    0000003c     audio_lib.lib : dhf_check.obj (.text)
                  003167a9    00000039                   : bits2prm.obj (.text)
                  003167e2    00000039                   : convolve.obj (.text)
                  0031681b    00000039     rts2800_fpu32.lib : ftell.c.obj (.text)
                  00316854    00000038                       : hostopen.c.obj (.text)
                  0031688c    00000037                       : hostwrite.c.obj (.text)
                  003168c3    00000037     timer0_lib.lib : timer.obj (.text)
                  003168fa    00000036     audio_lib.lib : lag_wind.obj (.text)
                  00316930    00000036     rts2800_fpu32.lib : hostread.c.obj (.text)
                  00316966    00000034                       : printf.c.obj (.text)
                  0031699a    00000033                       : close.c.obj (.text)
                  003169cd    00000032     DSP2833x_Sci.obj (.text)
                  003169ff    00000032     audio_lib.lib : mac_32.obj (.text)
                  00316a31    00000032     rts2800_fpu32.lib : sprintf.c.obj (.text)
                  00316a63    00000031                       : atoi.c.obj (.text)
                  00316a94    00000030     audio_lib.lib : reorder.obj (.text)
                  00316ac4    00000030     rts2800_fpu32.lib : _ltoa.c.obj (.text)
                  00316af4    0000002c     DSP2833x_Spi.obj (.text)
                  00316b20    0000002c     audio_lib.lib : weight_a.obj (.text)
                  00316b4c    0000002b                   : d_gain_p.obj (.text)
                  00316b77    0000002a     rts2800_fpu32.lib : fd_cmp28.asm.obj (.text)
                  00316ba1    0000002a                       : l_div28.asm.obj (.text)
                  00316bcb    00000029                       : exit.c.obj (.text)
                  00316bf4    00000028     DSP2833x_PieCtrl.obj (.text)
                  00316c1c    00000028     led_lib.lib : leds.obj (.text)
                  00316c44    00000027     rts2800_fpu32.lib : hostclose.c.obj (.text)
                  00316c6b    00000025     audio_lib.lib : d_plsf.obj (.text)
                  00316c90    00000024     rts2800_fpu32.lib : cpy_tbl.c.obj (.text)
                  00316cb4    00000024                       : hostunlink.c.obj (.text)
                  00316cd8    00000024                       : s_copysign.c.obj (.text)
                  00316cfc    00000021                       : fd_toi28.asm.obj (.text)
                  00316d1d    00000020     DSP2833x_PieVect.obj (.text)
                  00316d3d    0000001f     rts2800_fpu32.lib : fd_tol28.asm.obj (.text)
                  00316d5c    0000001e     audio_lib.lib : e_homing.obj (.text)
                  00316d7a    0000001e     rts2800_fpu32.lib : ll_cmp28.asm.obj (.text)
                  00316d98    0000001d                       : i_tofd28.asm.obj (.text)
                  00316db5    0000001d                       : memcpy.c.obj (.text)
                  00316dd2    0000001c                       : fs_tofdfpu32.asm.obj (.text)
                  00316dee    0000001c                       : l_tofd28.asm.obj (.text)
                  00316e0a    00000019                       : read.c.obj (.text)
                  00316e23    00000019                       : unlink.c.obj (.text)
                  00316e3c    00000019                       : write.c.obj (.text)
                  00316e55    00000018                       : ll_aox28.asm.obj (.text)
                  00316e6d    00000018                       : lseek.c.obj (.text)
                  00316e85    00000017     DSP2833x_I2C.obj (.text)
                  00316e9c    00000015     audio_lib.lib : vad_reset.obj (.text)
                  00316eb1    00000015     rts2800_fpu32.lib : strncpy.c.obj (.text)
                  00316ec6    00000014     audio_lib.lib : ietf_fo.obj (.text)
                  00316eda    00000013     DSP2833x_MemCopy.obj (.text)
                  00316eed    00000013     rts2800_fpu32.lib : memcmp.c.obj (.text)
                  00316f00    00000012                       : args_main.c.obj (.text)
                  00316f12    00000011     audio_lib.lib : q_plsf.obj (.text)
                  00316f23    00000011     rts2800_fpu32.lib : feof.c.obj (.text)
                  00316f34    00000010                       : memccpy.c.obj (.text)
                  00316f44    0000000e                       : fd_sub28.asm.obj (.text)
                  00316f52    0000000d                       : memchr.c.obj (.text)
                  00316f5f    0000000c                       : strchr.c.obj (.text)
                  00316f6b    0000000a                       : strcmp.c.obj (.text)
                  00316f75    00000009                       : _lock.c.obj (.text)
                  00316f7e    00000009                       : fd_neg28.asm.obj (.text)
                  00316f87    00000009                       : wcslen.c.obj (.text)
                  00316f90    00000008     DSP2833x_CodeStartBranch.obj (.text)
                  00316f98    00000008     rts2800_fpu32.lib : strlen.c.obj (.text)
                  00316fa0    00000007                       : memset.c.obj (.text)
                  00316fa7    00000005                       : strcpy.c.obj (.text)
                  00316fac    00000002                       : pre_init.c.obj (.text)

.econst    0    00318000    00004724     
                  00318000    00000800     audio_lib.lib : q_plsf3_tab.obj (.econst:_dico3_lsf3)
                  00318800    00000600                   : q_plsf3_tab.obj (.econst:_dico2_lsf3)
                  00318e00    00000600                   : q_plsf3_tab.obj (.econst:_mr795_1_lsf)
                  00319400    00000400                   : q_plsf5_tab.obj (.econst:_EFR__dico2_lsf)
                  00319800    00000400                   : q_plsf5_tab.obj (.econst:_EFR__dico3_lsf)
                  00319c00    00000400                   : q_plsf5_tab.obj (.econst:_EFR__dico4_lsf)
                  0031a000    00000400                   : qua_gain_tab.obj (.econst:_table_gain_MR475)
                  0031a400    00000300                   : q_plsf3_tab.obj (.econst:_dico1_lsf3)
                  0031a700    00000253     student_codec_app.obj (.econst:.string)
                  0031a953    00000200     audio_lib.lib : q_plsf5_tab.obj (.econst:_EFR__dico1_lsf)
                  0031ab53    00000200                   : q_plsf3_tab.obj (.econst:_mr515_3_lsf)
                  0031ad53    00000200                   : qua_gain_tab.obj (.econst:_table_gain_highrates)
                  0031af53    00000001     --HOLE-- [fill = 0]
                  0031af54    00000118                   : audio.obj (.econst:.string)
                  0031b06c    00000101     rts2800_fpu32.lib : ctype.c.obj (.econst:.string:__ctypes_)
                  0031b16d    00000100     audio_lib.lib : q_plsf5_tab.obj (.econst:_EFR__dico5_lsf)
                  0031b26d    00000001     --HOLE-- [fill = 0]
                  0031b26e    00000100     DSP2833x_PieVect.obj (.econst:_PieVectTableInit)
                  0031b36e    00000100     audio_lib.lib : qua_gain_tab.obj (.econst:_table_gain_lowrates)
                  0031b46e    000000fb                   : p_ol_wgh.obj (.econst:_corrweight)
                  0031b569    000000f4                   : if1_bit_order.obj (.econst:_sort_122)
                  0031b65d    000000f0                   : window.obj (.econst:_window_160_80)
                  0031b74d    000000f0                   : window.obj (.econst:_window_200_40)
                  0031b83d    000000f0                   : window.obj (.econst:_window_232_8)
                  0031b92d    000000cc                   : if1_bit_order.obj (.econst:_sort_102)
                  0031b9f9    00000001     --HOLE-- [fill = 0]
                  0031b9fa    000000bf                   : wavreader.obj (.econst:.string)
                  0031bab9    0000009f                   : if1_bit_order.obj (.econst:_sort_795)
                  0031bb58    00000094                   : if1_bit_order.obj (.econst:_sort_74)
                  0031bbec    00000086                   : if1_bit_order.obj (.econst:_sort_67)
                  0031bc72    00000080                   : r_fft.obj (.econst:_phs_tbl)
                  0031bcf2    00000076                   : if1_bit_order.obj (.econst:_sort_59)
                  0031bd68    00000067                   : if1_bit_order.obj (.econst:_sort_515)
                  0031bdcf    00000060                   : gains_tab.obj (.econst:_qua_gain_code)
                  0031be2f    0000005f                   : if1_bit_order.obj (.econst:_sort_475)
                  0031be8e    0000005a                   : vad2.obj (.econst:_vm_tbl$3)
                  0031bee8    00000050                   : q_plsf3_tab.obj (.econst:_past_rq_init)
                  0031bf38    00000048                   : pitch_fr.obj (.econst:_mode_dep_parm)
                  0031bf80    00000041                   : lsp_lsf.obj (.econst:_table)
                  0031bfc1    00000040                   : lsp_lsf.obj (.econst:_slope)
                  0031c001    0000003d                   : az_lsp.obj (.econst:_grid)
                  0031c03e    0000003d                   : pred_lt.obj (.econst:_inter_6)
                  0031c07b    00000039                   : dhf_tables.obj (.econst:_amr_dhf_gsmefr)
                  0031c0b4    00000039                   : dhf_tables.obj (.econst:_amr_dhf_mr102)
                  0031c0ed    00000039                   : dhf_tables.obj (.econst:_amr_dhf_mr122)
                  0031c126    00000039                   : dhf_tables.obj (.econst:_amr_dhf_mr475)
                  0031c15f    00000039                   : dhf_tables.obj (.econst:_amr_dhf_mr515)
                  0031c198    00000039                   : dhf_tables.obj (.econst:_amr_dhf_mr59)
                  0031c1d1    00000039                   : dhf_tables.obj (.econst:_amr_dhf_mr67)
                  0031c20a    00000039                   : dhf_tables.obj (.econst:_amr_dhf_mr74)
                  0031c243    00000039                   : dhf_tables.obj (.econst:_amr_dhf_mr795)
                  0031c27c    00000039                   : bitno.obj (.econst:_bitno_MR122)
                  0031c2b5    00000031                   : inv_sqrt.obj (.econst:_table)
                  0031c2e6    00000031                   : sqrt_l.obj (.econst:_table)
                  0031c317    00000028                   : ph_disp.obj (.econst:_ph_imp_low)
                  0031c33f    00000028                   : ph_disp.obj (.econst:_ph_imp_low_MR795)
                  0031c367    00000028                   : ph_disp.obj (.econst:_ph_imp_mid)
                  0031c38f    00000028                   : ph_disp.obj (.econst:_ph_imp_mid_MR795)
                  0031c3b7    00000027                   : bitno.obj (.econst:_bitno_MR102)
                  0031c3de    00000026     rts2800_fpu32.lib : _printfi.c.obj (.econst:.string)
                  0031c404    00000022     spi_lib.lib : spi.obj (.econst:.string)
                  0031c426    00000021     audio_lib.lib : log2.obj (.econst:_table)
                  0031c447    00000021                   : pow2.obj (.econst:_table)
                  0031c468    00000020                   : vad2.obj (.econst:_ch_tbl$1)
                  0031c488    0000001c     rts2800_fpu32.lib : _printfi.c.obj (.econst)
                  0031c4a4    0000001c                       : s_scalbn.c.obj (.econst)
                  0031c4c0    00000019     audio_lib.lib : inter_36.obj (.econst:_inter_6)
                  0031c4d9    00000017                   : bitno.obj (.econst:_bitno_MR795)
                  0031c4f0    00000014                   : vad2.obj (.econst:_burstcount_table$5)
                  0031c504    00000014                   : vad2.obj (.econst:_hangover_table$4)
                  0031c518    00000014                   : vad2.obj (.econst:_vm_threshold_table$6)
                  0031c52c    00000013                   : bitno.obj (.econst:_bitno_MR515)
                  0031c53f    00000013                   : bitno.obj (.econst:_bitno_MR59)
                  0031c552    00000013                   : bitno.obj (.econst:_bitno_MR67)
                  0031c565    00000013                   : bitno.obj (.econst:_bitno_MR74)
                  0031c578    00000012                   : bitno.obj (.econst:_bitno)
                  0031c58a    00000011                   : bitno.obj (.econst:_bitno_MR475)
                  0031c59b    00000001     --HOLE-- [fill = 0]
                  0031c59c    00000010     uarta_lib.lib : uart.obj (.econst:.string)
                  0031c5ac    00000010     audio_lib.lib : vad2.obj (.econst:_ch_tbl_sh$2)
                  0031c5bc    00000010                   : dhf_check.obj (.econst:_dhf_per_mode)
                  0031c5cc    00000010                   : gains_tab.obj (.econst:_qua_gain_pitch)
                  0031c5dc    00000010                   : c2_9pf.obj (.econst:_startPos)
                  0031c5ec    00000010                   : d2_9pf.obj (.econst:_startPos)
                  0031c5fc    0000000a                   : q_plsf5_tab.obj (.econst:_EFR__mean_lsf)
                  0031c606    0000000a                   : cod_amr.obj (.econst:_gamma1)
                  0031c610    0000000a                   : cod_amr.obj (.econst:_gamma1_12k2)
                  0031c61a    0000000a                   : cod_amr.obj (.econst:_gamma2)
                  0031c624    0000000a                   : pstfilt.obj (.econst:_gamma3)
                  0031c62e    0000000a                   : pstfilt.obj (.econst:_gamma3_MR122)
                  0031c638    0000000a                   : pstfilt.obj (.econst:_gamma4)
                  0031c642    0000000a                   : pstfilt.obj (.econst:_gamma4_MR122)
                  0031c64c    0000000a                   : lag_wind.obj (.econst:_lag_h)
                  0031c656    0000000a                   : lag_wind.obj (.econst:_lag_l)
                  0031c660    0000000a                   : dtx_dec.obj (.econst:_lsf_hist_mean_scale)
                  0031c66a    0000000a                   : lsp_tab.obj (.econst:_lsp_init_data)
                  0031c674    0000000a                   : q_plsf3_tab.obj (.econst:_mean_lsf3)
                  0031c67e    0000000a                   : q_plsf3_tab.obj (.econst:_pred_fac)
                  0031c688    00000009                   : dtx_dec.obj (.econst:_dtx_log_en_adjust)
                  0031c691    00000009                   : ietf_fo.obj (.econst:_extra_bytes_per_ft)
                  0031c69a    00000009                   : ietf_out.obj (.econst:_first_octet_per_ft)
                  0031c6a3    00000009                   : prmno.obj (.econst:_prmno)
                  0031c6ac    00000009                   : ietf_out.obj (.econst:_total_bytes_per_ft)
                  0031c6b5    00000008                   : graytab.obj (.econst:_dgray)
                  0031c6bd    00000008                   : graytab.obj (.econst:_gray)
                  0031c6c5    00000008                   : prmno.obj (.econst:_prmnofsf)
                  0031c6cd    00000001     --HOLE-- [fill = 0]
                  0031c6ce    00000008     rts2800_fpu32.lib : s_frexp.c.obj (.econst)
                  0031c6d6    00000007     audio_lib.lib : ec_gains.obj (.econst:_cdown$1)
                  0031c6dd    00000007                   : ec_gains.obj (.econst:_pdown$2)
                  0031c6e4    00000006                   : audio.obj (.econst:_$P$T0$1)
                  0031c6ea    00000006                   : ietf_hdr.obj (.econst:_amr_file_header_magic)
                  0031c6f0    00000006                   : r_fft.obj (.econst:_ii_table)
                  0031c6f6    00000005                   : bitno.obj (.econst:_bitno_MRDTX)
                  0031c6fb    00000004                   : gc_pred.obj (.econst:_pred)
                  0031c6ff    00000004                   : gc_pred.obj (.econst:_pred_MR122)
                  0031c703    00000004                   : c2_11pf.obj (.econst:_startPos2)
                  0031c707    00000003                   : post_pro.obj (.econst:_a)
                  0031c70a    00000003                   : pre_proc.obj (.econst:_a)
                  0031c70d    00000003                   : post_pro.obj (.econst:_b)
                  0031c710    00000003                   : pre_proc.obj (.econst:_b)
                  0031c713    00000001     --HOLE-- [fill = 0]
                  0031c714    00000002     rts2800_fpu32.lib : fputs.c.obj (.econst:.string)
                  0031c716    00000002     audio_lib.lib : vad2.obj (.econst:_enrg_norm_shift$12)
                  0031c718    00000002                   : vad2.obj (.econst:_fbits$10)
                  0031c71a    00000002                   : vad2.obj (.econst:_ine_noise$9)
                  0031c71c    00000002                   : vad2.obj (.econst:_min_chan_enrg$8)
                  0031c71e    00000002                   : vad2.obj (.econst:_noise_floor_chan$7)
                  0031c720    00000002                   : c2_11pf.obj (.econst:_startPos1)
                  0031c722    00000002                   : vad2.obj (.econst:_state_change_shift_r$11)

ramfuncs   0    00320000    0000001f     RUN ADDR = 00008000
                  00320000    0000001b     DSP2833x_SysCtrl.obj (ramfuncs)
                  0032001b    00000004     DSP2833x_usDelay.obj (ramfuncs)

.cinit     0    00328000    000000d7     
                  00328000    00000026     rts2800_fpu32.lib : defs.c.obj (.cinit:__ftable)
                  00328026    0000001f     student_codec_app.obj (.cinit)
                  00328045    0000001b     rts2800_fpu32.lib : host_device.c.obj (.cinit:__device)
                  00328060    00000017     audio_lib.lib : c2_9pf.obj (.cinit:_trackTable$1)
                  00328077    00000017     codec_service_lib.lib : codec_service.obj (.cinit)
                  0032808e    0000000e     rts2800_fpu32.lib : host_device.c.obj (.cinit:__stream)
                  0032809c    0000000e                       : exit.c.obj (.cinit)
                  003280aa    0000000d     uarta_lib.lib : uart.obj (.cinit:_Buff)
                  003280b7    00000005     rts2800_fpu32.lib : _lock.c.obj (.cinit:__lock)
                  003280bc    00000005                       : _lock.c.obj (.cinit:__unlock)
                  003280c1    00000004                       : defs.c.obj (.cinit)
                  003280c5    00000004                       : errno.c.obj (.cinit)
                  003280c9    00000004                       : fopen.c.obj (.cinit)
                  003280cd    00000004                       : memory.c.obj (.cinit)
                  003280d1    00000004                       : open.c.obj (.cinit)
                  003280d5    00000002     --HOLE-- [fill = 0]

.esysmem   1    00000400    00000400     UNINITIALIZED
                  00000400    00000004     rts2800_fpu32.lib : memory.c.obj (.esysmem)
                  00000404    000003fc     --HOLE--

DevEmuRegsFile 
*          1    00000880    000000d0     UNINITIALIZED
                  00000880    000000d0     DSP2833x_GlobalVariableDefs.obj (DevEmuRegsFile)

FlashRegsFile 
*          1    00000a80    00000008     UNINITIALIZED
                  00000a80    00000008     DSP2833x_GlobalVariableDefs.obj (FlashRegsFile)

CsmRegsFile 
*          1    00000ae0    00000010     UNINITIALIZED
                  00000ae0    00000010     DSP2833x_GlobalVariableDefs.obj (CsmRegsFile)

AdcMirrorFile 
*          1    00000b00    00000010     UNINITIALIZED
                  00000b00    00000010     DSP2833x_GlobalVariableDefs.obj (AdcMirrorFile)

XintfRegsFile 
*          1    00000b20    0000001e     UNINITIALIZED
                  00000b20    0000001e     DSP2833x_GlobalVariableDefs.obj (XintfRegsFile)

CpuTimer0RegsFile 
*          1    00000c00    00000008     UNINITIALIZED
                  00000c00    00000008     DSP2833x_GlobalVariableDefs.obj (CpuTimer0RegsFile)

CpuTimer1RegsFile 
*          1    00000c08    00000008     UNINITIALIZED
                  00000c08    00000008     DSP2833x_GlobalVariableDefs.obj (CpuTimer1RegsFile)

CpuTimer2RegsFile 
*          1    00000c10    00000008     UNINITIALIZED
                  00000c10    00000008     DSP2833x_GlobalVariableDefs.obj (CpuTimer2RegsFile)

PieCtrlRegsFile 
*          1    00000ce0    0000001a     UNINITIALIZED
                  00000ce0    0000001a     DSP2833x_GlobalVariableDefs.obj (PieCtrlRegsFile)

PieVectTableFile 
*          1    00000d00    00000100     UNINITIALIZED
                  00000d00    00000100     DSP2833x_GlobalVariableDefs.obj (PieVectTableFile)

DmaRegsFile 
*          1    00001000    000000e0     UNINITIALIZED
                  00001000    000000e0     DSP2833x_GlobalVariableDefs.obj (DmaRegsFile)

McbspaRegsFile 
*          1    00005000    00000025     UNINITIALIZED
                  00005000    00000025     DSP2833x_GlobalVariableDefs.obj (McbspaRegsFile)

McbspbRegsFile 
*          1    00005040    00000025     UNINITIALIZED
                  00005040    00000025     DSP2833x_GlobalVariableDefs.obj (McbspbRegsFile)

ECanaRegsFile 
*          1    00006000    00000034     UNINITIALIZED
                  00006000    00000034     DSP2833x_GlobalVariableDefs.obj (ECanaRegsFile)

ECanaLAMRegsFile 
*          1    00006040    00000040     UNINITIALIZED
                  00006040    00000040     DSP2833x_GlobalVariableDefs.obj (ECanaLAMRegsFile)

ECanaMOTSRegsFile 
*          1    00006080    00000040     UNINITIALIZED
                  00006080    00000040     DSP2833x_GlobalVariableDefs.obj (ECanaMOTSRegsFile)

ECanaMOTORegsFile 
*          1    000060c0    00000040     UNINITIALIZED
                  000060c0    00000040     DSP2833x_GlobalVariableDefs.obj (ECanaMOTORegsFile)

ECanaMboxesFile 
*          1    00006100    00000100     UNINITIALIZED
                  00006100    00000100     DSP2833x_GlobalVariableDefs.obj (ECanaMboxesFile)

ECanbRegsFile 
*          1    00006200    00000034     UNINITIALIZED
                  00006200    00000034     DSP2833x_GlobalVariableDefs.obj (ECanbRegsFile)

ECanbLAMRegsFile 
*          1    00006240    00000040     UNINITIALIZED
                  00006240    00000040     DSP2833x_GlobalVariableDefs.obj (ECanbLAMRegsFile)

ECanbMOTSRegsFile 
*          1    00006280    00000040     UNINITIALIZED
                  00006280    00000040     DSP2833x_GlobalVariableDefs.obj (ECanbMOTSRegsFile)

ECanbMOTORegsFile 
*          1    000062c0    00000040     UNINITIALIZED
                  000062c0    00000040     DSP2833x_GlobalVariableDefs.obj (ECanbMOTORegsFile)

ECanbMboxesFile 
*          1    00006300    00000100     UNINITIALIZED
                  00006300    00000100     DSP2833x_GlobalVariableDefs.obj (ECanbMboxesFile)

EPwm1RegsFile 
*          1    00006800    00000022     UNINITIALIZED
                  00006800    00000022     DSP2833x_GlobalVariableDefs.obj (EPwm1RegsFile)

EPwm2RegsFile 
*          1    00006840    00000022     UNINITIALIZED
                  00006840    00000022     DSP2833x_GlobalVariableDefs.obj (EPwm2RegsFile)

EPwm3RegsFile 
*          1    00006880    00000022     UNINITIALIZED
                  00006880    00000022     DSP2833x_GlobalVariableDefs.obj (EPwm3RegsFile)

EPwm4RegsFile 
*          1    000068c0    00000022     UNINITIALIZED
                  000068c0    00000022     DSP2833x_GlobalVariableDefs.obj (EPwm4RegsFile)

EPwm5RegsFile 
*          1    00006900    00000022     UNINITIALIZED
                  00006900    00000022     DSP2833x_GlobalVariableDefs.obj (EPwm5RegsFile)

EPwm6RegsFile 
*          1    00006940    00000022     UNINITIALIZED
                  00006940    00000022     DSP2833x_GlobalVariableDefs.obj (EPwm6RegsFile)

ECap1RegsFile 
*          1    00006a00    00000020     UNINITIALIZED
                  00006a00    00000020     DSP2833x_GlobalVariableDefs.obj (ECap1RegsFile)

ECap2RegsFile 
*          1    00006a20    00000020     UNINITIALIZED
                  00006a20    00000020     DSP2833x_GlobalVariableDefs.obj (ECap2RegsFile)

ECap3RegsFile 
*          1    00006a40    00000020     UNINITIALIZED
                  00006a40    00000020     DSP2833x_GlobalVariableDefs.obj (ECap3RegsFile)

ECap4RegsFile 
*          1    00006a60    00000020     UNINITIALIZED
                  00006a60    00000020     DSP2833x_GlobalVariableDefs.obj (ECap4RegsFile)

ECap5RegsFile 
*          1    00006a80    00000020     UNINITIALIZED
                  00006a80    00000020     DSP2833x_GlobalVariableDefs.obj (ECap5RegsFile)

ECap6RegsFile 
*          1    00006aa0    00000020     UNINITIALIZED
                  00006aa0    00000020     DSP2833x_GlobalVariableDefs.obj (ECap6RegsFile)

EQep1RegsFile 
*          1    00006b00    00000040     UNINITIALIZED
                  00006b00    00000040     DSP2833x_GlobalVariableDefs.obj (EQep1RegsFile)

EQep2RegsFile 
*          1    00006b40    00000040     UNINITIALIZED
                  00006b40    00000040     DSP2833x_GlobalVariableDefs.obj (EQep2RegsFile)

GpioCtrlRegsFile 
*          1    00006f80    0000002e     UNINITIALIZED
                  00006f80    0000002e     DSP2833x_GlobalVariableDefs.obj (GpioCtrlRegsFile)

GpioDataRegsFile 
*          1    00006fc0    00000020     UNINITIALIZED
                  00006fc0    00000020     DSP2833x_GlobalVariableDefs.obj (GpioDataRegsFile)

GpioIntRegsFile 
*          1    00006fe0    0000000a     UNINITIALIZED
                  00006fe0    0000000a     DSP2833x_GlobalVariableDefs.obj (GpioIntRegsFile)

SysCtrlRegsFile 
*          1    00007010    00000020     UNINITIALIZED
                  00007010    00000020     DSP2833x_GlobalVariableDefs.obj (SysCtrlRegsFile)

SpiaRegsFile 
*          1    00007040    00000010     UNINITIALIZED
                  00007040    00000010     DSP2833x_GlobalVariableDefs.obj (SpiaRegsFile)

SciaRegsFile 
*          1    00007050    00000010     UNINITIALIZED
                  00007050    00000010     DSP2833x_GlobalVariableDefs.obj (SciaRegsFile)

XIntruptRegsFile 
*          1    00007070    00000010     UNINITIALIZED
                  00007070    00000010     DSP2833x_GlobalVariableDefs.obj (XIntruptRegsFile)

AdcRegsFile 
*          1    00007100    0000001e     UNINITIALIZED
                  00007100    0000001e     DSP2833x_GlobalVariableDefs.obj (AdcRegsFile)

ScibRegsFile 
*          1    00007750    00000010     UNINITIALIZED
                  00007750    00000010     DSP2833x_GlobalVariableDefs.obj (ScibRegsFile)

ScicRegsFile 
*          1    00007770    00000010     UNINITIALIZED
                  00007770    00000010     DSP2833x_GlobalVariableDefs.obj (ScicRegsFile)

I2caRegsFile 
*          1    00007900    00000022     UNINITIALIZED
                  00007900    00000022     DSP2833x_GlobalVariableDefs.obj (I2caRegsFile)

CsmPwlFile 
*          1    0033fff8    00000008     UNINITIALIZED
                  0033fff8    00000008     DSP2833x_GlobalVariableDefs.obj (CsmPwlFile)

.pinit     0    00328000    00000000     UNINITIALIZED

codestart 
*          0    00327e80    00000002     
                  00327e80    00000002     DSP2833x_CodeStartBranch.obj (codestart)

.stack     1    00009000    00006000     UNINITIALIZED
                  00009000    00006000     --HOLE--

.ebss      1    0000f000    00000ae6     UNINITIALIZED
                  0000f000    000005ca     audio_lib.lib : enc_main.obj (.ebss)
                  0000f5ca    00000028     rts2800_fpu32.lib : host_device.c.obj (.ebss:__stream)
                  0000f5f2    0000000a     uarta_lib.lib : uart.obj (.ebss:_Buff)
                  0000f5fc    00000004     rts2800_fpu32.lib : memory.c.obj (.ebss)
                  0000f600    0000032a     audio_lib.lib : dec_main.obj (.ebss)
                  0000f92a    00000014                   : c2_9pf.obj (.ebss:_trackTable$1)
                  0000f93e    00000002     rts2800_fpu32.lib : _lock.c.obj (.ebss:__lock)
                  0000f940    000000a0                       : defs.c.obj (.ebss:___TI_tmpnams)
                  0000f9e0    00000018     DSP2833x_CpuTimers.obj (.ebss)
                  0000f9f8    00000008     rts2800_fpu32.lib : hostopen.c.obj (.ebss:_parmbuf)
                  0000fa00    00000078                       : defs.c.obj (.ebss:__ftable)
                  0000fa78    00000008     codec_service_lib.lib : codec_service.obj (.ebss)
                  0000fa80    00000048     rts2800_fpu32.lib : host_device.c.obj (.ebss:__device)
                  0000fac8    0000000a     student_codec_app.obj (.ebss)
                  0000fad2    00000006     rts2800_fpu32.lib : exit.c.obj (.ebss)
                  0000fad8    00000006     uarta_lib.lib : uart.obj (.ebss)
                  0000fade    00000002     rts2800_fpu32.lib : _lock.c.obj (.ebss:__unlock)
                  0000fae0    00000002     audio_lib.lib : basicop2.obj (.ebss)
                  0000fae2    00000001     rts2800_fpu32.lib : defs.c.obj (.ebss)
                  0000fae3    00000001                       : errno.c.obj (.ebss)
                  0000fae4    00000001                       : fopen.c.obj (.ebss)
                  0000fae5    00000001                       : open.c.obj (.ebss)

ZONE7DATA 
*          1    00200000    0001c6a0     UNINITIALIZED
                  00200000    0001c6a0     codec_service_lib.lib : codec_service.obj (ZONE7DATA)

.reset     0    003fffc0    00000002     DSECT
                  003fffc0    00000002     rts2800_fpu32.lib : boot28.asm.obj (.reset)

vectors    0    003fffc2    00000000     DSECT

.adc_cal   0    00380080    00000007     NOLOAD SECTION
                  00380080    00000007     DSP2833x_ADC_cal.obj (.adc_cal)

.cio       1    00000080    00000120     UNINITIALIZED
                  00000080    00000120     rts2800_fpu32.lib : trgmsg.c.obj (.cio)

MODULE SUMMARY

       Module                            code    initialized data   uninitialized data
       ------                            ----    ----------------   ------------------
    build\debug\source\
       DSP2833x_GlobalVariableDefs.obj   0       0                  2678              
       DSP2833x_DefaultIsr.obj           803     0                  0                 
       DSP2833x_Mcbsp1.obj               345     0                  0                 
       DSP2833x_SysCtrl.obj              301     0                  0                 
       DSP2833x_PieVect.obj              32      256                0                 
       DSP2833x_Xintf.obj                246     0                  0                 
       DSP2833x_CpuTimers.obj            123     0                  24                
       DSP2833x_Sci.obj                  50      0                  0                 
       DSP2833x_Spi.obj                  44      0                  0                 
       DSP2833x_PieCtrl.obj              40      0                  0                 
       DSP2833x_I2C.obj                  23      0                  0                 
       DSP2833x_MemCopy.obj              19      0                  0                 
       DSP2833x_CodeStartBranch.obj      10      0                  0                 
       DSP2833x_usDelay.obj              8       0                  0                 
       DSP2833x_ADC_cal.obj              7       0                  0                 
    +--+---------------------------------+-------+------------------+--------------------+
       Total:                            2051    256                2702              
                                                                                      
    build\debug\user\
       student_codec_app.obj             750     626                10                
    +--+---------------------------------+-------+------------------+--------------------+
       Total:                            750     626                10                
                                                                                      
    F:\ti\CCS8.3\ccsv8\tools\compiler\ti-cgt-c2000_22.6.0.LTS\lib\rts2800_fpu32.lib
       _printfi.c.obj                    3269    66                 0                 
       memory.c.obj                      652     4                  4                 
       trgmsg.c.obj                      149     0                  288               
       defs.c.obj                        0       42                 281               
       fopen.c.obj                       289     4                  1                 
       ll_div28.asm.obj                  263     0                  0                 
       ctype.c.obj                       0       257                0                 
       s_scalbn.c.obj                    169     28                 0                 
       fputs.c.obj                       168     2                  0                 
       fread.c.obj                       163     0                  0                 
       fd_add28.asm.obj                  156     0                  0                 
       host_device.c.obj                 0       41                 112               
       fd_div28.asm.obj                  139     0                  0                 
       fd_mpy28.asm.obj                  131     0                  0                 
       setvbuf.c.obj                     124     0                  0                 
       open.c.obj                        113     4                  1                 
       fflush.c.obj                      115     0                  0                 
       _io_perm.c.obj                    101     0                  0                 
       s_frexp.c.obj                     90      8                  0                 
       fclose.c.obj                      93      0                  0                 
       hostlseek.c.obj                   91      0                  0                 
       boot28.asm.obj                    86      0                  0                 
       fputc.c.obj                       83      0                  0                 
       _bufread.c.obj                    82      0                  0                 
       getdevice.c.obj                   81      0                  0                 
       fgetc.c.obj                       80      0                  0                 
       hostopen.c.obj                    56      0                  8                 
       hostrename.c.obj                  62      0                  0                 
       exit.c.obj                        41      14                 6                 
       fseek.c.obj                       61      0                  0                 
       ftell.c.obj                       57      0                  0                 
       hostwrite.c.obj                   55      0                  0                 
       hostread.c.obj                    54      0                  0                 
       printf.c.obj                      52      0                  0                 
       close.c.obj                       51      0                  0                 
       sprintf.c.obj                     50      0                  0                 
       atoi.c.obj                        49      0                  0                 
       _ltoa.c.obj                       48      0                  0                 
       fd_cmp28.asm.obj                  42      0                  0                 
       l_div28.asm.obj                   42      0                  0                 
       hostclose.c.obj                   39      0                  0                 
       cpy_tbl.c.obj                     36      0                  0                 
       hostunlink.c.obj                  36      0                  0                 
       s_copysign.c.obj                  36      0                  0                 
       fd_toi28.asm.obj                  33      0                  0                 
       fd_tol28.asm.obj                  31      0                  0                 
       ll_cmp28.asm.obj                  30      0                  0                 
       i_tofd28.asm.obj                  29      0                  0                 
       memcpy.c.obj                      29      0                  0                 
       fs_tofdfpu32.asm.obj              28      0                  0                 
       l_tofd28.asm.obj                  28      0                  0                 
       read.c.obj                        25      0                  0                 
       unlink.c.obj                      25      0                  0                 
       write.c.obj                       25      0                  0                 
       ll_aox28.asm.obj                  24      0                  0                 
       lseek.c.obj                       24      0                  0                 
       _lock.c.obj                       9       10                 4                 
       strncpy.c.obj                     21      0                  0                 
       memcmp.c.obj                      19      0                  0                 
       args_main.c.obj                   18      0                  0                 
       feof.c.obj                        17      0                  0                 
       memccpy.c.obj                     16      0                  0                 
       fd_sub28.asm.obj                  14      0                  0                 
       memchr.c.obj                      13      0                  0                 
       strchr.c.obj                      12      0                  0                 
       strcmp.c.obj                      10      0                  0                 
       fd_neg28.asm.obj                  9       0                  0                 
       wcslen.c.obj                      9       0                  0                 
       strlen.c.obj                      8       0                  0                 
       memset.c.obj                      7       0                  0                 
       errno.c.obj                       0       4                  1                 
       strcpy.c.obj                      5       0                  0                 
       remove.c.obj                      3       0                  0                 
       pre_init.c.obj                    2       0                  0                 
       startup.c.obj                     1       0                  0                 
    +--+---------------------------------+-------+------------------+--------------------+
       Total:                            8078    484                706               
                                                                                      
    lib/release/lib/audio_lib.lib
       q_plsf3_tab.obj                   0       6500               0                 
       q_plsf5_tab.obj                   0       3850               0                 
       dec_amr.obj                       3045    0                  0                 
       vad1.obj                          2591    0                  0                 
       dtx_dec.obj                       2521    19                 0                 
       vad2.obj                          2200    210                0                 
       cod_amr.obj                       1893    30                 0                 
       s10_8pf.obj                       1885    0                  0                 
       qua_gain_tab.obj                  0       1792               0                 
       audio.obj                         1367    286                0                 
       enc_main.obj                      158     0                  1482              
       pitch_fr.obj                      1204    72                 0                 
       if1_bit_order.obj                 0       1205               0                 
       qgain795.obj                      1071    0                  0                 
       c4_17pf.obj                       1068    0                  0                 
       dec_main.obj                      201     0                  810               
       q_plsf_3.obj                      1008    0                  0                 
       basicop2.obj                      970     0                  2                 
       p_ol_wgh.obj                      710     251                0                 
       qgain475.obj                      917     0                  0                 
       c3_14pf.obj                       911     0                  0                 
       wavreader.obj                     712     191                0                 
       q_plsf_5.obj                      880     0                  0                 
       pitch_ol.obj                      855     0                  0                 
       ph_disp.obj                       693     160                0                 
       c8_31pf.obj                       782     0                  0                 
       c2_9pf.obj                        711     39                 20                
       c2_11pf.obj                       750     6                  0                 
       calc_en.obj                       751     0                  0                 
       r_fft.obj                         596     134                0                 
       window.obj                        0       720                0                 
       dtx_enc.obj                       714     0                  0                 
       c1035pf.obj                       631     0                  0                 
       az_lsp.obj                        555     61                 0                 
       int_lpc.obj                       582     0                  0                 
       d_plsf_3.obj                      568     0                  0                 
       levinson.obj                      567     0                  0                 
       c_g_aver.obj                      549     0                  0                 
       dhf_tables.obj                    0       513                0                 
       gain_q.obj                        513     0                  0                 
       gc_pred.obj                       498     8                  0                 
       d_plsf_5.obj                      502     0                  0                 
       cor_h.obj                         493     0                  0                 
       set_sign.obj                      446     0                  0                 
       d8_31pf.obj                       442     0                  0                 
       bgnscd.obj                        417     0                  0                 
       cbsearch.obj                      404     0                  0                 
       agc.obj                           393     0                  0                 
       qua_gain.obj                      393     0                  0                 
       pstfilt.obj                       328     40                 0                 
       ec_gains.obj                      297     14                 0                 
       lsp_az.obj                        308     0                  0                 
       lsp_lsf.obj                       179     129                0                 
       g_pitch.obj                       307     0                  0                 
       autocorr.obj                      291     0                  0                 
       cl_ltp.obj                        272     0                  0                 
       ton_stab.obj                      264     0                  0                 
       hp_max.obj                        239     0                  0                 
       dec_gain.obj                      238     0                  0                 
       bitno.obj                         0       235                0                 
       b_cn_cod.obj                      234     0                  0                 
       dec_lag3.obj                      226     0                  0                 
       a_refl.obj                        225     0                  0                 
       q_gain_c.obj                      225     0                  0                 
       g_adapt.obj                       224     0                  0                 
       if1_pack.obj                      220     0                  0                 
       d4_17pf.obj                       216     0                  0                 
       lsp.obj                           214     0                  0                 
       q_gain_p.obj                      207     0                  0                 
       spstproc.obj                      206     0                  0                 
       int_lsf.obj                       202     0                  0                 
       syn_filt.obj                      198     0                  0                 
       d2_9pf.obj                        179     16                 0                 
       ex_ctrl.obj                       191     0                  0                 
       pred_lt.obj                       129     61                 0                 
       enc_lag3.obj                      182     0                  0                 
       d3_14pf.obj                       177     0                  0                 
       d2_11pf.obj                       171     0                  0                 
       spreproc.obj                      170     0                  0                 
       d1035pf.obj                       164     0                  0                 
       if1_unpack.obj                    163     0                  0                 
       inv_sqrt.obj                      113     49                 0                 
       dec_lag6.obj                      157     0                  0                 
       oper_32b.obj                      155     0                  0                 
       g_code.obj                        148     0                  0                 
       log2.obj                          115     33                 0                 
       post_pro.obj                      141     6                  0                 
       sqrt_l.obj                        96      49                 0                 
       pre_proc.obj                      138     6                  0                 
       lpc.obj                           143     0                  0                 
       ol_ltp.obj                        143     0                  0                 
       lsfwt.obj                         136     0                  0                 
       inter_36.obj                      104     25                 0                 
       d_gain_c.obj                      121     0                  0                 
       gmed_n.obj                        120     0                  0                 
       gains_tab.obj                     0       112                0                 
       ietf_out.obj                      94      18                 0                 
       ietf_in.obj                       110     0                  0                 
       pre_big.obj                       108     0                  0                 
       pow2.obj                          71      33                 0                 
       lflg_upd.obj                      87      0                  0                 
       preemph.obj                       77      0                  0                 
       dhf_check.obj                     60      16                 0                 
       lsp_avg.obj                       76      0                  0                 
       lag_wind.obj                      54      20                 0                 
       sid_sync.obj                      73      0                  0                 
       enc_lag6.obj                      68      0                  0                 
       calc_cor.obj                      67      0                  0                 
       prm2bits.obj                      63      0                  0                 
       residu.obj                        63      0                  0                 
       bits2prm.obj                      57      0                  0                 
       convolve.obj                      57      0                  0                 
       mac_32.obj                        50      0                  0                 
       reorder.obj                       48      0                  0                 
       weight_a.obj                      44      0                  0                 
       d_gain_p.obj                      43      0                  0                 
       d_plsf.obj                        37      0                  0                 
       e_homing.obj                      30      0                  0                 
       ietf_fo.obj                       20      9                  0                 
       vad_reset.obj                     21      0                  0                 
       prmno.obj                         0       17                 0                 
       q_plsf.obj                        17      0                  0                 
       graytab.obj                       0       16                 0                 
       lsp_tab.obj                       0       10                 0                 
       ietf_hdr.obj                      0       6                  0                 
    +--+---------------------------------+-------+------------------+--------------------+
       Total:                            49288   16967              2314              
                                                                                      
    lib/release/lib/codec_service_lib.lib
       codec_service.obj                 311     23                 116392            
    +--+---------------------------------+-------+------------------+--------------------+
       Total:                            311     23                 116392            
                                                                                      
    lib/release/lib/exint_lib.lib
       exint.obj                         123     0                  0                 
    +--+---------------------------------+-------+------------------+--------------------+
       Total:                            123     0                  0                 
                                                                                      
    lib/release/lib/led_lib.lib
       leds.obj                          40      0                  0                 
    +--+---------------------------------+-------+------------------+--------------------+
       Total:                            40      0                  0                 
                                                                                      
    lib/release/lib/spi_lib.lib
       spi.obj                           236     34                 0                 
    +--+---------------------------------+-------+------------------+--------------------+
       Total:                            236     34                 0                 
                                                                                      
    lib/release/lib/timer0_lib.lib
       timer.obj                         55      0                  0                 
    +--+---------------------------------+-------+------------------+--------------------+
       Total:                            55      0                  0                 
                                                                                      
    lib/release/lib/uarta_lib.lib
       uart.obj                          495     29                 16                
    +--+---------------------------------+-------+------------------+--------------------+
       Total:                            495     29                 16                
                                                                                      
       Heap:                             0       0                  1024              
       Stack:                            0       0                  24576             
    +--+---------------------------------+-------+------------------+--------------------+
       Grand Total:                      61427   18419              147740            


GLOBAL DATA SYMBOLS: SORTED BY DATA PAGE

address     data page           name
--------    ----------------    ----
00000080       2 (00000080)     __CIOBUF_

00000400      10 (00000400)     __sys_memory

00000880      22 (00000880)     _DevEmuRegs

00000a80      2a (00000a80)     _FlashRegs

00000ae0      2b (00000ac0)     _CsmRegs

00000b00      2c (00000b00)     _AdcMirror
00000b20      2c (00000b00)     _XintfRegs

00000c00      30 (00000c00)     _CpuTimer0Regs
00000c08      30 (00000c00)     _CpuTimer1Regs
00000c10      30 (00000c00)     _CpuTimer2Regs

00000ce0      33 (00000cc0)     _PieCtrlRegs

00000d00      34 (00000d00)     _PieVectTable

00001000      40 (00001000)     _DmaRegs

00005000     140 (00005000)     _McbspaRegs

00005040     141 (00005040)     _McbspbRegs

00006000     180 (00006000)     _ECanaRegs

00006040     181 (00006040)     _ECanaLAMRegs

00006080     182 (00006080)     _ECanaMOTSRegs

000060c0     183 (000060c0)     _ECanaMOTORegs

00006100     184 (00006100)     _ECanaMboxes

00006200     188 (00006200)     _ECanbRegs

00006240     189 (00006240)     _ECanbLAMRegs

00006280     18a (00006280)     _ECanbMOTSRegs

000062c0     18b (000062c0)     _ECanbMOTORegs

00006300     18c (00006300)     _ECanbMboxes

00006800     1a0 (00006800)     _EPwm1Regs

00006840     1a1 (00006840)     _EPwm2Regs

00006880     1a2 (00006880)     _EPwm3Regs

000068c0     1a3 (000068c0)     _EPwm4Regs

00006900     1a4 (00006900)     _EPwm5Regs

00006940     1a5 (00006940)     _EPwm6Regs

00006a00     1a8 (00006a00)     _ECap1Regs
00006a20     1a8 (00006a00)     _ECap2Regs

00006a40     1a9 (00006a40)     _ECap3Regs
00006a60     1a9 (00006a40)     _ECap4Regs

00006a80     1aa (00006a80)     _ECap5Regs
00006aa0     1aa (00006a80)     _ECap6Regs

00006b00     1ac (00006b00)     _EQep1Regs

00006b40     1ad (00006b40)     _EQep2Regs

00006f80     1be (00006f80)     _GpioCtrlRegs

00006fc0     1bf (00006fc0)     _GpioDataRegs
00006fe0     1bf (00006fc0)     _GpioIntRegs

00007010     1c0 (00007000)     _SysCtrlRegs

00007040     1c1 (00007040)     _SpiaRegs
00007050     1c1 (00007040)     _SciaRegs
00007070     1c1 (00007040)     _XIntruptRegs

00007100     1c4 (00007100)     _AdcRegs

00007750     1dd (00007740)     _ScibRegs
00007770     1dd (00007740)     _ScicRegs

00007900     1e4 (00007900)     _I2caRegs

00009000     240 (00009000)     __stack

0000f000     3c0 (0000f000)     ___encode_st

0000f5ca     3d7 (0000f5c0)     __stream
0000f5f2     3d7 (0000f5c0)     _Buff

0000f600     3d8 (0000f600)     ___decode_st

0000f93e     3e4 (0000f900)     __lock

0000f940     3e5 (0000f940)     ___TI_tmpnams

0000f9e0     3e7 (0000f9c0)     _CpuTimer0
0000f9e8     3e7 (0000f9c0)     _CpuTimer1
0000f9f0     3e7 (0000f9c0)     _CpuTimer2
0000f9f8     3e7 (0000f9c0)     _parmbuf

0000fa00     3e8 (0000fa00)     __ftable

0000fa80     3ea (0000fa80)     __device

0000fad2     3eb (0000fac0)     ___TI_enable_exit_profile_output
0000fad4     3eb (0000fac0)     ___TI_cleanup_ptr
0000fad6     3eb (0000fac0)     ___TI_dtors_ptr
0000fad8     3eb (0000fac0)     _ReceivedCount
0000fad9     3eb (0000fac0)     _ErrorCount
0000fada     3eb (0000fac0)     _SendChar
0000fadb     3eb (0000fac0)     _ReceivedAChar
0000fadc     3eb (0000fac0)     _ReceivedBChar
0000fadd     3eb (0000fac0)     _BRRVal
0000fade     3eb (0000fac0)     __unlock
0000fae0     3eb (0000fac0)     _EFR__Overflow
0000fae1     3eb (0000fac0)     _EFR__Carry
0000fae2     3eb (0000fac0)     ___TI_ft_end
0000fae3     3eb (0000fac0)     _errno

00318000    c600 (00318000)     _dico3_lsf3

00318800    c620 (00318800)     _dico2_lsf3

00318e00    c638 (00318e00)     _mr795_1_lsf

00319400    c650 (00319400)     _EFR__dico2_lsf

00319800    c660 (00319800)     _EFR__dico3_lsf

00319c00    c670 (00319c00)     _EFR__dico4_lsf

0031a000    c680 (0031a000)     _table_gain_MR475

0031a400    c690 (0031a400)     _dico1_lsf3

0031a953    c6a5 (0031a940)     _EFR__dico1_lsf

0031ab53    c6ad (0031ab40)     _mr515_3_lsf

0031ad53    c6b5 (0031ad40)     _table_gain_highrates

0031b06c    c6c1 (0031b040)     __ctypes_

0031b16d    c6c5 (0031b140)     _EFR__dico5_lsf

0031b26e    c6c9 (0031b240)     _PieVectTableInit

0031b36e    c6cd (0031b340)     _table_gain_lowrates

0031b569    c6d5 (0031b540)     _sort_122

0031b65d    c6d9 (0031b640)     _window_160_80

0031b74d    c6dd (0031b740)     _window_200_40

0031b83d    c6e0 (0031b800)     _window_232_8

0031b92d    c6e4 (0031b900)     _sort_102

0031bab9    c6ea (0031ba80)     _sort_795

0031bb58    c6ed (0031bb40)     _sort_74

0031bbec    c6ef (0031bbc0)     _sort_67

0031bcf2    c6f3 (0031bcc0)     _sort_59

0031bd68    c6f5 (0031bd40)     _sort_515

0031bdcf    c6f7 (0031bdc0)     _qua_gain_code

0031be2f    c6f8 (0031be00)     _sort_475

0031bee8    c6fb (0031bec0)     _past_rq_init

0031c07b    c701 (0031c040)     _amr_dhf_gsmefr

0031c0b4    c702 (0031c080)     _amr_dhf_mr102

0031c0ed    c703 (0031c0c0)     _amr_dhf_mr122

0031c126    c704 (0031c100)     _amr_dhf_mr475

0031c15f    c705 (0031c140)     _amr_dhf_mr515

0031c198    c706 (0031c180)     _amr_dhf_mr59

0031c1d1    c707 (0031c1c0)     _amr_dhf_mr67

0031c20a    c708 (0031c200)     _amr_dhf_mr74

0031c243    c709 (0031c240)     _amr_dhf_mr795

0031c578    c715 (0031c540)     _bitno

0031c5cc    c717 (0031c5c0)     _qua_gain_pitch
0031c5fc    c717 (0031c5c0)     _EFR__mean_lsf

0031c66a    c719 (0031c640)     _lsp_init_data
0031c674    c719 (0031c640)     _mean_lsf3
0031c67e    c719 (0031c640)     _pred_fac

0031c6a3    c71a (0031c680)     _prmno
0031c6b5    c71a (0031c680)     _dgray
0031c6bd    c71a (0031c680)     _gray

0031c6c5    c71b (0031c6c0)     _prmnofsf
0031c6ea    c71b (0031c6c0)     _amr_file_header_magic

0033fff8    cfff (0033ffc0)     _CsmPwl


GLOBAL SYMBOLS: SORTED ALPHABETICALLY BY Name 

page  address   name                               
----  -------   ----                               
abs   ffffffff  .text                              
0     00316bcb  C$$EXIT                            
0     003155a5  C$$IO$$                            
0     0031541a  FD$$ADD                            
0     00316b77  FD$$CMP                            
0     00315826  FD$$DIV                            
0     003159c3  FD$$MPY                            
0     00316f7e  FD$$NEG                            
0     00316f44  FD$$SUB                            
0     00316cfc  FD$$TOI                            
0     00316d3d  FD$$TOL                            
0     00316dd2  FS$$TOFD                           
0     00316d98  I$$TOFD                            
0     00316ba1  L$$DIV                             
0     00316bb0  L$$MOD                             
0     00316dee  L$$TOFD                            
0     00316e55  LL$$AND                            
0     00316d7a  LL$$CMP                            
0     00313a18  LL$$DIV                            
0     00313a54  LL$$MOD                            
0     00316e5d  LL$$OR                             
0     00316e65  LL$$XOR                            
0     00316bbe  UL$$DIV                            
0     00316bc5  UL$$MOD                            
0     00316d8c  ULL$$CMP                           
0     00313a8e  ULL$$DIV                           
0     00313abd  ULL$$MOD                           
0     0030ecee  _ADCINT_ISR                        
0     00380080  _ADC_cal                           
0     0030c432  _AIC23Init                         
0     003141a2  _A_Refl                            
1     00000b00  _AdcMirror                         
1     00007100  _AdcRegs                           
1     0000fadd  _BRRVal                            
0     00312569  _Bgn_scd                           
0     0031255e  _Bgn_scd_reset                     
0     003167a9  _Bits2prm                          
1     0000f5f2  _Buff                              
0     0031163e  _Cb_gain_average                   
0     00311631  _Cb_gain_average_reset             
0     00315b84  _ConfigCpuTimer                    
1     0000f9e0  _CpuTimer0                         
1     00000c00  _CpuTimer0Regs                     
1     0000f9e8  _CpuTimer1                         
1     00000c08  _CpuTimer1Regs                     
1     0000f9f0  _CpuTimer2                         
1     00000c10  _CpuTimer2Regs                     
1     0033fff8  _CsmPwl                            
1     00000ae0  _CsmRegs                           
0     00313be5  _CsmUnlock                         
0     0030ec1c  _DATALOG_ISR                       
0     0030ee10  _DINTCH1_ISR                       
0     0030ee1a  _DINTCH2_ISR                       
0     0030ee24  _DINTCH3_ISR                       
0     0030ee2e  _DINTCH4_ISR                       
0     0030ee38  _DINTCH5_ISR                       
0     0030ee42  _DINTCH6_ISR                       
0     0000801b  _DSP28x_usDelay                    
0     00310f99  _D_plsf_3                          
0     00316c77  _D_plsf_reset                      
0     00313dfd  _Dec_gain                          
0     003140c1  _Dec_lag3                          
0     003080bc  _Decoder_amr                       
0     00308019  _Decoder_amr_reset                 
[...]
0     003130f7  _EXINT1_IRQn                       
0     00313110  _EXINT2_IRQn                       
0     00313129  _TIM0_IRQn                         
0     0031319a  _SPI_READY_IRQn                    
0     003131d1  _ISRMcbspSend                      
0     003132af  _EFR__Lsp_Az                       
0     00313364  _EFR__G_pitch                      
0     00313495  _ec_gain_code_reset                
0     003134ac  _ec_gain_code                      
0     003134e4  _ec_gain_code_update               
0     0031352b  _ec_gain_pitch_reset               
0     00313542  _ec_gain_pitch                     
0     00313568  _ec_gain_pitch_update              
0     003135bf  _EFR__Autocorr                     
0     0031377e  ___TI_cleanup                      
0     0031379b  _freopen                           
0     003137b9  _fopen                             
0     00313802  _cl_ltp_reset                      
0     00313808  _cl_ltp                            
0     00313928  _ton_stab_reset                    
0     00313933  _check_lsp                         
0     003139de  _check_gp_clipping                 
0     00313a04  _update_gp_clipping                
0     00313a18  LL$$DIV                            
0     00313a54  LL$$MOD                            
0     00313a8e  ULL$$DIV                           
0     00313abd  ULL$$MOD                           
0     00313b1f  _InitSysCtrl                       
0     00313b28  _ServiceDog                        
0     00313b32  _DisableDog                        
0     00313b3a  _InitPll                           
0     00313b8a  _InitPeripheralClocks              
0     00313be5  _CsmUnlock                         
0     00313c16  _InitXintf                         
0     00313c6f  _InitXintf32Gpio                   
0     00313cb6  _InitXintf16Gpio                   
0     00313d0f  _hp_max                            
0     00313dfd  _Dec_gain                          
0     00313ee9  _spi_init                          
0     00313eff  _spi_ready_init                    
0     00313f38  _spi_send_and_receive              
0     00313f78  _spi_send_bulk                     
0     00313fb7  _spi_lookback_test                 
0     00313fda  _EFR__pseudonoise                  
0     00314031  _EFR__build_CN_code                
0     00314079  _build_CN_param                    
0     003140c1  _Dec_lag3                          
0     003141a2  _A_Refl                            
0     00314284  _EFR__q_gain_code                  
0     00314365  _gain_adapt_reset                  
0     0031437b  _gain_adapt                        
0     00314485  _if1_pack_bytes                    
0     00314522  _decode_4i40_17bits                
0     00314605  _lsp_reset                         
0     0031461b  _lsp                               
0     003146d0  _EFR__q_gain_pitch                 
0     0031479e  _subframePostProc                  
0     0031486c  _Int_lsf                           
0     00314934  _amr_decoder_create                
0     00314941  _amr_decoder_reset                 
0     0031495f  _amr_decode_frame                  
0     003149ff  _EFR__Syn_filt                     
0     00314ac6  _Ex_ctrl                           
0     00314b84  _Enc_lag3                          
0     00314c3b  _decode_2i40_9bits                 
0     00314cee  _EFR__Lsf_lsp                      
0     00314d3b  _EFR__Lsp_lsf                      
0     00314da1  _decode_3i40_14bits                
0     00314e52  _decode_2i40_11bits                
0     00314f08  _subframePreProc                   
0     00314fa4  _ldexpl                            
0     00314fa4  _scalbnl                           
0     0031504d  _fputs                             
0     003150e2  _puts                              
0     003150f8  _EFR__dec_10i40_35bits             
0     003151cf  _if1_unpack_bytes                  
0     0031523c  _fread                             
0     003152df  _amr_encoder_create                
0     003152f0  _amr_encoder_reset                 
0     00315306  _amr_encode_frame                  
0     0031537f  _EFR__Dec_lag6                     
0     0031541a  FD$$ADD                            
0     003154b6  _EFR__L_Extract                    
0     003154ce  _EFR__L_Comp                       
0     003154da  _EFR__Mpy_32                       
0     003154f9  _EFR__Mpy_32_16                    
0     0031550d  _EFR__Div_32                       
0     00315552  ___TI_writemsg                     
0     003155a5  C$$IO$$                            
0     003155aa  ___TI_readmsg                      
0     003155ea  _EFR__G_code                       
0     0031567c  _lpc_reset                         
0     00315682  _lpc                               
0     0031570c  _ol_ltp                            
0     0031579b  _Post_Process_reset                
0     003157aa  _Post_Process                      
0     00315826  FD$$DIV                            
0     003158b2  _Pre_Process_reset                 
0     003158c7  _EFR__Pre_Process                  
0     0031593d  _Lsf_wt                            
0     003159c3  FD$$MPY                            
0     00315a49  _Pred_lt_3or6                      
0     00315ac7  _setvbuf                           
0     00315b43  _InitCpuTimers                     
0     00315b84  _ConfigCpuTimer                    
0     00315bbe  _EXINT1_Init                       
0     00315bf9  _EXINT2_Init                       
0     00315c3b  _d_gain_code                       
0     00315cb4  _gmed_n                            
0     00315d2d  _Log2_norm                         
0     00315d8a  _EFR__Log2                         
0     00315d9d  ___TI_doflush                      
0     00315dcc  _fflush                            
0     00315e12  _EFR__Inv_sqrt                     
0     00315e81  _open                              
0     00315ef2  _amr_frame_from_ietf               
0     00315f62  _pre_big                           
0     00315fcf  _Interpol_3or6                     
0     00316034  _rxaint_isr                        
0     0031609c  ___TI_wrt_ok                       
0     003160d6  ___TI_rd_ok                        
0     00316104  _sqrt_l_exp                        
0     00316161  _amr_frame_to_ietf                 
0     003161bf  ___TI_closefile                    
0     00316203  _fclose                            
0     0031621c  _HOSTlseek                         
0     00316277  _frexpl                            
0     003162d3  _LTP_flag_update                   
0     00316328  _c_int00                           
0     0031637e  _fputc                             
0     0031637e  _putc                              
0     003163cc  _putchar                           
0     003163d1  ___TI_buff_read                    
0     00316423  _finddevice                        
0     0031643e  _getdevice                         
0     00316474  _fgetc                             
0     00316474  _getc                              
0     003164bf  _getchar                           
0     003164c5  _preemphasis_reset                 
0     003164ca  _EFR__preemphasis                  
0     0031651e  _lsp_avg_reset                     
0     00316528  _lsp_avg                           
0     0031655d  _sid_sync_reset                    
0     0031656a  _sid_sync_set_handover_debt        
0     00316571  _sid_sync                          
0     003165a7  _EFR__Pow2                         
0     003165ee  _EFR__Enc_lag6                     
0     00316633  _comp_corr                         
0     00316674  _Prm2bits                          
0     003166b4  _EFR__Residu                       
0     003166f2  _HOSTrename                        
0     00316730  _fseek                             
0     00316730  _fseeko                            
0     0031676d  _amr_check_dhf                     
0     003167a9  _Bits2prm                          
0     003167e4  _EFR__Convolve                     
0     0031681b  _ftell                             
0     0031681b  _ftello                            
0     00316854  _HOSTopen                          
0     0031688c  _HOSTwrite                         
0     003168c3  _TIM0_Init                         
0     003168fa  _EFR__Lag_window                   
0     00316930  _HOSTread                          
0     0031696c  _printf                            
0     0031699a  _close                             
0     003169cd  _InitSci                           
0     003169ce  _InitSciGpio                       
0     003169d3  _InitSciaGpio                      
0     003169e9  _InitScicGpio                      
0     003169ff  _Mac_32                            
0     00316a1d  _Mac_32_16                         
0     00316a31  _sprintf                           
0     00316a63  _atoi                              
0     00316a96  _EFR__Reorder_lsf                  
0     00316ac4  ___TI_ltoa                         
0     00316af4  _InitSpi                           
0     00316af5  _InitSpiGpio                       
0     00316af8  _InitSpiaGpio                      
0     00316b21  _EFR__Weight_Ai                    
0     00316b4e  _EFR__d_gain_pitch                 
0     00316b77  FD$$CMP                            
0     00316ba1  L$$DIV                             
0     00316bb0  L$$MOD                             
0     00316bbe  UL$$DIV                            
0     00316bc5  UL$$MOD                            
0     00316bcb  C$$EXIT                            
0     00316bcb  _abort                             
0     00316bcd  _exit                              
0     00316bf4  _InitPieCtrl                       
0     00316c13  _EnableInterrupts                  
0     00316c1c  _LED_Init                          
0     00316c44  _HOSTclose                         
0     00316c77  _D_plsf_reset                      
0     00316c90  _copy_in                           
0     00316cb4  _HOSTunlink                        
0     00316cd8  _copysignl                         
0     00316cfc  FD$$TOI                            
0     00316d1d  _InitPieVectTable                  
0     00316d3d  FD$$TOL                            
0     00316d5c  _EFR__encoder_homing_frame_test    
0     00316d7a  LL$$CMP                            
0     00316d8c  ULL$$CMP                           
0     00316d98  I$$TOFD                            
0     00316db5  _memcpy                            
0     00316dd2  FS$$TOFD                           
0     00316dee  L$$TOFD                            
0     00316e0a  _read                              
0     00316e23  _unlink                            
0     00316e3c  _write                             
0     00316e55  LL$$AND                            
0     00316e5d  LL$$OR                             
0     00316e65  LL$$XOR                            
0     00316e6d  _lseek                             
0     00316e85  _InitI2C                           
0     00316e86  _InitI2CGpio                       
0     00316e9c  _EFR__vad_reset                    
0     00316eb1  _strncpy                           
0     00316ec6  _amr_ietf_grok_first_octet         
0     00316eda  _MemCopy                           
0     00316eed  _memcmp                            
0     00316f00  __args_main                        
0     00316f12  _Q_plsf_reset                      
0     00316f23  _feof                              
0     00316f34  _memccpy                           
0     00316f44  FD$$SUB                            
0     00316f52  _memchr                            
0     00316f5f  _strchr                            
0     00316f6b  _strcmp                            
0     00316f75  __register_unlock                  
0     00316f79  __register_lock                    
0     00316f7d  __nop                              
0     00316f7e  FD$$NEG                            
0     00316f87  _wcslen                            
0     00316f98  _strlen                            
0     00316fa0  _memset                            
0     00316fa7  _strcpy                            
0     00316fac  __system_pre_init                  
0     00318000  _dico3_lsf3                        
0     00318800  _dico2_lsf3                        
0     00318e00  _mr795_1_lsf                       
0     00319400  _EFR__dico2_lsf                    
0     00319800  _EFR__dico3_lsf                    
0     00319c00  _EFR__dico4_lsf                    
0     0031a000  _table_gain_MR475                  
0     0031a400  _dico1_lsf3                        
0     0031a953  _EFR__dico1_lsf                    
0     0031ab53  _mr515_3_lsf                       
0     0031ad53  _table_gain_highrates              
0     0031b06c  __ctypes_                          
0     0031b16d  _EFR__dico5_lsf                    
0     0031b26e  _PieVectTableInit                  
0     0031b36e  _table_gain_lowrates               
0     0031b569  _sort_122                          
0     0031b65d  _window_160_80                     
0     0031b74d  _window_200_40                     
0     0031b83d  _window_232_8                      
0     0031b92d  _sort_102                          
0     0031bab9  _sort_795                          
0     0031bb58  _sort_74                           
0     0031bbec  _sort_67                           
0     0031bcf2  _sort_59                           
0     0031bd68  _sort_515                          
0     0031bdcf  _qua_gain_code                     
0     0031be2f  _sort_475                          
0     0031bee8  _past_rq_init                      
0     0031c07b  _amr_dhf_gsmefr                    
0     0031c0b4  _amr_dhf_mr102                     
0     0031c0ed  _amr_dhf_mr122                     
0     0031c126  _amr_dhf_mr475                     
0     0031c15f  _amr_dhf_mr515                     
0     0031c198  _amr_dhf_mr59                      
0     0031c1d1  _amr_dhf_mr67                      
0     0031c20a  _amr_dhf_mr74                      
0     0031c243  _amr_dhf_mr795                     
0     0031c578  _bitno                             
0     0031c5cc  _qua_gain_pitch                    
0     0031c5fc  _EFR__mean_lsf                     
0     0031c66a  _lsp_init_data                     
0     0031c674  _mean_lsf3                         
0     0031c67e  _pred_fac                          
0     0031c6a3  _prmno                             
0     0031c6b5  _dgray                             
0     0031c6bd  _gray                              
0     0031c6c5  _prmnofsf                          
0     0031c6ea  _amr_file_header_magic             
0     00320000  _RamfuncsLoadStart                 
0     0032001f  _RamfuncsLoadEnd                   
0     00327e80  code_start                         
0     00328000  ___cinit__                         
0     00328000  cinit                              
0     00380080  _ADC_cal                           
1     00000080  __CIOBUF_                          
1     00000400  __sys_memory                       
1     00000880  _DevEmuRegs                        
1     00000a80  _FlashRegs                         
1     00000ae0  _CsmRegs                           
1     00000b00  _AdcMirror                         
1     00000b20  _XintfRegs                         
1     00000c00  _CpuTimer0Regs                     
1     00000c08  _CpuTimer1Regs                     
1     00000c10  _CpuTimer2Regs                     
1     00000ce0  _PieCtrlRegs                       
1     00000d00  _PieVectTable                      
1     00001000  _DmaRegs                           
1     00005000  _McbspaRegs                        
1     00005040  _McbspbRegs                        
1     00006000  _ECanaRegs                         
1     00006040  _ECanaLAMRegs                      
1     00006080  _ECanaMOTSRegs                     
1     000060c0  _ECanaMOTORegs                     
1     00006100  _ECanaMboxes                       
1     00006200  _ECanbRegs                         
1     00006240  _ECanbLAMRegs                      
1     00006280  _ECanbMOTSRegs                     
1     000062c0  _ECanbMOTORegs                     
1     00006300  _ECanbMboxes                       
1     00006800  _EPwm1Regs                         
1     00006840  _EPwm2Regs                         
1     00006880  _EPwm3Regs                         
1     000068c0  _EPwm4Regs                         
1     00006900  _EPwm5Regs                         
1     00006940  _EPwm6Regs                         
1     00006a00  _ECap1Regs                         
1     00006a20  _ECap2Regs                         
1     00006a40  _ECap3Regs                         
1     00006a60  _ECap4Regs                         
1     00006a80  _ECap5Regs                         
1     00006aa0  _ECap6Regs                         
1     00006b00  _EQep1Regs                         
1     00006b40  _EQep2Regs                         
1     00006f80  _GpioCtrlRegs                      
1     00006fc0  _GpioDataRegs                      
1     00006fe0  _GpioIntRegs                       
1     00007010  _SysCtrlRegs                       
1     00007040  _SpiaRegs                          
1     00007050  _SciaRegs                          
1     00007070  _XIntruptRegs                      
1     00007100  _AdcRegs                           
1     00007750  _ScibRegs                          
1     00007770  _ScicRegs                          
1     00007900  _I2caRegs                          
1     00009000  __stack                            
1     0000f000  __STACK_END                        
1     0000f000  ___encode_st                       
1     0000f5ca  __stream                           
1     0000f5f2  _Buff                              
1     0000f600  ___decode_st                       
1     0000f93e  __lock                             
1     0000f940  ___TI_tmpnams                      
1     0000f9e0  _CpuTimer0                         
1     0000f9e8  _CpuTimer1                         
1     0000f9f0  _CpuTimer2                         
1     0000f9f8  _parmbuf                           
1     0000fa00  __ftable                           
1     0000fa80  __device                           
1     0000fad2  ___TI_enable_exit_profile_output   
1     0000fad4  ___TI_cleanup_ptr                  
1     0000fad6  ___TI_dtors_ptr                    
1     0000fad8  _ReceivedCount                     
1     0000fad9  _ErrorCount                        
1     0000fada  _SendChar                          
1     0000fadb  _ReceivedAChar                     
1     0000fadc  _ReceivedBChar                     
1     0000fadd  _BRRVal                            
1     0000fade  __unlock                           
1     0000fae0  _EFR__Overflow                     
1     0000fae1  _EFR__Carry                        
1     0000fae2  ___TI_ft_end                       
1     0000fae3  _errno                             
1     0033fff8  _CsmPwl                            
abs   00000400  __SYSMEM_SIZE                      
abs   00006000  __STACK_SIZE                       
abs   ffffffff  .text                              
abs   ffffffff  ___TI_pprof_out_hndl               
abs   ffffffff  ___TI_prof_data_size               
abs   ffffffff  ___TI_prof_data_start              
abs   ffffffff  ___binit__                         
abs   ffffffff  ___c_args__                        
abs   ffffffff  ___etext__                         
abs   ffffffff  ___pinit__                         
abs   ffffffff  ___text__                          
abs   ffffffff  binit                              
abs   ffffffff  etext                              
abs   ffffffff  pinit                              

[669 symbols]
