<?xml version="1.0" encoding="ISO-8859-1" ?>
<link_info>
   <banner>TMS320C2000 Linker PC v22.6.0.LTS</banner>
   <copyright>Copyright (c) 1996-2018 Texas Instruments Incorporated</copyright>
   <link_time>0x6a04610d</link_time>
   <link_errors>0x0</link_errors>
   <output_file>build/debug/AIC32_codec_spi_test4_own.out</output_file>
   <entry_point>
      <name>_c_int00</name>
      <address>0x316328</address>
   </entry_point>
   <input_file_list>
      <input_file id="fl-2">
         <path>build\debug\source\</path>
         <kind>object</kind>
         <file>DSP2833x_ADC_cal.obj</file>
         <name>DSP2833x_ADC_cal.obj</name>
      </input_file>
      <input_file id="fl-3">
         <path>build\debug\source\</path>
         <kind>object</kind>
         <file>DSP2833x_CodeStartBranch.obj</file>
         <name>DSP2833x_CodeStartBranch.obj</name>
      </input_file>
      <input_file id="fl-4">
         <path>build\debug\source\</path>
         <kind>object</kind>
         <file>DSP2833x_CpuTimers.obj</file>
         <name>DSP2833x_CpuTimers.obj</name>
      </input_file>
      <input_file id="fl-5">
         <path>build\debug\source\</path>
         <kind>object</kind>
         <file>DSP2833x_DefaultIsr.obj</file>
         <name>DSP2833x_DefaultIsr.obj</name>
      </input_file>
      <input_file id="fl-6">
         <path>build\debug\source\</path>
         <kind>object</kind>
         <file>DSP2833x_EPwm.obj</file>
         <name>DSP2833x_EPwm.obj</name>
      </input_file>
      <input_file id="fl-7">
         <path>build\debug\source\</path>
         <kind>object</kind>
         <file>DSP2833x_EQep.obj</file>
         <name>DSP2833x_EQep.obj</name>
      </input_file>
      <input_file id="fl-8">
         <path>build\debug\source\</path>
         <kind>object</kind>
         <file>DSP2833x_GlobalVariableDefs.obj</file>
         <name>DSP2833x_GlobalVariableDefs.obj</name>
      </input_file>
      <input_file id="fl-9">
         <path>build\debug\source\</path>
         <kind>object</kind>
         <file>DSP2833x_Gpio.obj</file>
         <name>DSP2833x_Gpio.obj</name>
      </input_file>
      <input_file id="fl-a">
         <path>build\debug\source\</path>
         <kind>object</kind>
         <file>DSP2833x_I2C.obj</file>
         <name>DSP2833x_I2C.obj</name>
      </input_file>
      <input_file id="fl-b">
         <path>build\debug\source\</path>
         <kind>object</kind>
         <file>DSP2833x_Mcbsp1.obj</file>
         <name>DSP2833x_Mcbsp1.obj</name>
      </input_file>
      <input_file id="fl-c">
         <path>build\debug\source\</path>
         <kind>object</kind>
         <file>DSP2833x_MemCopy.obj</file>
         <name>DSP2833x_MemCopy.obj</name>
      </input_file>
      <input_file id="fl-d">
         <path>build\debug\source\</path>
         <kind>object</kind>
         <file>DSP2833x_PieCtrl.obj</file>
         <name>DSP2833x_PieCtrl.obj</name>
      </input_file>
      <input_file id="fl-e">
         <path>build\debug\source\</path>
         <kind>object</kind>
         <file>DSP2833x_PieVect.obj</file>
         <name>DSP2833x_PieVect.obj</name>
      </input_file>
      <input_file id="fl-f">
         <path>build\debug\source\</path>
         <kind>object</kind>
         <file>DSP2833x_Sci.obj</file>
         <name>DSP2833x_Sci.obj</name>
      </input_file>
      <input_file id="fl-10">
         <path>build\debug\source\</path>
         <kind>object</kind>
         <file>DSP2833x_Spi.obj</file>
         <name>DSP2833x_Spi.obj</name>
      </input_file>
      <input_file id="fl-11">
         <path>build\debug\source\</path>
         <kind>object</kind>
         <file>DSP2833x_SysCtrl.obj</file>
         <name>DSP2833x_SysCtrl.obj</name>
      </input_file>
      <input_file id="fl-12">
         <path>build\debug\source\</path>
         <kind>object</kind>
         <file>DSP2833x_Xintf.obj</file>
         <name>DSP2833x_Xintf.obj</name>
      </input_file>
      <input_file id="fl-13">
         <path>build\debug\source\</path>
         <kind>object</kind>
         <file>DSP2833x_usDelay.obj</file>
         <name>DSP2833x_usDelay.obj</name>
      </input_file>
      <input_file id="fl-14">
         <path>build\debug\user\</path>
         <kind>object</kind>
         <file>student_codec_app.obj</file>
         <name>student_codec_app.obj</name>
      </input_file>
      <input_file id="fl-2a">
         <kind>object</kind>
         <file>&lt;internal&gt;</file>
         <name>&lt;internal&gt;</name>
      </input_file>
      <input_file id="fl-2b">
         <path>lib\release\lib\</path>
         <kind>archive</kind>
         <file>audio_lib.lib</file>
         <name>audio.obj</name>
      </input_file>
      <input_file id="fl-2c">
         <path>lib\release\lib\</path>
         <kind>archive</kind>
         <file>audio_lib.lib</file>
         <name>wavreader.obj</name>
      </input_file>
      <input_file id="fl-2d">
         <path>lib\release\lib\</path>
         <kind>archive</kind>
         <file>audio_lib.lib</file>
         <name>ietf_fo.obj</name>
      </input_file>
      <input_file id="fl-2e">
         <path>lib\release\lib\</path>
         <kind>archive</kind>
         <file>audio_lib.lib</file>
         <name>ietf_in.obj</name>
      </input_file>
      <input_file id="fl-2f">
         <path>lib\release\lib\</path>
         <kind>archive</kind>
         <file>audio_lib.lib</file>
         <name>dec_main.obj</name>
      </input_file>
      <input_file id="fl-30">
         <path>lib\release\lib\</path>
         <kind>archive</kind>
         <file>audio_lib.lib</file>
         <name>post_pro.obj</name>
      </input_file>
      <input_file id="fl-31">
         <path>lib\release\lib\</path>
         <kind>archive</kind>
         <file>audio_lib.lib</file>
         <name>pstfilt.obj</name>
      </input_file>
      <input_file id="fl-32">
         <path>lib\release\lib\</path>
         <kind>archive</kind>
         <file>audio_lib.lib</file>
         <name>basicop2.obj</name>
      </input_file>
      <input_file id="fl-33">
         <path>lib\release\lib\</path>
         <kind>archive</kind>
         <file>audio_lib.lib</file>
         <name>ietf_hdr.obj</name>
      </input_file>
      <input_file id="fl-34">
         <path>lib\release\lib\</path>
         <kind>archive</kind>
         <file>audio_lib.lib</file>
         <name>enc_main.obj</name>
      </input_file>
      <input_file id="fl-35">
         <path>lib\release\lib\</path>
         <kind>archive</kind>
         <file>audio_lib.lib</file>
         <name>pre_proc.obj</name>
      </input_file>
      <input_file id="fl-36">
         <path>lib\release\lib\</path>
         <kind>archive</kind>
         <file>audio_lib.lib</file>
         <name>weight_a.obj</name>
      </input_file>
      <input_file id="fl-37">
         <path>lib\release\lib\</path>
         <kind>archive</kind>
         <file>audio_lib.lib</file>
         <name>ietf_out.obj</name>
      </input_file>
      <input_file id="fl-38">
         <path>lib\release\lib\</path>
         <kind>archive</kind>
         <file>audio_lib.lib</file>
         <name>agc.obj</name>
      </input_file>
      <input_file id="fl-39">
         <path>lib\release\lib\</path>
         <kind>archive</kind>
         <file>audio_lib.lib</file>
         <name>prmno.obj</name>
      </input_file>
      <input_file id="fl-3a">
         <path>lib\release\lib\</path>
         <kind>archive</kind>
         <file>audio_lib.lib</file>
         <name>if1_unpack.obj</name>
      </input_file>
      <input_file id="fl-3b">
         <path>lib\release\lib\</path>
         <kind>archive</kind>
         <file>audio_lib.lib</file>
         <name>bits2prm.obj</name>
      </input_file>
      <input_file id="fl-3c">
         <path>lib\release\lib\</path>
         <kind>archive</kind>
         <file>audio_lib.lib</file>
         <name>bitno.obj</name>
      </input_file>
      <input_file id="fl-3d">
         <path>lib\release\lib\</path>
         <kind>archive</kind>
         <file>audio_lib.lib</file>
         <name>if1_bit_order.obj</name>
      </input_file>
      <input_file id="fl-3e">
         <path>lib\release\lib\</path>
         <kind>archive</kind>
         <file>audio_lib.lib</file>
         <name>dec_amr.obj</name>
      </input_file>
      <input_file id="fl-3f">
         <path>lib\release\lib\</path>
         <kind>archive</kind>
         <file>audio_lib.lib</file>
         <name>dhf_check.obj</name>
      </input_file>
      <input_file id="fl-40">
         <path>lib\release\lib\</path>
         <kind>archive</kind>
         <file>audio_lib.lib</file>
         <name>lsp_tab.obj</name>
      </input_file>
      <input_file id="fl-41">
         <path>lib\release\lib\</path>
         <kind>archive</kind>
         <file>audio_lib.lib</file>
         <name>dec_lag3.obj</name>
      </input_file>
      <input_file id="fl-42">
         <path>lib\release\lib\</path>
         <kind>archive</kind>
         <file>audio_lib.lib</file>
         <name>prm2bits.obj</name>
      </input_file>
      <input_file id="fl-43">
         <path>lib\release\lib\</path>
         <kind>archive</kind>
         <file>audio_lib.lib</file>
         <name>oper_32b.obj</name>
      </input_file>
      <input_file id="fl-44">
         <path>lib\release\lib\</path>
         <kind>archive</kind>
         <file>audio_lib.lib</file>
         <name>residu.obj</name>
      </input_file>
      <input_file id="fl-45">
         <path>lib\release\lib\</path>
         <kind>archive</kind>
         <file>audio_lib.lib</file>
         <name>d_plsf.obj</name>
      </input_file>
      <input_file id="fl-46">
         <path>lib\release\lib\</path>
         <kind>archive</kind>
         <file>audio_lib.lib</file>
         <name>syn_filt.obj</name>
      </input_file>
      <input_file id="fl-47">
         <path>lib\release\lib\</path>
         <kind>archive</kind>
         <file>audio_lib.lib</file>
         <name>inv_sqrt.obj</name>
      </input_file>
      <input_file id="fl-48">
         <path>lib\release\lib\</path>
         <kind>archive</kind>
         <file>audio_lib.lib</file>
         <name>d2_9pf.obj</name>
      </input_file>
      <input_file id="fl-49">
         <path>lib\release\lib\</path>
         <kind>archive</kind>
         <file>audio_lib.lib</file>
         <name>d_gain_p.obj</name>
      </input_file>
      <input_file id="fl-4a">
         <path>lib\release\lib\</path>
         <kind>archive</kind>
         <file>audio_lib.lib</file>
         <name>dec_lag6.obj</name>
      </input_file>
      <input_file id="fl-4b">
         <path>lib\release\lib\</path>
         <kind>archive</kind>
         <file>audio_lib.lib</file>
         <name>int_lpc.obj</name>
      </input_file>
      <input_file id="fl-4c">
         <path>lib\release\lib\</path>
         <kind>archive</kind>
         <file>audio_lib.lib</file>
         <name>c_g_aver.obj</name>
      </input_file>
      <input_file id="fl-4d">
         <path>lib\release\lib\</path>
         <kind>archive</kind>
         <file>audio_lib.lib</file>
         <name>e_homing.obj</name>
      </input_file>
      <input_file id="fl-4e">
         <path>lib\release\lib\</path>
         <kind>archive</kind>
         <file>audio_lib.lib</file>
         <name>b_cn_cod.obj</name>
      </input_file>
      <input_file id="fl-4f">
         <path>lib\release\lib\</path>
         <kind>archive</kind>
         <file>audio_lib.lib</file>
         <name>ec_gains.obj</name>
      </input_file>
      <input_file id="fl-50">
         <path>lib\release\lib\</path>
         <kind>archive</kind>
         <file>audio_lib.lib</file>
         <name>sid_sync.obj</name>
      </input_file>
      <input_file id="fl-51">
         <path>lib\release\lib\</path>
         <kind>archive</kind>
         <file>audio_lib.lib</file>
         <name>preemph.obj</name>
      </input_file>
      <input_file id="fl-52">
         <path>lib\release\lib\</path>
         <kind>archive</kind>
         <file>audio_lib.lib</file>
         <name>int_lsf.obj</name>
      </input_file>
      <input_file id="fl-53">
         <path>lib\release\lib\</path>
         <kind>archive</kind>
         <file>audio_lib.lib</file>
         <name>bgnscd.obj</name>
      </input_file>
      <input_file id="fl-54">
         <path>lib\release\lib\</path>
         <kind>archive</kind>
         <file>audio_lib.lib</file>
         <name>dhf_tables.obj</name>
      </input_file>
      <input_file id="fl-55">
         <path>lib\release\lib\</path>
         <kind>archive</kind>
         <file>audio_lib.lib</file>
         <name>pred_lt.obj</name>
      </input_file>
      <input_file id="fl-56">
         <path>lib\release\lib\</path>
         <kind>archive</kind>
         <file>audio_lib.lib</file>
         <name>d3_14pf.obj</name>
      </input_file>
      <input_file id="fl-57">
         <path>lib\release\lib\</path>
         <kind>archive</kind>
         <file>audio_lib.lib</file>
         <name>d_plsf_5.obj</name>
      </input_file>
      <input_file id="fl-58">
         <path>lib\release\lib\</path>
         <kind>archive</kind>
         <file>audio_lib.lib</file>
         <name>d_gain_c.obj</name>
      </input_file>
      <input_file id="fl-59">
         <path>lib\release\lib\</path>
         <kind>archive</kind>
         <file>audio_lib.lib</file>
         <name>ex_ctrl.obj</name>
      </input_file>
      <input_file id="fl-5a">
         <path>lib\release\lib\</path>
         <kind>archive</kind>
         <file>audio_lib.lib</file>
         <name>if1_pack.obj</name>
      </input_file>
      <input_file id="fl-5b">
         <path>lib\release\lib\</path>
         <kind>archive</kind>
         <file>audio_lib.lib</file>
         <name>cod_amr.obj</name>
      </input_file>
      <input_file id="fl-5c">
         <path>lib\release\lib\</path>
         <kind>archive</kind>
         <file>audio_lib.lib</file>
         <name>vad2.obj</name>
      </input_file>
      <input_file id="fl-5d">
         <path>lib\release\lib\</path>
         <kind>archive</kind>
         <file>audio_lib.lib</file>
         <name>d_plsf_3.obj</name>
      </input_file>
      <input_file id="fl-5e">
         <path>lib\release\lib\</path>
         <kind>archive</kind>
         <file>audio_lib.lib</file>
         <name>gain_q.obj</name>
      </input_file>
      <input_file id="fl-5f">
         <path>lib\release\lib\</path>
         <kind>archive</kind>
         <file>audio_lib.lib</file>
         <name>d8_31pf.obj</name>
      </input_file>
      <input_file id="fl-60">
         <path>lib\release\lib\</path>
         <kind>archive</kind>
         <file>audio_lib.lib</file>
         <name>dtx_enc.obj</name>
      </input_file>
      <input_file id="fl-61">
         <path>lib\release\lib\</path>
         <kind>archive</kind>
         <file>audio_lib.lib</file>
         <name>q_plsf5_tab.obj</name>
      </input_file>
      <input_file id="fl-62">
         <path>lib\release\lib\</path>
         <kind>archive</kind>
         <file>audio_lib.lib</file>
         <name>q_gain_c.obj</name>
      </input_file>
      <input_file id="fl-63">
         <path>lib\release\lib\</path>
         <kind>archive</kind>
         <file>audio_lib.lib</file>
         <name>ph_disp.obj</name>
      </input_file>
      <input_file id="fl-64">
         <path>lib\release\lib\</path>
         <kind>archive</kind>
         <file>audio_lib.lib</file>
         <name>d4_17pf.obj</name>
      </input_file>
      <input_file id="fl-65">
         <path>lib\release\lib\</path>
         <kind>archive</kind>
         <file>audio_lib.lib</file>
         <name>vad1.obj</name>
      </input_file>
      <input_file id="fl-66">
         <path>lib\release\lib\</path>
         <kind>archive</kind>
         <file>audio_lib.lib</file>
         <name>sqrt_l.obj</name>
      </input_file>
      <input_file id="fl-67">
         <path>lib\release\lib\</path>
         <kind>archive</kind>
         <file>audio_lib.lib</file>
         <name>d1035pf.obj</name>
      </input_file>
      <input_file id="fl-68">
         <path>lib\release\lib\</path>
         <kind>archive</kind>
         <file>audio_lib.lib</file>
         <name>lsp_avg.obj</name>
      </input_file>
      <input_file id="fl-69">
         <path>lib\release\lib\</path>
         <kind>archive</kind>
         <file>audio_lib.lib</file>
         <name>lsp.obj</name>
      </input_file>
      <input_file id="fl-6a">
         <path>lib\release\lib\</path>
         <kind>archive</kind>
         <file>audio_lib.lib</file>
         <name>dtx_dec.obj</name>
      </input_file>
      <input_file id="fl-6b">
         <path>lib\release\lib\</path>
         <kind>archive</kind>
         <file>audio_lib.lib</file>
         <name>cbsearch.obj</name>
      </input_file>
      <input_file id="fl-6c">
         <path>lib\release\lib\</path>
         <kind>archive</kind>
         <file>audio_lib.lib</file>
         <name>gc_pred.obj</name>
      </input_file>
      <input_file id="fl-6d">
         <path>lib\release\lib\</path>
         <kind>archive</kind>
         <file>audio_lib.lib</file>
         <name>lpc.obj</name>
      </input_file>
      <input_file id="fl-6e">
         <path>lib\release\lib\</path>
         <kind>archive</kind>
         <file>audio_lib.lib</file>
         <name>az_lsp.obj</name>
      </input_file>
      <input_file id="fl-6f">
         <path>lib\release\lib\</path>
         <kind>archive</kind>
         <file>audio_lib.lib</file>
         <name>gmed_n.obj</name>
      </input_file>
      <input_file id="fl-70">
         <path>lib\release\lib\</path>
         <kind>archive</kind>
         <file>audio_lib.lib</file>
         <name>lsp_lsf.obj</name>
      </input_file>
      <input_file id="fl-71">
         <path>lib\release\lib\</path>
         <kind>archive</kind>
         <file>audio_lib.lib</file>
         <name>dec_gain.obj</name>
      </input_file>
      <input_file id="fl-72">
         <path>lib\release\lib\</path>
         <kind>archive</kind>
         <file>audio_lib.lib</file>
         <name>r_fft.obj</name>
      </input_file>
      <input_file id="fl-73">
         <path>lib\release\lib\</path>
         <kind>archive</kind>
         <file>audio_lib.lib</file>
         <name>pre_big.obj</name>
      </input_file>
      <input_file id="fl-74">
         <path>lib\release\lib\</path>
         <kind>archive</kind>
         <file>audio_lib.lib</file>
         <name>p_ol_wgh.obj</name>
      </input_file>
      <input_file id="fl-75">
         <path>lib\release\lib\</path>
         <kind>archive</kind>
         <file>audio_lib.lib</file>
         <name>calc_en.obj</name>
      </input_file>
      <input_file id="fl-76">
         <path>lib\release\lib\</path>
         <kind>archive</kind>
         <file>audio_lib.lib</file>
         <name>q_plsf3_tab.obj</name>
      </input_file>
      <input_file id="fl-77">
         <path>lib\release\lib\</path>
         <kind>archive</kind>
         <file>audio_lib.lib</file>
         <name>graytab.obj</name>
      </input_file>
      <input_file id="fl-78">
         <path>lib\release\lib\</path>
         <kind>archive</kind>
         <file>audio_lib.lib</file>
         <name>spreproc.obj</name>
      </input_file>
      <input_file id="fl-79">
         <path>lib\release\lib\</path>
         <kind>archive</kind>
         <file>audio_lib.lib</file>
         <name>d2_11pf.obj</name>
      </input_file>
      <input_file id="fl-7a">
         <path>lib\release\lib\</path>
         <kind>archive</kind>
         <file>audio_lib.lib</file>
         <name>levinson.obj</name>
      </input_file>
      <input_file id="fl-7b">
         <path>lib\release\lib\</path>
         <kind>archive</kind>
         <file>audio_lib.lib</file>
         <name>hp_max.obj</name>
      </input_file>
      <input_file id="fl-7c">
         <path>lib\release\lib\</path>
         <kind>archive</kind>
         <file>audio_lib.lib</file>
         <name>lflg_upd.obj</name>
      </input_file>
      <input_file id="fl-7d">
         <path>lib\release\lib\</path>
         <kind>archive</kind>
         <file>audio_lib.lib</file>
         <name>q_plsf_5.obj</name>
      </input_file>
      <input_file id="fl-7e">
         <path>lib\release\lib\</path>
         <kind>archive</kind>
         <file>audio_lib.lib</file>
         <name>window.obj</name>
      </input_file>
      <input_file id="fl-7f">
         <path>lib\release\lib\</path>
         <kind>archive</kind>
         <file>audio_lib.lib</file>
         <name>c8_31pf.obj</name>
      </input_file>
      <input_file id="fl-80">
         <path>lib\release\lib\</path>
         <kind>archive</kind>
         <file>audio_lib.lib</file>
         <name>lsfwt.obj</name>
      </input_file>
      <input_file id="fl-81">
         <path>lib\release\lib\</path>
         <kind>archive</kind>
         <file>audio_lib.lib</file>
         <name>lsp_az.obj</name>
      </input_file>
      <input_file id="fl-82">
         <path>lib\release\lib\</path>
         <kind>archive</kind>
         <file>audio_lib.lib</file>
         <name>ton_stab.obj</name>
      </input_file>
      <input_file id="fl-83">
         <path>lib\release\lib\</path>
         <kind>archive</kind>
         <file>audio_lib.lib</file>
         <name>gains_tab.obj</name>
      </input_file>
      <input_file id="fl-84">
         <path>lib\release\lib\</path>
         <kind>archive</kind>
         <file>audio_lib.lib</file>
         <name>c4_17pf.obj</name>
      </input_file>
      <input_file id="fl-85">
         <path>lib\release\lib\</path>
         <kind>archive</kind>
         <file>audio_lib.lib</file>
         <name>autocorr.obj</name>
      </input_file>
      <input_file id="fl-86">
         <path>lib\release\lib\</path>
         <kind>archive</kind>
         <file>audio_lib.lib</file>
         <name>cor_h.obj</name>
      </input_file>
      <input_file id="fl-87">
         <path>lib\release\lib\</path>
         <kind>archive</kind>
         <file>audio_lib.lib</file>
         <name>spstproc.obj</name>
      </input_file>
      <input_file id="fl-88">
         <path>lib\release\lib\</path>
         <kind>archive</kind>
         <file>audio_lib.lib</file>
         <name>c2_11pf.obj</name>
      </input_file>
      <input_file id="fl-89">
         <path>lib\release\lib\</path>
         <kind>archive</kind>
         <file>audio_lib.lib</file>
         <name>g_code.obj</name>
      </input_file>
      <input_file id="fl-8a">
         <path>lib\release\lib\</path>
         <kind>archive</kind>
         <file>audio_lib.lib</file>
         <name>lag_wind.obj</name>
      </input_file>
      <input_file id="fl-8b">
         <path>lib\release\lib\</path>
         <kind>archive</kind>
         <file>audio_lib.lib</file>
         <name>g_adapt.obj</name>
      </input_file>
      <input_file id="fl-8c">
         <path>lib\release\lib\</path>
         <kind>archive</kind>
         <file>audio_lib.lib</file>
         <name>a_refl.obj</name>
      </input_file>
      <input_file id="fl-8d">
         <path>lib\release\lib\</path>
         <kind>archive</kind>
         <file>audio_lib.lib</file>
         <name>pow2.obj</name>
      </input_file>
      <input_file id="fl-8e">
         <path>lib\release\lib\</path>
         <kind>archive</kind>
         <file>audio_lib.lib</file>
         <name>c1035pf.obj</name>
      </input_file>
      <input_file id="fl-8f">
         <path>lib\release\lib\</path>
         <kind>archive</kind>
         <file>audio_lib.lib</file>
         <name>qgain475.obj</name>
      </input_file>
      <input_file id="fl-90">
         <path>lib\release\lib\</path>
         <kind>archive</kind>
         <file>audio_lib.lib</file>
         <name>calc_cor.obj</name>
      </input_file>
      <input_file id="fl-91">
         <path>lib\release\lib\</path>
         <kind>archive</kind>
         <file>audio_lib.lib</file>
         <name>c3_14pf.obj</name>
      </input_file>
      <input_file id="fl-92">
         <path>lib\release\lib\</path>
         <kind>archive</kind>
         <file>audio_lib.lib</file>
         <name>ol_ltp.obj</name>
      </input_file>
      <input_file id="fl-93">
         <path>lib\release\lib\</path>
         <kind>archive</kind>
         <file>audio_lib.lib</file>
         <name>log2.obj</name>
      </input_file>
      <input_file id="fl-94">
         <path>lib\release\lib\</path>
         <kind>archive</kind>
         <file>audio_lib.lib</file>
         <name>reorder.obj</name>
      </input_file>
      <input_file id="fl-95">
         <path>lib\release\lib\</path>
         <kind>archive</kind>
         <file>audio_lib.lib</file>
         <name>cl_ltp.obj</name>
      </input_file>
      <input_file id="fl-96">
         <path>lib\release\lib\</path>
         <kind>archive</kind>
         <file>audio_lib.lib</file>
         <name>convolve.obj</name>
      </input_file>
      <input_file id="fl-97">
         <path>lib\release\lib\</path>
         <kind>archive</kind>
         <file>audio_lib.lib</file>
         <name>vad_reset.obj</name>
      </input_file>
      <input_file id="fl-98">
         <path>lib\release\lib\</path>
         <kind>archive</kind>
         <file>audio_lib.lib</file>
         <name>qua_gain.obj</name>
      </input_file>
      <input_file id="fl-99">
         <path>lib\release\lib\</path>
         <kind>archive</kind>
         <file>audio_lib.lib</file>
         <name>qgain795.obj</name>
      </input_file>
      <input_file id="fl-9a">
         <path>lib\release\lib\</path>
         <kind>archive</kind>
         <file>audio_lib.lib</file>
         <name>c2_9pf.obj</name>
      </input_file>
      <input_file id="fl-9b">
         <path>lib\release\lib\</path>
         <kind>archive</kind>
         <file>audio_lib.lib</file>
         <name>q_plsf_3.obj</name>
      </input_file>
      <input_file id="fl-9c">
         <path>lib\release\lib\</path>
         <kind>archive</kind>
         <file>audio_lib.lib</file>
         <name>mac_32.obj</name>
      </input_file>
      <input_file id="fl-9d">
         <path>lib\release\lib\</path>
         <kind>archive</kind>
         <file>audio_lib.lib</file>
         <name>pitch_fr.obj</name>
      </input_file>
      <input_file id="fl-9e">
         <path>lib\release\lib\</path>
         <kind>archive</kind>
         <file>audio_lib.lib</file>
         <name>q_gain_p.obj</name>
      </input_file>
      <input_file id="fl-9f">
         <path>lib\release\lib\</path>
         <kind>archive</kind>
         <file>audio_lib.lib</file>
         <name>qua_gain_tab.obj</name>
      </input_file>
      <input_file id="fl-a0">
         <path>lib\release\lib\</path>
         <kind>archive</kind>
         <file>audio_lib.lib</file>
         <name>q_plsf.obj</name>
      </input_file>
      <input_file id="fl-a1">
         <path>lib\release\lib\</path>
         <kind>archive</kind>
         <file>audio_lib.lib</file>
         <name>pitch_ol.obj</name>
      </input_file>
      <input_file id="fl-a2">
         <path>lib\release\lib\</path>
         <kind>archive</kind>
         <file>audio_lib.lib</file>
         <name>set_sign.obj</name>
      </input_file>
      <input_file id="fl-a3">
         <path>lib\release\lib\</path>
         <kind>archive</kind>
         <file>audio_lib.lib</file>
         <name>s10_8pf.obj</name>
      </input_file>
      <input_file id="fl-a4">
         <path>lib\release\lib\</path>
         <kind>archive</kind>
         <file>audio_lib.lib</file>
         <name>enc_lag3.obj</name>
      </input_file>
      <input_file id="fl-a5">
         <path>lib\release\lib\</path>
         <kind>archive</kind>
         <file>audio_lib.lib</file>
         <name>inter_36.obj</name>
      </input_file>
      <input_file id="fl-a6">
         <path>lib\release\lib\</path>
         <kind>archive</kind>
         <file>audio_lib.lib</file>
         <name>g_pitch.obj</name>
      </input_file>
      <input_file id="fl-a7">
         <path>lib\release\lib\</path>
         <kind>archive</kind>
         <file>audio_lib.lib</file>
         <name>enc_lag6.obj</name>
      </input_file>
      <input_file id="fl-a8">
         <path>lib\release\lib\</path>
         <kind>archive</kind>
         <file>codec_service_lib.lib</file>
         <name>codec_service.obj</name>
      </input_file>
      <input_file id="fl-a9">
         <path>lib\release\lib\</path>
         <kind>archive</kind>
         <file>exint_lib.lib</file>
         <name>exint.obj</name>
      </input_file>
      <input_file id="fl-aa">
         <path>lib\release\lib\</path>
         <kind>archive</kind>
         <file>led_lib.lib</file>
         <name>leds.obj</name>
      </input_file>
      <input_file id="fl-ab">
         <path>lib\release\lib\</path>
         <kind>archive</kind>
         <file>spi_lib.lib</file>
         <name>spi.obj</name>
      </input_file>
      <input_file id="fl-ac">
         <path>lib\release\lib\</path>
         <kind>archive</kind>
         <file>timer0_lib.lib</file>
         <name>timer.obj</name>
      </input_file>
      <input_file id="fl-ad">
         <path>lib\release\lib\</path>
         <kind>archive</kind>
         <file>uarta_lib.lib</file>
         <name>uart.obj</name>
      </input_file>
      <input_file id="fl-b9">
         <path>F:\ti\CCS8.3\ccsv8\tools\compiler\ti-cgt-c2000_22.6.0.LTS\lib\</path>
         <kind>archive</kind>
         <file>rts2800_fpu32.lib</file>
         <name>printf.c.obj</name>
      </input_file>
      <input_file id="fl-ba">
         <path>F:\ti\CCS8.3\ccsv8\tools\compiler\ti-cgt-c2000_22.6.0.LTS\lib\</path>
         <kind>archive</kind>
         <file>rts2800_fpu32.lib</file>
         <name>_printfi.c.obj</name>
      </input_file>
      <input_file id="fl-bb">
         <path>F:\ti\CCS8.3\ccsv8\tools\compiler\ti-cgt-c2000_22.6.0.LTS\lib\</path>
         <kind>archive</kind>
         <file>rts2800_fpu32.lib</file>
         <name>sprintf.c.obj</name>
      </input_file>
      <input_file id="fl-bc">
         <path>F:\ti\CCS8.3\ccsv8\tools\compiler\ti-cgt-c2000_22.6.0.LTS\lib\</path>
         <kind>archive</kind>
         <file>rts2800_fpu32.lib</file>
         <name>fclose.c.obj</name>
      </input_file>
      <input_file id="fl-bd">
         <path>F:\ti\CCS8.3\ccsv8\tools\compiler\ti-cgt-c2000_22.6.0.LTS\lib\</path>
         <kind>archive</kind>
         <file>rts2800_fpu32.lib</file>
         <name>feof.c.obj</name>
      </input_file>
      <input_file id="fl-be">
         <path>F:\ti\CCS8.3\ccsv8\tools\compiler\ti-cgt-c2000_22.6.0.LTS\lib\</path>
         <kind>archive</kind>
         <file>rts2800_fpu32.lib</file>
         <name>fflush.c.obj</name>
      </input_file>
      <input_file id="fl-bf">
         <path>F:\ti\CCS8.3\ccsv8\tools\compiler\ti-cgt-c2000_22.6.0.LTS\lib\</path>
         <kind>archive</kind>
         <file>rts2800_fpu32.lib</file>
         <name>fgetc.c.obj</name>
      </input_file>
      <input_file id="fl-c0">
         <path>F:\ti\CCS8.3\ccsv8\tools\compiler\ti-cgt-c2000_22.6.0.LTS\lib\</path>
         <kind>archive</kind>
         <file>rts2800_fpu32.lib</file>
         <name>fopen.c.obj</name>
      </input_file>
      <input_file id="fl-c1">
         <path>F:\ti\CCS8.3\ccsv8\tools\compiler\ti-cgt-c2000_22.6.0.LTS\lib\</path>
         <kind>archive</kind>
         <file>rts2800_fpu32.lib</file>
         <name>fputc.c.obj</name>
      </input_file>
      <input_file id="fl-c2">
         <path>F:\ti\CCS8.3\ccsv8\tools\compiler\ti-cgt-c2000_22.6.0.LTS\lib\</path>
         <kind>archive</kind>
         <file>rts2800_fpu32.lib</file>
         <name>fputs.c.obj</name>
      </input_file>
      <input_file id="fl-c3">
         <path>F:\ti\CCS8.3\ccsv8\tools\compiler\ti-cgt-c2000_22.6.0.LTS\lib\</path>
         <kind>archive</kind>
         <file>rts2800_fpu32.lib</file>
         <name>fread.c.obj</name>
      </input_file>
      <input_file id="fl-c4">
         <path>F:\ti\CCS8.3\ccsv8\tools\compiler\ti-cgt-c2000_22.6.0.LTS\lib\</path>
         <kind>archive</kind>
         <file>rts2800_fpu32.lib</file>
         <name>fseek.c.obj</name>
      </input_file>
      <input_file id="fl-c5">
         <path>F:\ti\CCS8.3\ccsv8\tools\compiler\ti-cgt-c2000_22.6.0.LTS\lib\</path>
         <kind>archive</kind>
         <file>rts2800_fpu32.lib</file>
         <name>ftell.c.obj</name>
      </input_file>
      <input_file id="fl-c6">
         <path>F:\ti\CCS8.3\ccsv8\tools\compiler\ti-cgt-c2000_22.6.0.LTS\lib\</path>
         <kind>archive</kind>
         <file>rts2800_fpu32.lib</file>
         <name>_bufread.c.obj</name>
      </input_file>
      <input_file id="fl-c7">
         <path>F:\ti\CCS8.3\ccsv8\tools\compiler\ti-cgt-c2000_22.6.0.LTS\lib\</path>
         <kind>archive</kind>
         <file>rts2800_fpu32.lib</file>
         <name>_io_perm.c.obj</name>
      </input_file>
      <input_file id="fl-c8">
         <path>F:\ti\CCS8.3\ccsv8\tools\compiler\ti-cgt-c2000_22.6.0.LTS\lib\</path>
         <kind>archive</kind>
         <file>rts2800_fpu32.lib</file>
         <name>setvbuf.c.obj</name>
      </input_file>
      <input_file id="fl-c9">
         <path>F:\ti\CCS8.3\ccsv8\tools\compiler\ti-cgt-c2000_22.6.0.LTS\lib\</path>
         <kind>archive</kind>
         <file>rts2800_fpu32.lib</file>
         <name>boot28.asm.obj</name>
      </input_file>
      <input_file id="fl-ca">
         <path>F:\ti\CCS8.3\ccsv8\tools\compiler\ti-cgt-c2000_22.6.0.LTS\lib\</path>
         <kind>archive</kind>
         <file>rts2800_fpu32.lib</file>
         <name>fd_cmp28.asm.obj</name>
      </input_file>
      <input_file id="fl-cb">
         <path>F:\ti\CCS8.3\ccsv8\tools\compiler\ti-cgt-c2000_22.6.0.LTS\lib\</path>
         <kind>archive</kind>
         <file>rts2800_fpu32.lib</file>
         <name>fd_mpy28.asm.obj</name>
      </input_file>
      <input_file id="fl-cc">
         <path>F:\ti\CCS8.3\ccsv8\tools\compiler\ti-cgt-c2000_22.6.0.LTS\lib\</path>
         <kind>archive</kind>
         <file>rts2800_fpu32.lib</file>
         <name>fd_neg28.asm.obj</name>
      </input_file>
      <input_file id="fl-cd">
         <path>F:\ti\CCS8.3\ccsv8\tools\compiler\ti-cgt-c2000_22.6.0.LTS\lib\</path>
         <kind>archive</kind>
         <file>rts2800_fpu32.lib</file>
         <name>fd_sub28.asm.obj</name>
      </input_file>
      <input_file id="fl-ce">
         <path>F:\ti\CCS8.3\ccsv8\tools\compiler\ti-cgt-c2000_22.6.0.LTS\lib\</path>
         <kind>archive</kind>
         <file>rts2800_fpu32.lib</file>
         <name>fd_toi28.asm.obj</name>
      </input_file>
      <input_file id="fl-cf">
         <path>F:\ti\CCS8.3\ccsv8\tools\compiler\ti-cgt-c2000_22.6.0.LTS\lib\</path>
         <kind>archive</kind>
         <file>rts2800_fpu32.lib</file>
         <name>fd_tol28.asm.obj</name>
      </input_file>
      <input_file id="fl-d0">
         <path>F:\ti\CCS8.3\ccsv8\tools\compiler\ti-cgt-c2000_22.6.0.LTS\lib\</path>
         <kind>archive</kind>
         <file>rts2800_fpu32.lib</file>
         <name>ll_aox28.asm.obj</name>
      </input_file>
      <input_file id="fl-d1">
         <path>F:\ti\CCS8.3\ccsv8\tools\compiler\ti-cgt-c2000_22.6.0.LTS\lib\</path>
         <kind>archive</kind>
         <file>rts2800_fpu32.lib</file>
         <name>ll_cmp28.asm.obj</name>
      </input_file>
      <input_file id="fl-d2">
         <path>F:\ti\CCS8.3\ccsv8\tools\compiler\ti-cgt-c2000_22.6.0.LTS\lib\</path>
         <kind>archive</kind>
         <file>rts2800_fpu32.lib</file>
         <name>ll_div28.asm.obj</name>
      </input_file>
      <input_file id="fl-d3">
         <path>F:\ti\CCS8.3\ccsv8\tools\compiler\ti-cgt-c2000_22.6.0.LTS\lib\</path>
         <kind>archive</kind>
         <file>rts2800_fpu32.lib</file>
         <name>i_tofd28.asm.obj</name>
      </input_file>
      <input_file id="fl-d4">
         <path>F:\ti\CCS8.3\ccsv8\tools\compiler\ti-cgt-c2000_22.6.0.LTS\lib\</path>
         <kind>archive</kind>
         <file>rts2800_fpu32.lib</file>
         <name>l_tofd28.asm.obj</name>
      </input_file>
      <input_file id="fl-d5">
         <path>F:\ti\CCS8.3\ccsv8\tools\compiler\ti-cgt-c2000_22.6.0.LTS\lib\</path>
         <kind>archive</kind>
         <file>rts2800_fpu32.lib</file>
         <name>fs_tofdfpu32.asm.obj</name>
      </input_file>
      <input_file id="fl-d6">
         <path>F:\ti\CCS8.3\ccsv8\tools\compiler\ti-cgt-c2000_22.6.0.LTS\lib\</path>
         <kind>archive</kind>
         <file>rts2800_fpu32.lib</file>
         <name>fd_div28.asm.obj</name>
      </input_file>
      <input_file id="fl-d7">
         <path>F:\ti\CCS8.3\ccsv8\tools\compiler\ti-cgt-c2000_22.6.0.LTS\lib\</path>
         <kind>archive</kind>
         <file>rts2800_fpu32.lib</file>
         <name>cpy_tbl.c.obj</name>
      </input_file>
      <input_file id="fl-d8">
         <path>F:\ti\CCS8.3\ccsv8\tools\compiler\ti-cgt-c2000_22.6.0.LTS\lib\</path>
         <kind>archive</kind>
         <file>rts2800_fpu32.lib</file>
         <name>memcpy.c.obj</name>
      </input_file>
      <input_file id="fl-d9">
         <path>F:\ti\CCS8.3\ccsv8\tools\compiler\ti-cgt-c2000_22.6.0.LTS\lib\</path>
         <kind>archive</kind>
         <file>rts2800_fpu32.lib</file>
         <name>pre_init.c.obj</name>
      </input_file>
      <input_file id="fl-da">
         <path>F:\ti\CCS8.3\ccsv8\tools\compiler\ti-cgt-c2000_22.6.0.LTS\lib\</path>
         <kind>archive</kind>
         <file>rts2800_fpu32.lib</file>
         <name>startup.c.obj</name>
      </input_file>
      <input_file id="fl-db">
         <path>F:\ti\CCS8.3\ccsv8\tools\compiler\ti-cgt-c2000_22.6.0.LTS\lib\</path>
         <kind>archive</kind>
         <file>rts2800_fpu32.lib</file>
         <name>exit.c.obj</name>
      </input_file>
      <input_file id="fl-dc">
         <path>F:\ti\CCS8.3\ccsv8\tools\compiler\ti-cgt-c2000_22.6.0.LTS\lib\</path>
         <kind>archive</kind>
         <file>rts2800_fpu32.lib</file>
         <name>_lock.c.obj</name>
      </input_file>
      <input_file id="fl-dd">
         <path>F:\ti\CCS8.3\ccsv8\tools\compiler\ti-cgt-c2000_22.6.0.LTS\lib\</path>
         <kind>archive</kind>
         <file>rts2800_fpu32.lib</file>
         <name>_ltoa.c.obj</name>
      </input_file>
      <input_file id="fl-de">
         <path>F:\ti\CCS8.3\ccsv8\tools\compiler\ti-cgt-c2000_22.6.0.LTS\lib\</path>
         <kind>archive</kind>
         <file>rts2800_fpu32.lib</file>
         <name>args_main.c.obj</name>
      </input_file>
      <input_file id="fl-df">
         <path>F:\ti\CCS8.3\ccsv8\tools\compiler\ti-cgt-c2000_22.6.0.LTS\lib\</path>
         <kind>archive</kind>
         <file>rts2800_fpu32.lib</file>
         <name>atoi.c.obj</name>
      </input_file>
      <input_file id="fl-e0">
         <path>F:\ti\CCS8.3\ccsv8\tools\compiler\ti-cgt-c2000_22.6.0.LTS\lib\</path>
         <kind>archive</kind>
         <file>rts2800_fpu32.lib</file>
         <name>ctype.c.obj</name>
      </input_file>
      <input_file id="fl-e1">
         <path>F:\ti\CCS8.3\ccsv8\tools\compiler\ti-cgt-c2000_22.6.0.LTS\lib\</path>
         <kind>archive</kind>
         <file>rts2800_fpu32.lib</file>
         <name>defs.c.obj</name>
      </input_file>
      <input_file id="fl-e2">
         <path>F:\ti\CCS8.3\ccsv8\tools\compiler\ti-cgt-c2000_22.6.0.LTS\lib\</path>
         <kind>archive</kind>
         <file>rts2800_fpu32.lib</file>
         <name>memccpy.c.obj</name>
      </input_file>
      <input_file id="fl-e3">
         <path>F:\ti\CCS8.3\ccsv8\tools\compiler\ti-cgt-c2000_22.6.0.LTS\lib\</path>
         <kind>archive</kind>
         <file>rts2800_fpu32.lib</file>
         <name>memchr.c.obj</name>
      </input_file>
      <input_file id="fl-e4">
         <path>F:\ti\CCS8.3\ccsv8\tools\compiler\ti-cgt-c2000_22.6.0.LTS\lib\</path>
         <kind>archive</kind>
         <file>rts2800_fpu32.lib</file>
         <name>memcmp.c.obj</name>
      </input_file>
      <input_file id="fl-e5">
         <path>F:\ti\CCS8.3\ccsv8\tools\compiler\ti-cgt-c2000_22.6.0.LTS\lib\</path>
         <kind>archive</kind>
         <file>rts2800_fpu32.lib</file>
         <name>memory.c.obj</name>
      </input_file>
      <input_file id="fl-e6">
         <path>F:\ti\CCS8.3\ccsv8\tools\compiler\ti-cgt-c2000_22.6.0.LTS\lib\</path>
         <kind>archive</kind>
         <file>rts2800_fpu32.lib</file>
         <name>memset.c.obj</name>
      </input_file>
      <input_file id="fl-e7">
         <path>F:\ti\CCS8.3\ccsv8\tools\compiler\ti-cgt-c2000_22.6.0.LTS\lib\</path>
         <kind>archive</kind>
         <file>rts2800_fpu32.lib</file>
         <name>strchr.c.obj</name>
      </input_file>
      <input_file id="fl-e8">
         <path>F:\ti\CCS8.3\ccsv8\tools\compiler\ti-cgt-c2000_22.6.0.LTS\lib\</path>
         <kind>archive</kind>
         <file>rts2800_fpu32.lib</file>
         <name>strcmp.c.obj</name>
      </input_file>
      <input_file id="fl-e9">
         <path>F:\ti\CCS8.3\ccsv8\tools\compiler\ti-cgt-c2000_22.6.0.LTS\lib\</path>
         <kind>archive</kind>
         <file>rts2800_fpu32.lib</file>
         <name>strcpy.c.obj</name>
      </input_file>
      <input_file id="fl-ea">
         <path>F:\ti\CCS8.3\ccsv8\tools\compiler\ti-cgt-c2000_22.6.0.LTS\lib\</path>
         <kind>archive</kind>
         <file>rts2800_fpu32.lib</file>
         <name>strlen.c.obj</name>
      </input_file>
      <input_file id="fl-eb">
         <path>F:\ti\CCS8.3\ccsv8\tools\compiler\ti-cgt-c2000_22.6.0.LTS\lib\</path>
         <kind>archive</kind>
         <file>rts2800_fpu32.lib</file>
         <name>errno.c.obj</name>
      </input_file>
      <input_file id="fl-ec">
         <path>F:\ti\CCS8.3\ccsv8\tools\compiler\ti-cgt-c2000_22.6.0.LTS\lib\</path>
         <kind>archive</kind>
         <file>rts2800_fpu32.lib</file>
         <name>write.c.obj</name>
      </input_file>
      <input_file id="fl-ed">
         <path>F:\ti\CCS8.3\ccsv8\tools\compiler\ti-cgt-c2000_22.6.0.LTS\lib\</path>
         <kind>archive</kind>
         <file>rts2800_fpu32.lib</file>
         <name>host_device.c.obj</name>
      </input_file>
      <input_file id="fl-ee">
         <path>F:\ti\CCS8.3\ccsv8\tools\compiler\ti-cgt-c2000_22.6.0.LTS\lib\</path>
         <kind>archive</kind>
         <file>rts2800_fpu32.lib</file>
         <name>remove.c.obj</name>
      </input_file>
      <input_file id="fl-ef">
         <path>F:\ti\CCS8.3\ccsv8\tools\compiler\ti-cgt-c2000_22.6.0.LTS\lib\</path>
         <kind>archive</kind>
         <file>rts2800_fpu32.lib</file>
         <name>read.c.obj</name>
      </input_file>
      <input_file id="fl-f0">
         <path>F:\ti\CCS8.3\ccsv8\tools\compiler\ti-cgt-c2000_22.6.0.LTS\lib\</path>
         <kind>archive</kind>
         <file>rts2800_fpu32.lib</file>
         <name>open.c.obj</name>
      </input_file>
      <input_file id="fl-f1">
         <path>F:\ti\CCS8.3\ccsv8\tools\compiler\ti-cgt-c2000_22.6.0.LTS\lib\</path>
         <kind>archive</kind>
         <file>rts2800_fpu32.lib</file>
         <name>lseek.c.obj</name>
      </input_file>
      <input_file id="fl-f2">
         <path>F:\ti\CCS8.3\ccsv8\tools\compiler\ti-cgt-c2000_22.6.0.LTS\lib\</path>
         <kind>archive</kind>
         <file>rts2800_fpu32.lib</file>
         <name>close.c.obj</name>
      </input_file>
      <input_file id="fl-f3">
         <path>F:\ti\CCS8.3\ccsv8\tools\compiler\ti-cgt-c2000_22.6.0.LTS\lib\</path>
         <kind>archive</kind>
         <file>rts2800_fpu32.lib</file>
         <name>s_frexp.c.obj</name>
      </input_file>
      <input_file id="fl-f4">
         <path>F:\ti\CCS8.3\ccsv8\tools\compiler\ti-cgt-c2000_22.6.0.LTS\lib\</path>
         <kind>archive</kind>
         <file>rts2800_fpu32.lib</file>
         <name>s_scalbn.c.obj</name>
      </input_file>
      <input_file id="fl-f5">
         <path>F:\ti\CCS8.3\ccsv8\tools\compiler\ti-cgt-c2000_22.6.0.LTS\lib\</path>
         <kind>archive</kind>
         <file>rts2800_fpu32.lib</file>
         <name>s_copysign.c.obj</name>
      </input_file>
      <input_file id="fl-f6">
         <path>F:\ti\CCS8.3\ccsv8\tools\compiler\ti-cgt-c2000_22.6.0.LTS\lib\</path>
         <kind>archive</kind>
         <file>rts2800_fpu32.lib</file>
         <name>wcslen.c.obj</name>
      </input_file>
      <input_file id="fl-f7">
         <path>F:\ti\CCS8.3\ccsv8\tools\compiler\ti-cgt-c2000_22.6.0.LTS\lib\</path>
         <kind>archive</kind>
         <file>rts2800_fpu32.lib</file>
         <name>getdevice.c.obj</name>
      </input_file>
      <input_file id="fl-f8">
         <path>F:\ti\CCS8.3\ccsv8\tools\compiler\ti-cgt-c2000_22.6.0.LTS\lib\</path>
         <kind>archive</kind>
         <file>rts2800_fpu32.lib</file>
         <name>fd_add28.asm.obj</name>
      </input_file>
      <input_file id="fl-f9">
         <path>F:\ti\CCS8.3\ccsv8\tools\compiler\ti-cgt-c2000_22.6.0.LTS\lib\</path>
         <kind>archive</kind>
         <file>rts2800_fpu32.lib</file>
         <name>l_div28.asm.obj</name>
      </input_file>
      <input_file id="fl-fa">
         <path>F:\ti\CCS8.3\ccsv8\tools\compiler\ti-cgt-c2000_22.6.0.LTS\lib\</path>
         <kind>archive</kind>
         <file>rts2800_fpu32.lib</file>
         <name>strncpy.c.obj</name>
      </input_file>
      <input_file id="fl-fb">
         <path>F:\ti\CCS8.3\ccsv8\tools\compiler\ti-cgt-c2000_22.6.0.LTS\lib\</path>
         <kind>archive</kind>
         <file>rts2800_fpu32.lib</file>
         <name>unlink.c.obj</name>
      </input_file>
      <input_file id="fl-fc">
         <path>F:\ti\CCS8.3\ccsv8\tools\compiler\ti-cgt-c2000_22.6.0.LTS\lib\</path>
         <kind>archive</kind>
         <file>rts2800_fpu32.lib</file>
         <name>hostclose.c.obj</name>
      </input_file>
      <input_file id="fl-fd">
         <path>F:\ti\CCS8.3\ccsv8\tools\compiler\ti-cgt-c2000_22.6.0.LTS\lib\</path>
         <kind>archive</kind>
         <file>rts2800_fpu32.lib</file>
         <name>hostlseek.c.obj</name>
      </input_file>
      <input_file id="fl-fe">
         <path>F:\ti\CCS8.3\ccsv8\tools\compiler\ti-cgt-c2000_22.6.0.LTS\lib\</path>
         <kind>archive</kind>
         <file>rts2800_fpu32.lib</file>
         <name>hostopen.c.obj</name>
      </input_file>
      <input_file id="fl-ff">
         <path>F:\ti\CCS8.3\ccsv8\tools\compiler\ti-cgt-c2000_22.6.0.LTS\lib\</path>
         <kind>archive</kind>
         <file>rts2800_fpu32.lib</file>
         <name>hostread.c.obj</name>
      </input_file>
      <input_file id="fl-100">
         <path>F:\ti\CCS8.3\ccsv8\tools\compiler\ti-cgt-c2000_22.6.0.LTS\lib\</path>
         <kind>archive</kind>
         <file>rts2800_fpu32.lib</file>
         <name>hostrename.c.obj</name>
      </input_file>
      <input_file id="fl-101">
         <path>F:\ti\CCS8.3\ccsv8\tools\compiler\ti-cgt-c2000_22.6.0.LTS\lib\</path>
         <kind>archive</kind>
         <file>rts2800_fpu32.lib</file>
         <name>hostunlink.c.obj</name>
      </input_file>
      <input_file id="fl-102">
         <path>F:\ti\CCS8.3\ccsv8\tools\compiler\ti-cgt-c2000_22.6.0.LTS\lib\</path>
         <kind>archive</kind>
         <file>rts2800_fpu32.lib</file>
         <name>hostwrite.c.obj</name>
      </input_file>
      <input_file id="fl-103">
         <path>F:\ti\CCS8.3\ccsv8\tools\compiler\ti-cgt-c2000_22.6.0.LTS\lib\</path>
         <kind>archive</kind>
         <file>rts2800_fpu32.lib</file>
         <name>trgmsg.c.obj</name>
      </input_file>
   </input_file_list>
   <object_component_list>
      <object_component id="oc-9c">
         <name>PieVectTableFile</name>
         <uninitialized>true</uninitialized>
         <run_address>0xd00</run_address>
         <size>0x100</size>
         <input_file_ref idref="fl-8"/>
      </object_component>
      <object_component id="oc-98">
         <name>DevEmuRegsFile</name>
         <uninitialized>true</uninitialized>
         <run_address>0x880</run_address>
         <size>0xd0</size>
         <input_file_ref idref="fl-8"/>
      </object_component>
      <object_component id="oc-70">
         <name>FlashRegsFile</name>
         <uninitialized>true</uninitialized>
         <run_address>0xa80</run_address>
         <size>0x8</size>
         <input_file_ref idref="fl-8"/>
      </object_component>
      <object_component id="oc-73">
         <name>CsmRegsFile</name>
         <uninitialized>true</uninitialized>
         <run_address>0xae0</run_address>
         <size>0x10</size>
         <input_file_ref idref="fl-8"/>
      </object_component>
      <object_component id="oc-72">
         <name>AdcMirrorFile</name>
         <uninitialized>true</uninitialized>
         <run_address>0xb00</run_address>
         <size>0x10</size>
         <input_file_ref idref="fl-8"/>
      </object_component>
      <object_component id="oc-7b">
         <name>XintfRegsFile</name>
         <uninitialized>true</uninitialized>
         <run_address>0xb20</run_address>
         <size>0x1e</size>
         <input_file_ref idref="fl-8"/>
      </object_component>
      <object_component id="oc-6c">
         <name>CpuTimer0RegsFile</name>
         <uninitialized>true</uninitialized>
         <run_address>0xc00</run_address>
         <size>0x8</size>
         <input_file_ref idref="fl-8"/>
      </object_component>
      <object_component id="oc-6d">
         <name>CpuTimer1RegsFile</name>
         <uninitialized>true</uninitialized>
         <run_address>0xc08</run_address>
         <size>0x8</size>
         <input_file_ref idref="fl-8"/>
      </object_component>
      <object_component id="oc-6e">
         <name>CpuTimer2RegsFile</name>
         <uninitialized>true</uninitialized>
         <run_address>0xc10</run_address>
         <size>0x8</size>
         <input_file_ref idref="fl-8"/>
      </object_component>
      <object_component id="oc-79">
         <name>PieCtrlRegsFile</name>
         <uninitialized>true</uninitialized>
         <run_address>0xce0</run_address>
         <size>0x1a</size>
         <input_file_ref idref="fl-8"/>
      </object_component>
      <object_component id="oc-99">
         <name>DmaRegsFile</name>
         <uninitialized>true</uninitialized>
         <run_address>0x1000</run_address>
         <size>0xe0</size>
         <input_file_ref idref="fl-8"/>
      </object_component>
      <object_component id="oc-8b">
         <name>McbspaRegsFile</name>
         <uninitialized>true</uninitialized>
         <run_address>0x5000</run_address>
         <size>0x25</size>
         <input_file_ref idref="fl-8"/>
      </object_component>
      <object_component id="oc-8c">
         <name>McbspbRegsFile</name>
         <uninitialized>true</uninitialized>
         <run_address>0x5040</run_address>
         <size>0x25</size>
         <input_file_ref idref="fl-8"/>
      </object_component>
      <object_component id="oc-8e">
         <name>ECanaRegsFile</name>
         <uninitialized>true</uninitialized>
         <run_address>0x6000</run_address>
         <size>0x34</size>
         <input_file_ref idref="fl-8"/>
      </object_component>
      <object_component id="oc-90">
         <name>ECanaLAMRegsFile</name>
         <uninitialized>true</uninitialized>
         <run_address>0x6040</run_address>
         <size>0x40</size>
         <input_file_ref idref="fl-8"/>
      </object_component>
      <object_component id="oc-9a">
         <name>ECanaMboxesFile</name>
         <uninitialized>true</uninitialized>
         <run_address>0x6100</run_address>
         <size>0x100</size>
         <input_file_ref idref="fl-8"/>
      </object_component>
      <object_component id="oc-91">
         <name>ECanaMOTSRegsFile</name>
         <uninitialized>true</uninitialized>
         <run_address>0x6080</run_address>
         <size>0x40</size>
         <input_file_ref idref="fl-8"/>
      </object_component>
      <object_component id="oc-92">
         <name>ECanaMOTORegsFile</name>
         <uninitialized>true</uninitialized>
         <run_address>0x60c0</run_address>
         <size>0x40</size>
         <input_file_ref idref="fl-8"/>
      </object_component>
      <object_component id="oc-8f">
         <name>ECanbRegsFile</name>
         <uninitialized>true</uninitialized>
         <run_address>0x6200</run_address>
         <size>0x34</size>
         <input_file_ref idref="fl-8"/>
      </object_component>
      <object_component id="oc-93">
         <name>ECanbLAMRegsFile</name>
         <uninitialized>true</uninitialized>
         <run_address>0x6240</run_address>
         <size>0x40</size>
         <input_file_ref idref="fl-8"/>
      </object_component>
      <object_component id="oc-9b">
         <name>ECanbMboxesFile</name>
         <uninitialized>true</uninitialized>
         <run_address>0x6300</run_address>
         <size>0x100</size>
         <input_file_ref idref="fl-8"/>
      </object_component>
      <object_component id="oc-94">
         <name>ECanbMOTSRegsFile</name>
         <uninitialized>true</uninitialized>
         <run_address>0x6280</run_address>
         <size>0x40</size>
         <input_file_ref idref="fl-8"/>
      </object_component>
      <object_component id="oc-95">
         <name>ECanbMOTORegsFile</name>
         <uninitialized>true</uninitialized>
         <run_address>0x62c0</run_address>
         <size>0x40</size>
         <input_file_ref idref="fl-8"/>
      </object_component>
      <object_component id="oc-84">
         <name>EPwm1RegsFile</name>
         <uninitialized>true</uninitialized>
         <run_address>0x6800</run_address>
         <size>0x22</size>
         <input_file_ref idref="fl-8"/>
      </object_component>
      <object_component id="oc-85">
         <name>EPwm2RegsFile</name>
         <uninitialized>true</uninitialized>
         <run_address>0x6840</run_address>
         <size>0x22</size>
         <input_file_ref idref="fl-8"/>
      </object_component>
      <object_component id="oc-86">
         <name>EPwm3RegsFile</name>
         <uninitialized>true</uninitialized>
         <run_address>0x6880</run_address>
         <size>0x22</size>
         <input_file_ref idref="fl-8"/>
      </object_component>
      <object_component id="oc-87">
         <name>EPwm4RegsFile</name>
         <uninitialized>true</uninitialized>
         <run_address>0x68c0</run_address>
         <size>0x22</size>
         <input_file_ref idref="fl-8"/>
      </object_component>
      <object_component id="oc-88">
         <name>EPwm5RegsFile</name>
         <uninitialized>true</uninitialized>
         <run_address>0x6900</run_address>
         <size>0x22</size>
         <input_file_ref idref="fl-8"/>
      </object_component>
      <object_component id="oc-89">
         <name>EPwm6RegsFile</name>
         <uninitialized>true</uninitialized>
         <run_address>0x6940</run_address>
         <size>0x22</size>
         <input_file_ref idref="fl-8"/>
      </object_component>
      <object_component id="oc-7c">
         <name>ECap1RegsFile</name>
         <uninitialized>true</uninitialized>
         <run_address>0x6a00</run_address>
         <size>0x20</size>
         <input_file_ref idref="fl-8"/>
      </object_component>
      <object_component id="oc-7d">
         <name>ECap2RegsFile</name>
         <uninitialized>true</uninitialized>
         <run_address>0x6a20</run_address>
         <size>0x20</size>
         <input_file_ref idref="fl-8"/>
      </object_component>
      <object_component id="oc-7e">
         <name>ECap3RegsFile</name>
         <uninitialized>true</uninitialized>
         <run_address>0x6a40</run_address>
         <size>0x20</size>
         <input_file_ref idref="fl-8"/>
      </object_component>
      <object_component id="oc-7f">
         <name>ECap4RegsFile</name>
         <uninitialized>true</uninitialized>
         <run_address>0x6a60</run_address>
         <size>0x20</size>
         <input_file_ref idref="fl-8"/>
      </object_component>
      <object_component id="oc-80">
         <name>ECap5RegsFile</name>
         <uninitialized>true</uninitialized>
         <run_address>0x6a80</run_address>
         <size>0x20</size>
         <input_file_ref idref="fl-8"/>
      </object_component>
      <object_component id="oc-81">
         <name>ECap6RegsFile</name>
         <uninitialized>true</uninitialized>
         <run_address>0x6aa0</run_address>
         <size>0x20</size>
         <input_file_ref idref="fl-8"/>
      </object_component>
      <object_component id="oc-96">
         <name>EQep1RegsFile</name>
         <uninitialized>true</uninitialized>
         <run_address>0x6b00</run_address>
         <size>0x40</size>
         <input_file_ref idref="fl-8"/>
      </object_component>
      <object_component id="oc-97">
         <name>EQep2RegsFile</name>
         <uninitialized>true</uninitialized>
         <run_address>0x6b40</run_address>
         <size>0x40</size>
         <input_file_ref idref="fl-8"/>
      </object_component>
      <object_component id="oc-8d">
         <name>GpioCtrlRegsFile</name>
         <uninitialized>true</uninitialized>
         <run_address>0x6f80</run_address>
         <size>0x2e</size>
         <input_file_ref idref="fl-8"/>
      </object_component>
      <object_component id="oc-82">
         <name>GpioDataRegsFile</name>
         <uninitialized>true</uninitialized>
         <run_address>0x6fc0</run_address>
         <size>0x20</size>
         <input_file_ref idref="fl-8"/>
      </object_component>
      <object_component id="oc-71">
         <name>GpioIntRegsFile</name>
         <uninitialized>true</uninitialized>
         <run_address>0x6fe0</run_address>
         <size>0xa</size>
         <input_file_ref idref="fl-8"/>
      </object_component>
      <object_component id="oc-83">
         <name>SysCtrlRegsFile</name>
         <uninitialized>true</uninitialized>
         <run_address>0x7010</run_address>
         <size>0x20</size>
         <input_file_ref idref="fl-8"/>
      </object_component>
      <object_component id="oc-77">
         <name>SpiaRegsFile</name>
         <uninitialized>true</uninitialized>
         <run_address>0x7040</run_address>
         <size>0x10</size>
         <input_file_ref idref="fl-8"/>
      </object_component>
      <object_component id="oc-74">
         <name>SciaRegsFile</name>
         <uninitialized>true</uninitialized>
         <run_address>0x7050</run_address>
         <size>0x10</size>
         <input_file_ref idref="fl-8"/>
      </object_component>
      <object_component id="oc-78">
         <name>XIntruptRegsFile</name>
         <uninitialized>true</uninitialized>
         <run_address>0x7070</run_address>
         <size>0x10</size>
         <input_file_ref idref="fl-8"/>
      </object_component>
      <object_component id="oc-7a">
         <name>AdcRegsFile</name>
         <uninitialized>true</uninitialized>
         <run_address>0x7100</run_address>
         <size>0x1e</size>
         <input_file_ref idref="fl-8"/>
      </object_component>
      <object_component id="oc-75">
         <name>ScibRegsFile</name>
         <uninitialized>true</uninitialized>
         <run_address>0x7750</run_address>
         <size>0x10</size>
         <input_file_ref idref="fl-8"/>
      </object_component>
      <object_component id="oc-76">
         <name>ScicRegsFile</name>
         <uninitialized>true</uninitialized>
         <run_address>0x7770</run_address>
         <size>0x10</size>
         <input_file_ref idref="fl-8"/>
      </object_component>
      <object_component id="oc-8a">
         <name>I2caRegsFile</name>
         <uninitialized>true</uninitialized>
         <run_address>0x7900</run_address>
         <size>0x22</size>
         <input_file_ref idref="fl-8"/>
      </object_component>
      <object_component id="oc-6f">
         <name>CsmPwlFile</name>
         <uninitialized>true</uninitialized>
         <run_address>0x33fff8</run_address>
         <size>0x8</size>
         <input_file_ref idref="fl-8"/>
      </object_component>
      <object_component id="oc-51e">
         <name>.cinit:__ftable</name>
         <load_address>0x328000</load_address>
         <run_address>0x328000</run_address>
         <size>0x26</size>
         <input_file_ref idref="fl-e1"/>
      </object_component>
      <object_component id="oc-d6">
         <name>.cinit</name>
         <load_address>0x328026</load_address>
         <run_address>0x328026</run_address>
         <size>0x1f</size>
         <input_file_ref idref="fl-14"/>
      </object_component>
      <object_component id="oc-604">
         <name>.cinit:__device</name>
         <load_address>0x328045</load_address>
         <run_address>0x328045</run_address>
         <size>0x1b</size>
         <input_file_ref idref="fl-ed"/>
      </object_component>
      <object_component id="oc-5fe">
         <name>.cinit:_trackTable$1</name>
         <load_address>0x328060</load_address>
         <run_address>0x328060</run_address>
         <size>0x17</size>
         <input_file_ref idref="fl-9a"/>
      </object_component>
      <object_component id="oc-331">
         <name>.cinit</name>
         <load_address>0x328077</load_address>
         <run_address>0x328077</run_address>
         <size>0x17</size>
         <input_file_ref idref="fl-a8"/>
      </object_component>
      <object_component id="oc-5b3">
         <name>.cinit:__stream</name>
         <load_address>0x32808e</load_address>
         <run_address>0x32808e</run_address>
         <size>0xe</size>
         <input_file_ref idref="fl-ed"/>
      </object_component>
      <object_component id="oc-406">
         <name>.cinit</name>
         <load_address>0x32809c</load_address>
         <run_address>0x32809c</run_address>
         <size>0xe</size>
         <input_file_ref idref="fl-db"/>
      </object_component>
      <object_component id="oc-4e5">
         <name>.cinit:_Buff</name>
         <load_address>0x3280aa</load_address>
         <run_address>0x3280aa</run_address>
         <size>0xd</size>
         <input_file_ref idref="fl-ad"/>
      </object_component>
      <object_component id="oc-4de">
         <name>.cinit:__lock</name>
         <load_address>0x3280b7</load_address>
         <run_address>0x3280b7</run_address>
         <size>0x5</size>
         <input_file_ref idref="fl-dc"/>
      </object_component>
      <object_component id="oc-4f3">
         <name>.cinit:__unlock</name>
         <load_address>0x3280bc</load_address>
         <run_address>0x3280bc</run_address>
         <size>0x5</size>
         <input_file_ref idref="fl-dc"/>
      </object_component>
      <object_component id="oc-423">
         <name>.cinit</name>
         <load_address>0x3280c1</load_address>
         <run_address>0x3280c1</run_address>
         <size>0x4</size>
         <input_file_ref idref="fl-e1"/>
      </object_component>
      <object_component id="oc-457">
         <name>.cinit</name>
         <load_address>0x3280c5</load_address>
         <run_address>0x3280c5</run_address>
         <size>0x4</size>
         <input_file_ref idref="fl-eb"/>
      </object_component>
      <object_component id="oc-37b">
         <name>.cinit</name>
         <load_address>0x3280c9</load_address>
         <run_address>0x3280c9</run_address>
         <size>0x4</size>
         <input_file_ref idref="fl-c0"/>
      </object_component>
      <object_component id="oc-436">
         <name>.cinit</name>
         <load_address>0x3280cd</load_address>
         <run_address>0x3280cd</run_address>
         <size>0x4</size>
         <input_file_ref idref="fl-e5"/>
      </object_component>
      <object_component id="oc-46c">
         <name>.cinit</name>
         <load_address>0x3280d1</load_address>
         <run_address>0x3280d1</run_address>
         <size>0x4</size>
         <input_file_ref idref="fl-f0"/>
      </object_component>
      <object_component id="oc-513">
         <name>.text</name>
         <load_address>0x308000</load_address>
         <run_address>0x308000</run_address>
         <size>0xbe5</size>
         <input_file_ref idref="fl-3e"/>
      </object_component>
      <object_component id="oc-52e">
         <name>.text</name>
         <load_address>0x308be5</load_address>
         <run_address>0x308be5</run_address>
         <size>0xa1f</size>
         <input_file_ref idref="fl-65"/>
      </object_component>
      <object_component id="oc-558">
         <name>.text</name>
         <load_address>0x309604</load_address>
         <run_address>0x309604</run_address>
         <size>0x9d9</size>
         <input_file_ref idref="fl-6a"/>
      </object_component>
      <object_component id="oc-52d">
         <name>.text</name>
         <load_address>0x309fdd</load_address>
         <run_address>0x309fdd</run_address>
         <size>0x898</size>
         <input_file_ref idref="fl-5c"/>
      </object_component>
      <object_component id="oc-504">
         <name>.text</name>
         <load_address>0x30a875</load_address>
         <run_address>0x30a875</run_address>
         <size>0x765</size>
         <input_file_ref idref="fl-5b"/>
      </object_component>
      <object_component id="oc-602">
         <name>.text</name>
         <load_address>0x30afda</load_address>
         <run_address>0x30afda</run_address>
         <size>0x75d</size>
         <input_file_ref idref="fl-a3"/>
      </object_component>
      <object_component id="oc-4d6">
         <name>.text</name>
         <load_address>0x30b737</load_address>
         <run_address>0x30b737</run_address>
         <size>0x1</size>
         <input_file_ref idref="fl-da"/>
      </object_component>
      <object_component id="oc-522">
         <name>.text</name>
         <load_address>0x30b738</load_address>
         <run_address>0x30b738</run_address>
         <size>0x6d0</size>
         <input_file_ref idref="fl-ba"/>
      </object_component>
      <object_component id="oc-4ff">
         <name>.text:__TI_printfi</name>
         <load_address>0x30be08</load_address>
         <run_address>0x30be08</run_address>
         <size>0x5f5</size>
         <input_file_ref idref="fl-ba"/>
      </object_component>
      <object_component id="oc-4e0">
         <name>.text</name>
         <load_address>0x30c3fd</load_address>
         <run_address>0x30c3fd</run_address>
         <size>0x558</size>
         <input_file_ref idref="fl-2b"/>
      </object_component>
      <object_component id="oc-58b">
         <name>.text</name>
         <load_address>0x30c955</load_address>
         <run_address>0x30c955</run_address>
         <size>0x4b4</size>
         <input_file_ref idref="fl-9d"/>
      </object_component>
      <object_component id="oc-593">
         <name>.text</name>
         <load_address>0x30ce09</load_address>
         <run_address>0x30ce09</run_address>
         <size>0x42f</size>
         <input_file_ref idref="fl-99"/>
      </object_component>
      <object_component id="oc-5ad">
         <name>.text</name>
         <load_address>0x30d238</load_address>
         <run_address>0x30d238</run_address>
         <size>0x42c</size>
         <input_file_ref idref="fl-84"/>
      </object_component>
      <object_component id="oc-58a">
         <name>.text</name>
         <load_address>0x30d664</load_address>
         <run_address>0x30d664</run_address>
         <size>0x3f0</size>
         <input_file_ref idref="fl-9b"/>
      </object_component>
      <object_component id="oc-52f">
         <name>.text</name>
         <load_address>0x30da54</load_address>
         <run_address>0x30da54</run_address>
         <size>0x3ca</size>
         <input_file_ref idref="fl-32"/>
      </object_component>
      <object_component id="oc-590">
         <name>.text</name>
         <load_address>0x30de1e</load_address>
         <run_address>0x30de1e</run_address>
         <size>0x395</size>
         <input_file_ref idref="fl-8f"/>
      </object_component>
      <object_component id="oc-5ac">
         <name>.text</name>
         <load_address>0x30e1b3</load_address>
         <run_address>0x30e1b3</run_address>
         <size>0x38f</size>
         <input_file_ref idref="fl-91"/>
      </object_component>
      <object_component id="oc-589">
         <name>.text</name>
         <load_address>0x30e542</load_address>
         <run_address>0x30e542</run_address>
         <size>0x370</size>
         <input_file_ref idref="fl-7d"/>
      </object_component>
      <object_component id="oc-5a9">
         <name>.text</name>
         <load_address>0x30e8b2</load_address>
         <run_address>0x30e8b2</run_address>
         <size>0x357</size>
         <input_file_ref idref="fl-a1"/>
      </object_component>
      <object_component id="oc-5c">
         <name>.text:retain</name>
         <load_address>0x30ec09</load_address>
         <run_address>0x30ec09</run_address>
         <size>0x323</size>
         <input_file_ref idref="fl-5"/>
      </object_component>
      <object_component id="oc-5ae">
         <name>.text</name>
         <load_address>0x30ef2c</load_address>
         <run_address>0x30ef2c</run_address>
         <size>0x30e</size>
         <input_file_ref idref="fl-7f"/>
      </object_component>
      <object_component id="oc-58f">
         <name>.text</name>
         <load_address>0x30f23a</load_address>
         <run_address>0x30f23a</run_address>
         <size>0x2ef</size>
         <input_file_ref idref="fl-75"/>
      </object_component>
      <object_component id="oc-5ab">
         <name>.text</name>
         <load_address>0x30f529</load_address>
         <run_address>0x30f529</run_address>
         <size>0x2ee</size>
         <input_file_ref idref="fl-88"/>
      </object_component>
      <object_component id="oc-52c">
         <name>.text</name>
         <load_address>0x30f817</load_address>
         <run_address>0x30f817</run_address>
         <size>0x2ca</size>
         <input_file_ref idref="fl-60"/>
      </object_component>
      <object_component id="oc-4f6">
         <name>.text</name>
         <load_address>0x30fae1</load_address>
         <run_address>0x30fae1</run_address>
         <size>0x2c8</size>
         <input_file_ref idref="fl-2c"/>
      </object_component>
      <object_component id="oc-59b">
         <name>.text</name>
         <load_address>0x30fda9</load_address>
         <run_address>0x30fda9</run_address>
         <size>0x254</size>
         <input_file_ref idref="fl-72"/>
      </object_component>
      <object_component id="oc-546">
         <name>.text</name>
         <load_address>0x30fffd</load_address>
         <run_address>0x30fffd</run_address>
         <size>0x3</size>
         <input_file_ref idref="fl-ee"/>
      </object_component>
      <object_component id="oc-5aa">
         <name>.text</name>
         <load_address>0x310000</load_address>
         <run_address>0x310000</run_address>
         <size>0x2c7</size>
         <input_file_ref idref="fl-9a"/>
      </object_component>
      <object_component id="oc-529">
         <name>.text</name>
         <load_address>0x3102c7</load_address>
         <run_address>0x3102c7</run_address>
         <size>0x2c6</size>
         <input_file_ref idref="fl-74"/>
      </object_component>
      <object_component id="oc-557">
         <name>.text</name>
         <load_address>0x31058d</load_address>
         <run_address>0x31058d</run_address>
         <size>0x2b5</size>
         <input_file_ref idref="fl-63"/>
      </object_component>
      <object_component id="oc-503">
         <name>.text</name>
         <load_address>0x310842</load_address>
         <run_address>0x310842</run_address>
         <size>0x28c</size>
         <input_file_ref idref="fl-e5"/>
      </object_component>
      <object_component id="oc-5af">
         <name>.text</name>
         <load_address>0x310ace</load_address>
         <run_address>0x310ace</run_address>
         <size>0x277</size>
         <input_file_ref idref="fl-8e"/>
      </object_component>
      <object_component id="oc-55c">
         <name>.text</name>
         <load_address>0x310d45</load_address>
         <run_address>0x310d45</run_address>
         <size>0x246</size>
         <input_file_ref idref="fl-4b"/>
      </object_component>
      <object_component id="oc-55b">
         <name>.text</name>
         <load_address>0x310f8b</load_address>
         <run_address>0x310f8b</run_address>
         <size>0x238</size>
         <input_file_ref idref="fl-5d"/>
      </object_component>
      <object_component id="oc-581">
         <name>.text</name>
         <load_address>0x3111c3</load_address>
         <run_address>0x3111c3</run_address>
         <size>0x237</size>
         <input_file_ref idref="fl-7a"/>
      </object_component>
      <object_component id="oc-588">
         <name>.text</name>
         <load_address>0x3113fa</load_address>
         <run_address>0x3113fa</run_address>
         <size>0x22b</size>
         <input_file_ref idref="fl-6e"/>
      </object_component>
      <object_component id="oc-551">
         <name>.text</name>
         <load_address>0x311625</load_address>
         <run_address>0x311625</run_address>
         <size>0x225</size>
         <input_file_ref idref="fl-4c"/>
      </object_component>
      <object_component id="oc-528">
         <name>.text</name>
         <load_address>0x31184a</load_address>
         <run_address>0x31184a</run_address>
         <size>0x201</size>
         <input_file_ref idref="fl-5e"/>
      </object_component>
      <object_component id="oc-55d">
         <name>.text</name>
         <load_address>0x311a4b</load_address>
         <run_address>0x311a4b</run_address>
         <size>0x1f6</size>
         <input_file_ref idref="fl-57"/>
      </object_component>
      <object_component id="oc-555">
         <name>.text</name>
         <load_address>0x311c41</load_address>
         <run_address>0x311c41</run_address>
         <size>0x1f2</size>
         <input_file_ref idref="fl-6c"/>
      </object_component>
      <object_component id="oc-5fa">
         <name>.text</name>
         <load_address>0x311e33</load_address>
         <run_address>0x311e33</run_address>
         <size>0x1ed</size>
         <input_file_ref idref="fl-86"/>
      </object_component>
      <object_component id="oc-5fb">
         <name>.text</name>
         <load_address>0x312020</load_address>
         <run_address>0x312020</run_address>
         <size>0x1be</size>
         <input_file_ref idref="fl-a2"/>
      </object_component>
      <object_component id="oc-564">
         <name>.text</name>
         <load_address>0x3121de</load_address>
         <run_address>0x3121de</run_address>
         <size>0x1ba</size>
         <input_file_ref idref="fl-5f"/>
      </object_component>
      <object_component id="oc-4dc">
         <name>.text</name>
         <load_address>0x312398</load_address>
         <run_address>0x312398</run_address>
         <size>0x1b9</size>
         <input_file_ref idref="fl-14"/>
      </object_component>
      <object_component id="oc-556">
         <name>.text</name>
         <load_address>0x312551</load_address>
         <run_address>0x312551</run_address>
         <size>0x1a1</size>
         <input_file_ref idref="fl-53"/>
      </object_component>
      <object_component id="oc-537">
         <name>.text</name>
         <load_address>0x3126f2</load_address>
         <run_address>0x3126f2</run_address>
         <size>0x194</size>
         <input_file_ref idref="fl-6b"/>
      </object_component>
      <object_component id="oc-56c">
         <name>.text</name>
         <load_address>0x312886</load_address>
         <run_address>0x312886</run_address>
         <size>0x189</size>
         <input_file_ref idref="fl-38"/>
      </object_component>
      <object_component id="oc-594">
         <name>.text</name>
         <load_address>0x312a0f</load_address>
         <run_address>0x312a0f</run_address>
         <size>0x189</size>
         <input_file_ref idref="fl-98"/>
      </object_component>
      <object_component id="oc-4da">
         <name>.text</name>
         <load_address>0x312b98</load_address>
         <run_address>0x312b98</run_address>
         <size>0x187</size>
         <input_file_ref idref="fl-ad"/>
      </object_component>
      <object_component id="oc-4ee">
         <name>.text</name>
         <load_address>0x312d1f</load_address>
         <run_address>0x312d1f</run_address>
         <size>0x159</size>
         <input_file_ref idref="fl-b"/>
      </object_component>
      <object_component id="oc-514">
         <name>.text</name>
         <load_address>0x312e78</load_address>
         <run_address>0x312e78</run_address>
         <size>0x148</size>
         <input_file_ref idref="fl-31"/>
      </object_component>
      <object_component id="oc-4d9">
         <name>.text</name>
         <load_address>0x312fc0</load_address>
         <run_address>0x312fc0</run_address>
         <size>0x137</size>
         <input_file_ref idref="fl-a8"/>
      </object_component>
      <object_component id="oc-d8">
         <name>.text:retain</name>
         <load_address>0x3130f7</load_address>
         <run_address>0x3130f7</run_address>
         <size>0x135</size>
         <input_file_ref idref="fl-14"/>
      </object_component>
      <object_component id="oc-5ca">
         <name>.text</name>
         <load_address>0x31322c</load_address>
         <run_address>0x31322c</run_address>
         <size>0x134</size>
         <input_file_ref idref="fl-81"/>
      </object_component>
      <object_component id="oc-58c">
         <name>.text</name>
         <load_address>0x313360</load_address>
         <run_address>0x313360</run_address>
         <size>0x133</size>
         <input_file_ref idref="fl-a6"/>
      </object_component>
      <object_component id="oc-554">
         <name>.text</name>
         <load_address>0x313493</load_address>
         <run_address>0x313493</run_address>
         <size>0x129</size>
         <input_file_ref idref="fl-4f"/>
      </object_component>
      <object_component id="oc-583">
         <name>.text</name>
         <load_address>0x3135bc</load_address>
         <run_address>0x3135bc</run_address>
         <size>0x123</size>
         <input_file_ref idref="fl-85"/>
      </object_component>
      <object_component id="oc-509">
         <name>.text</name>
         <load_address>0x3136df</load_address>
         <run_address>0x3136df</run_address>
         <size>0x121</size>
         <input_file_ref idref="fl-c0"/>
      </object_component>
      <object_component id="oc-527">
         <name>.text</name>
         <load_address>0x313800</load_address>
         <run_address>0x313800</run_address>
         <size>0x110</size>
         <input_file_ref idref="fl-95"/>
      </object_component>
      <object_component id="oc-52a">
         <name>.text</name>
         <load_address>0x313910</load_address>
         <run_address>0x313910</run_address>
         <size>0x108</size>
         <input_file_ref idref="fl-82"/>
      </object_component>
      <object_component id="oc-3d8">
         <name>.text</name>
         <load_address>0x313a18</load_address>
         <run_address>0x313a18</run_address>
         <size>0x107</size>
         <input_file_ref idref="fl-d2"/>
      </object_component>
      <object_component id="oc-4e6">
         <name>.text</name>
         <load_address>0x313b1f</load_address>
         <run_address>0x313b1f</run_address>
         <size>0xf7</size>
         <input_file_ref idref="fl-11"/>
      </object_component>
      <object_component id="oc-4f1">
         <name>.text</name>
         <load_address>0x313c16</load_address>
         <run_address>0x313c16</run_address>
         <size>0xf6</size>
         <input_file_ref idref="fl-12"/>
      </object_component>
      <object_component id="oc-598">
         <name>.text</name>
         <load_address>0x313d0c</load_address>
         <run_address>0x313d0c</run_address>
         <size>0xef</size>
         <input_file_ref idref="fl-7b"/>
      </object_component>
      <object_component id="oc-567">
         <name>.text</name>
         <load_address>0x313dfb</load_address>
[...]
      </symbol>
      <symbol id="sm-1541">
         <name>_SendChar</name>
         <value>0xfada</value>
         <object_component_ref idref="oc-34e"/>
      </symbol>
      <symbol id="sm-1542">
         <name>_UART_AutoBaud_Test</name>
         <value>0x312ca0</value>
         <object_component_ref idref="oc-4da"/>
      </symbol>
      <symbol id="sm-1553">
         <name>_printf</name>
         <value>0x31696c</value>
         <object_component_ref idref="oc-4fe"/>
      </symbol>
      <symbol id="sm-16b7">
         <name>___TI_printfi</name>
         <value>0x30c278</value>
         <object_component_ref idref="oc-4ff"/>
      </symbol>
      <symbol id="sm-16c6">
         <name>_sprintf</name>
         <value>0x316a31</value>
         <object_component_ref idref="oc-4e3"/>
      </symbol>
      <symbol id="sm-16d8">
         <name>___TI_closefile</name>
         <value>0x3161bf</value>
         <object_component_ref idref="oc-50d"/>
      </symbol>
      <symbol id="sm-16da">
         <name>_fclose</name>
         <value>0x316203</value>
         <object_component_ref idref="oc-50d"/>
      </symbol>
      <symbol id="sm-16e7">
         <name>_feof</name>
         <value>0x316f23</value>
         <object_component_ref idref="oc-50a"/>
      </symbol>
      <symbol id="sm-16fe">
         <name>___TI_doflush</name>
         <value>0x315d9d</value>
         <object_component_ref idref="oc-542"/>
      </symbol>
      <symbol id="sm-1700">
         <name>_fflush</name>
         <value>0x315dcc</value>
         <object_component_ref idref="oc-542"/>
      </symbol>
      <symbol id="sm-1714">
         <name>_getchar</name>
         <value>0x3164bf</value>
         <object_component_ref idref="oc-508"/>
      </symbol>
      <symbol id="sm-1716">
         <name>_getc</name>
         <value>0x316474</value>
         <object_component_ref idref="oc-508"/>
      </symbol>
      <symbol id="sm-1717">
         <name>_fgetc</name>
         <value>0x316474</value>
         <object_component_ref idref="oc-508"/>
      </symbol>
      <symbol id="sm-1753">
         <name>_fopen</name>
         <value>0x3137b9</value>
         <object_component_ref idref="oc-509"/>
      </symbol>
      <symbol id="sm-1755">
         <name>___TI_cleanup</name>
         <value>0x31377e</value>
         <object_component_ref idref="oc-509"/>
      </symbol>
      <symbol id="sm-1757">
         <name>_freopen</name>
         <value>0x31379b</value>
         <object_component_ref idref="oc-509"/>
      </symbol>
      <symbol id="sm-176b">
         <name>_putchar</name>
         <value>0x3163cc</value>
         <object_component_ref idref="oc-51b"/>
      </symbol>
      <symbol id="sm-176d">
         <name>_putc</name>
         <value>0x31637e</value>
         <object_component_ref idref="oc-51b"/>
      </symbol>
      <symbol id="sm-176e">
         <name>_fputc</name>
         <value>0x31637e</value>
         <object_component_ref idref="oc-51b"/>
      </symbol>
      <symbol id="sm-178c">
         <name>_puts</name>
         <value>0x3150e2</value>
         <object_component_ref idref="oc-51c"/>
      </symbol>
      <symbol id="sm-178e">
         <name>_fputs</name>
         <value>0x31504d</value>
         <object_component_ref idref="oc-51c"/>
      </symbol>
      <symbol id="sm-17a9">
         <name>_fread</name>
         <value>0x31523c</value>
         <object_component_ref idref="oc-50e"/>
      </symbol>
      <symbol id="sm-17ba">
         <name>_fseek</name>
         <value>0x316730</value>
         <object_component_ref idref="oc-50b"/>
      </symbol>
      <symbol id="sm-17bb">
         <name>_fseeko</name>
         <value>0x316730</value>
         <object_component_ref idref="oc-50b"/>
      </symbol>
      <symbol id="sm-17cd">
         <name>_ftello</name>
         <value>0x31681b</value>
         <object_component_ref idref="oc-50c"/>
      </symbol>
      <symbol id="sm-17cf">
         <name>_ftell</name>
         <value>0x31681b</value>
         <object_component_ref idref="oc-50c"/>
      </symbol>
      <symbol id="sm-17e1">
         <name>___TI_buff_read</name>
         <value>0x3163d1</value>
         <object_component_ref idref="oc-53f"/>
      </symbol>
      <symbol id="sm-17f9">
         <name>___TI_rd_ok</name>
         <value>0x3160d6</value>
         <object_component_ref idref="oc-53e"/>
      </symbol>
      <symbol id="sm-17fb">
         <name>___TI_wrt_ok</name>
         <value>0x31609c</value>
         <object_component_ref idref="oc-53e"/>
      </symbol>
      <symbol id="sm-1813">
         <name>_setvbuf</name>
         <value>0x315ac7</value>
         <object_component_ref idref="oc-5b1"/>
      </symbol>
      <symbol id="sm-182f">
         <name>_c_int00</name>
         <value>0x316328</value>
         <object_component_ref idref="oc-49"/>
      </symbol>
      <symbol id="sm-1830">
         <name>__stack</name>
         <value>0x9000</value>
         <object_component_ref idref="oc-3aa"/>
      </symbol>
      <symbol id="sm-1840">
         <name>FD$$CMP</name>
         <value>0x316b77</value>
         <object_component_ref idref="oc-3b0"/>
      </symbol>
      <symbol id="sm-1852">
         <name>FD$$MPY</name>
         <value>0x3159c3</value>
         <object_component_ref idref="oc-3b5"/>
      </symbol>
      <symbol id="sm-185f">
         <name>FD$$NEG</name>
         <value>0x316f7e</value>
         <object_component_ref idref="oc-3ba"/>
      </symbol>
      <symbol id="sm-186b">
         <name>FD$$SUB</name>
         <value>0x316f44</value>
         <object_component_ref idref="oc-3bf"/>
      </symbol>
      <symbol id="sm-187a">
         <name>FD$$TOI</name>
         <value>0x316cfc</value>
         <object_component_ref idref="oc-3c4"/>
      </symbol>
      <symbol id="sm-1889">
         <name>FD$$TOL</name>
         <value>0x316d3d</value>
         <object_component_ref idref="oc-3c9"/>
      </symbol>
      <symbol id="sm-1895">
         <name>LL$$AND</name>
         <value>0x316e55</value>
         <object_component_ref idref="oc-3ce"/>
      </symbol>
      <symbol id="sm-1896">
         <name>LL$$OR</name>
         <value>0x316e5d</value>
         <object_component_ref idref="oc-3ce"/>
      </symbol>
      <symbol id="sm-1897">
         <name>LL$$XOR</name>
         <value>0x316e65</value>
         <object_component_ref idref="oc-3ce"/>
      </symbol>
      <symbol id="sm-18a5">
         <name>ULL$$CMP</name>
         <value>0x316d8c</value>
         <object_component_ref idref="oc-3d3"/>
      </symbol>
      <symbol id="sm-18a6">
         <name>LL$$CMP</name>
         <value>0x316d7a</value>
         <object_component_ref idref="oc-3d3"/>
      </symbol>
      <symbol id="sm-18d2">
         <name>ULL$$MOD</name>
         <value>0x313abd</value>
         <object_component_ref idref="oc-3d8"/>
      </symbol>
      <symbol id="sm-18d3">
         <name>ULL$$DIV</name>
         <value>0x313a8e</value>
         <object_component_ref idref="oc-3d8"/>
      </symbol>
      <symbol id="sm-18d4">
         <name>LL$$MOD</name>
         <value>0x313a54</value>
         <object_component_ref idref="oc-3d8"/>
      </symbol>
      <symbol id="sm-18d5">
         <name>LL$$DIV</name>
         <value>0x313a18</value>
         <object_component_ref idref="oc-3d8"/>
      </symbol>
      <symbol id="sm-18e5">
         <name>I$$TOFD</name>
         <value>0x316d98</value>
         <object_component_ref idref="oc-3dd"/>
      </symbol>
      <symbol id="sm-18f5">
         <name>L$$TOFD</name>
         <value>0x316dee</value>
         <object_component_ref idref="oc-3e2"/>
      </symbol>
      <symbol id="sm-1905">
         <name>FS$$TOFD</name>
         <value>0x316dd2</value>
         <object_component_ref idref="oc-3e7"/>
      </symbol>
      <symbol id="sm-191c">
         <name>FD$$DIV</name>
         <value>0x315826</value>
         <object_component_ref idref="oc-3ec"/>
      </symbol>
      <symbol id="sm-192b">
         <name>_copy_in</name>
         <value>0x316c90</value>
         <object_component_ref idref="oc-4d5"/>
      </symbol>
      <symbol id="sm-193d">
         <name>_memcpy</name>
         <value>0x316db5</value>
         <object_component_ref idref="oc-4db"/>
      </symbol>
      <symbol id="sm-194a">
         <name>__system_pre_init</name>
         <value>0x316fac</value>
         <object_component_ref idref="oc-4d4"/>
      </symbol>
      <symbol id="sm-1958">
         <name>__system_post_cinit</name>
         <value>0x30b737</value>
         <object_component_ref idref="oc-4d6"/>
      </symbol>
      <symbol id="sm-196d">
         <name>C$$EXIT</name>
         <value>0x316bcb</value>
         <object_component_ref idref="oc-4d8"/>
      </symbol>
      <symbol id="sm-196e">
         <name>_exit</name>
         <value>0x316bcd</value>
         <object_component_ref idref="oc-4d8"/>
      </symbol>
      <symbol id="sm-1970">
         <name>___TI_cleanup_ptr</name>
         <value>0xfad4</value>
         <object_component_ref idref="oc-407"/>
      </symbol>
      <symbol id="sm-1971">
         <name>___TI_enable_exit_profile_output</name>
         <value>0xfad2</value>
         <object_component_ref idref="oc-407"/>
      </symbol>
      <symbol id="sm-1972">
         <name>_abort</name>
         <value>0x316bcb</value>
         <object_component_ref idref="oc-4d8"/>
      </symbol>
      <symbol id="sm-1974">
         <name>___TI_dtors_ptr</name>
         <value>0xfad6</value>
         <object_component_ref idref="oc-407"/>
      </symbol>
      <symbol id="sm-1988">
         <name>__unlock</name>
         <value>0xfade</value>
         <object_component_ref idref="oc-502"/>
      </symbol>
      <symbol id="sm-1989">
         <name>__lock</name>
         <value>0xf93e</value>
         <object_component_ref idref="oc-4dd"/>
      </symbol>
      <symbol id="sm-198a">
         <name>__register_lock</name>
         <value>0x316f79</value>
         <object_component_ref idref="oc-4f2"/>
      </symbol>
      <symbol id="sm-198c">
         <name>__nop</name>
         <value>0x316f7d</value>
         <object_component_ref idref="oc-4f2"/>
      </symbol>
      <symbol id="sm-198e">
         <name>__register_unlock</name>
         <value>0x316f75</value>
         <object_component_ref idref="oc-4f2"/>
      </symbol>
      <symbol id="sm-199d">
         <name>___TI_ltoa</name>
         <value>0x316ac4</value>
         <object_component_ref idref="oc-57d"/>
      </symbol>
      <symbol id="sm-19ad">
         <name>__args_main</name>
         <value>0x316f00</value>
         <object_component_ref idref="oc-4d7"/>
      </symbol>
      <symbol id="sm-19c2">
         <name>_atoi</name>
         <value>0x316a63</value>
         <object_component_ref idref="oc-51f"/>
      </symbol>
      <symbol id="sm-19cb">
         <name>__ctypes_</name>
         <value>0x31af53</value>
         <object_component_ref idref="oc-57c"/>
      </symbol>
      <symbol id="sm-19dc">
         <name>___TI_ft_end</name>
         <value>0xfae2</value>
         <object_component_ref idref="oc-424"/>
      </symbol>
      <symbol id="sm-19dd">
         <name>___TI_tmpnams</name>
         <value>0xf940</value>
         <object_component_ref idref="oc-545"/>
      </symbol>
      <symbol id="sm-19de">
         <name>__ftable</name>
         <value>0xfa00</value>
         <object_component_ref idref="oc-51d"/>
      </symbol>
      <symbol id="sm-19ed">
         <name>_memccpy</name>
         <value>0x316f34</value>
         <object_component_ref idref="oc-523"/>
      </symbol>
      <symbol id="sm-19fd">
         <name>_memchr</name>
         <value>0x316f52</value>
         <object_component_ref idref="oc-57b"/>
      </symbol>
      <symbol id="sm-1a0c">
         <name>_memcmp</name>
         <value>0x316eed</value>
         <object_component_ref idref="oc-4fb"/>
      </symbol>
      <symbol id="sm-1a6a">
         <name>__sys_memory</name>
         <value>0x400</value>
         <object_component_ref idref="oc-438"/>
      </symbol>
      <symbol id="sm-1a6b">
         <name>___TI_heap_total_available</name>
         <value>0x310a92</value>
         <object_component_ref idref="oc-503"/>
      </symbol>
      <symbol id="sm-1a6d">
         <name>_realloc</name>
         <value>0x310937</value>
         <object_component_ref idref="oc-503"/>
      </symbol>
      <symbol id="sm-1a6f">
         <name>___TI_heap_check</name>
         <value>0x310acc</value>
         <object_component_ref idref="oc-503"/>
      </symbol>
      <symbol id="sm-1a71">
         <name>_free</name>
         <value>0x31086d</value>
         <object_component_ref idref="oc-503"/>
      </symbol>
      <symbol id="sm-1a73">
         <name>_memalign</name>
         <value>0x3109ec</value>
         <object_component_ref idref="oc-503"/>
      </symbol>
      <symbol id="sm-1a74">
         <name>_calloc</name>
         <value>0x3109bf</value>
         <object_component_ref idref="oc-503"/>
      </symbol>
      <symbol id="sm-1a76">
         <name>_malloc</name>
         <value>0x310842</value>
         <object_component_ref idref="oc-503"/>
      </symbol>
      <symbol id="sm-1a78">
         <name>_aligned_alloc</name>
         <value>0x3109ec</value>
         <object_component_ref idref="oc-503"/>
      </symbol>
      <symbol id="sm-1a7a">
         <name>_minit</name>
         <value>0x3109bb</value>
         <object_component_ref idref="oc-503"/>
      </symbol>
      <symbol id="sm-1a7c">
         <name>___TI_heap_largest_available</name>
         <value>0x310aaf</value>
         <object_component_ref idref="oc-503"/>
      </symbol>
      <symbol id="sm-1a8b">
         <name>_memset</name>
         <value>0x316fa0</value>
         <object_component_ref idref="oc-4df"/>
      </symbol>
      <symbol id="sm-1a9b">
         <name>_strchr</name>
         <value>0x316f5f</value>
         <object_component_ref idref="oc-580"/>
      </symbol>
      <symbol id="sm-1aaa">
         <name>_strcmp</name>
         <value>0x316f6b</value>
         <object_component_ref idref="oc-4f4"/>
      </symbol>
      <symbol id="sm-1ab8">
         <name>_strcpy</name>
         <value>0x316fa7</value>
         <object_component_ref idref="oc-521"/>
      </symbol>
      <symbol id="sm-1ac6">
         <name>_strlen</name>
         <value>0x316f98</value>
         <object_component_ref idref="oc-520"/>
      </symbol>
      <symbol id="sm-1ad1">
         <name>_errno</name>
         <value>0xfae3</value>
         <object_component_ref idref="oc-458"/>
      </symbol>
      <symbol id="sm-1ade">
         <name>_write</name>
         <value>0x316e3c</value>
         <object_component_ref idref="oc-57a"/>
      </symbol>
      <symbol id="sm-1aef">
         <name>__device</name>
         <value>0xfa80</value>
         <object_component_ref idref="oc-603"/>
      </symbol>
      <symbol id="sm-1af0">
         <name>__stream</name>
         <value>0xf5ca</value>
         <object_component_ref idref="oc-5b2"/>
      </symbol>
      <symbol id="sm-1afc">
         <name>_remove</name>
         <value>0x30fffd</value>
         <object_component_ref idref="oc-546"/>
      </symbol>
      <symbol id="sm-1b0a">
         <name>_read</name>
         <value>0x316e0a</value>
         <object_component_ref idref="oc-540"/>
      </symbol>
      <symbol id="sm-1b26">
         <name>_open</name>
         <value>0x315e81</value>
         <object_component_ref idref="oc-541"/>
      </symbol>
      <symbol id="sm-1b34">
         <name>_lseek</name>
         <value>0x316e6d</value>
         <object_component_ref idref="oc-543"/>
      </symbol>
      <symbol id="sm-1b45">
         <name>_close</name>
         <value>0x31699a</value>
         <object_component_ref idref="oc-544"/>
      </symbol>
      <symbol id="sm-1b59">
         <name>_frexpl</name>
         <value>0x316277</value>
         <object_component_ref idref="oc-57e"/>
      </symbol>
      <symbol id="sm-1b78">
         <name>_scalbnl</name>
         <value>0x314fa4</value>
         <object_component_ref idref="oc-57f"/>
      </symbol>
      <symbol id="sm-1b7a">
         <name>_ldexpl</name>
         <value>0x314fa4</value>
         <object_component_ref idref="oc-57f"/>
      </symbol>
      <symbol id="sm-1b87">
         <name>_copysignl</name>
         <value>0x316cd8</value>
         <object_component_ref idref="oc-5ec"/>
      </symbol>
      <symbol id="sm-1b96">
         <name>_wcslen</name>
         <value>0x316f87</value>
         <object_component_ref idref="oc-524"/>
      </symbol>
      <symbol id="sm-1ba8">
         <name>_finddevice</name>
         <value>0x316423</value>
         <object_component_ref idref="oc-5b4"/>
      </symbol>
      <symbol id="sm-1baa">
         <name>_getdevice</name>
         <value>0x31643e</value>
         <object_component_ref idref="oc-5b4"/>
      </symbol>
      <symbol id="sm-1bc6">
         <name>FD$$ADD</name>
         <value>0x31541a</value>
         <object_component_ref idref="oc-497"/>
      </symbol>
      <symbol id="sm-1bd2">
         <name>UL$$MOD</name>
         <value>0x316bc5</value>
         <object_component_ref idref="oc-49c"/>
      </symbol>
      <symbol id="sm-1bd3">
         <name>L$$MOD</name>
         <value>0x316bb0</value>
         <object_component_ref idref="oc-49c"/>
      </symbol>
      <symbol id="sm-1bd4">
         <name>L$$DIV</name>
         <value>0x316ba1</value>
         <object_component_ref idref="oc-49c"/>
      </symbol>
      <symbol id="sm-1bd5">
         <name>UL$$DIV</name>
         <value>0x316bbe</value>
         <object_component_ref idref="oc-49c"/>
      </symbol>
      <symbol id="sm-1be5">
         <name>_strncpy</name>
         <value>0x316eb1</value>
         <object_component_ref idref="oc-605"/>
      </symbol>
      <symbol id="sm-1bf2">
         <name>_unlink</name>
         <value>0x316e23</value>
         <object_component_ref idref="oc-5b5"/>
      </symbol>
      <symbol id="sm-1bff">
         <name>_HOSTclose</name>
         <value>0x316c44</value>
         <object_component_ref idref="oc-609"/>
      </symbol>
      <symbol id="sm-1c0c">
         <name>_HOSTlseek</name>
         <value>0x31621c</value>
         <object_component_ref idref="oc-60c"/>
      </symbol>
      <symbol id="sm-1c1c">
         <name>_parmbuf</name>
         <value>0xf9f8</value>
         <object_component_ref idref="oc-60f"/>
      </symbol>
      <symbol id="sm-1c1d">
         <name>_HOSTopen</name>
         <value>0x316854</value>
         <object_component_ref idref="oc-608"/>
      </symbol>
      <symbol id="sm-1c2b">
         <name>_HOSTread</name>
         <value>0x316930</value>
         <object_component_ref idref="oc-60a"/>
      </symbol>
      <symbol id="sm-1c38">
         <name>_HOSTrename</name>
         <value>0x3166f2</value>
         <object_component_ref idref="oc-60e"/>
      </symbol>
      <symbol id="sm-1c45">
         <name>_HOSTunlink</name>
         <value>0x316cb4</value>
         <object_component_ref idref="oc-60d"/>
      </symbol>
      <symbol id="sm-1c53">
         <name>_HOSTwrite</name>
         <value>0x31688c</value>
         <object_component_ref idref="oc-60b"/>
      </symbol>
      <symbol id="sm-1c6d">
         <name>___TI_readmsg</name>
         <value>0x3155aa</value>
         <object_component_ref idref="oc-610"/>
      </symbol>
      <symbol id="sm-1c6f">
         <name>C$$IO$$</name>
         <value>0x3155a5</value>
         <object_component_ref idref="oc-610"/>
      </symbol>
      <symbol id="sm-1c70">
         <name>__CIOBUF_</name>
         <value>0x80</value>
         <object_component_ref idref="oc-4cf"/>
      </symbol>
      <symbol id="sm-1c71">
         <name>___TI_writemsg</name>
         <value>0x315552</value>
         <object_component_ref idref="oc-610"/>
      </symbol>
   </symbol_table>
   <title>Link successful</title>
</link_info>
